 ico

 Timestamp is 5998bc19 (Sun Aug 20 01:30:49 2017)

 Preferred load address is 10000000

 Start         Length     Name                   Class
 0001:00000000 0000b344H .text$mn                CODE
 0001:0000b344 00000000H .text$x                 CODE
 0002:00000000 00000158H .idata$5                DATA
 0002:00000158 00000004H .00cfg                  DATA
 0002:0000015c 00000004H .CRT$XCA                DATA
 0002:00000160 00000004H .CRT$XCZ                DATA
 0002:00000164 00000004H .CRT$XIA                DATA
 0002:00000168 0000000cH .CRT$XIC                DATA
 0002:00000174 00000004H .CRT$XIZ                DATA
 0002:00000178 00000004H .CRT$XPA                DATA
 0002:0000017c 00000008H .CRT$XPX                DATA
 0002:00000184 00000004H .CRT$XPXA               DATA
 0002:00000188 00000004H .CRT$XPZ                DATA
 0002:0000018c 00000004H .CRT$XTA                DATA
 0002:00000190 00000010H .CRT$XTZ                DATA
 0002:00000194 00000000H .gfids$x                DATA
 0002:00000194 00000000H .gfids$y                DATA
 0002:000001a0 00004a10H .rdata                  DATA
 0002:00004bb0 00000000H .rdata$r                DATA
 0002:00004bb0 0000000cH .rdata$sxdata           DATA
 0002:00004bbc 000002d8H .rdata$zzzdbg           DATA
 0002:00004e94 00000004H .rtc$IAA                DATA
 0002:00004e98 00000004H .rtc$IZZ                DATA
 0002:00004e9c 00000004H .rtc$TAA                DATA
 0002:00004ea0 00000008H .rtc$TZZ                DATA
 0002:00004ea8 00000398H .xdata$x                DATA
 0002:00005240 00000094H .edata                  DATA
 0002:000052d4 00000050H .idata$2                DATA
 0002:00005324 00000014H .idata$3                DATA
 0002:00005338 00000158H .idata$4                DATA
 0002:00005490 0000061aH .idata$6                DATA
 0003:00000000 00000770H .data                   DATA
 0003:00000770 00000000H .data$r                 DATA
 0003:00000770 00000a34H .bss                    DATA
 0004:00000000 000000a0H .rsrc$01                DATA
 0004:000000a0 00000480H .rsrc$02                DATA

  Address         Publics by Value              Rva+Base       Lib:Object

 0000:00000000       ___guard_iat_table         00000000     <absolute>
 0000:00000000       __except_list              00000000     <absolute>
 0000:00000000       ___guard_longjmp_count     00000000     <absolute>
 0000:00000000       ___guard_longjmp_table     00000000     <absolute>
 0000:00000000       ___guard_fids_count        00000000     <absolute>
 0000:00000000       ___guard_iat_count         00000000     <absolute>
 0000:00000000       ___guard_fids_table        00000000     <absolute>
 0000:00000000       ___dynamic_value_reloc_table 00000000     <absolute>
 0000:00000003       ___safe_se_handler_count   00000003     <absolute>
 0000:00000100       ___guard_flags             00000100     <absolute>
 0000:00000000       ___ImageBase               10000000     <linker-defined>
 0001:00000000       ?xf_free@@YAXPAXPBDH@Z     10001000 f   Memory.obj
 0001:0000002e       ??3@YAXPAX@Z               1000102e f   Memory.obj
 0001:0000003a       ??_GImage@Gdiplus@@UAEPAXI@Z 1000103a f i ico.obj
 0001:0000003a       ??_GBitmap@Gdiplus@@UAEPAXI@Z 1000103a f i ico.obj
 0001:0000003a       ??_EImage@Gdiplus@@UAEPAXI@Z 1000103a f i * CIL library *:* CIL module *
 0001:0000003a       ??_EBitmap@Gdiplus@@UAEPAXI@Z 1000103a f i * CIL library *:* CIL module *
 0001:00000075       ?Clone@Image@Gdiplus@@UAEPAV12@XZ 10001075 f i ico.obj
 0001:000000bf       ??1MStream@@UAE@XZ         100010bf f i ico.obj
 0001:000000f6       ?QueryInterface@MStream@@UAGJABU_GUID@@PAPAX@Z 100010f6 f i ico.obj
 0001:0000015e       ?AddRef@MStream@@UAGKXZ    1000115e f i ico.obj
 0001:00000177       ?Release@MStream@@UAGKXZ   10001177 f i ico.obj
 0001:0000019e       ?Read@MStream@@UAGJPAXKPAK@Z 1000119e f i ico.obj
 0001:00000200       ?Write@MStream@@UAGJPBXKPAK@Z 10001200 f i ico.obj
 0001:00000293       ?Seek@MStream@@UAGJT_LARGE_INTEGER@@KPAT_ULARGE_INTEGER@@@Z 10001293 f i ico.obj
 0001:0000030f       ?SetSize@MStream@@UAGJT_ULARGE_INTEGER@@@Z 1000130f f i ico.obj
 0001:00000389       ?CopyTo@MStream@@UAGJPAUIStream@@T_ULARGE_INTEGER@@PAT3@2@Z 10001389 f i ico.obj
 0001:00000389       ?UnlockRegion@MStream@@UAGJT_ULARGE_INTEGER@@0K@Z 10001389 f i ico.obj
 0001:00000389       ?LockRegion@MStream@@UAGJT_ULARGE_INTEGER@@0K@Z 10001389 f i ico.obj
 0001:00000391       ?Commit@MStream@@UAGJK@Z   10001391 f i ico.obj
 0001:000003a3       ?Revert@MStream@@UAGJXZ    100013a3 f i ico.obj
 0001:000003ab       ?Stat@MStream@@UAGJPAUtagSTATSTG@@K@Z 100013ab f i ico.obj
 0001:00000425       ?Clone@MStream@@UAGJPAPAUIStream@@@Z 10001425 f i ico.obj
 0001:0000042d       ??_EMStream@@UAEPAXI@Z     1000142d f i * CIL library *:* CIL module *
 0001:0000042d       ??_GMStream@@UAEPAXI@Z     1000142d f i ico.obj
 0001:0000044f       ?LoadPageInfo@@YAKPAUICONCONTEXT@@HAAI111PAPB_W@Z 1000144f f   ico.obj
 0001:0000057c       ?Decode1BPP@@YAPAEIIPAUtagRGBQUAD@@PAE1AAK@Z 1000157c f   ico.obj
 0001:0000063b       ?Decode4BPP@@YAPAEIIPAUtagRGBQUAD@@PAE1AAK@Z 1000163b f   ico.obj
 0001:00000728       ?Decode8BPP@@YAPAEAAIIPAUtagRGBQUAD@@PAE2AAK@Z 10001728 f   ico.obj
 0001:000007f5       ?Decode24BPP@@YAPAEAAIIPAE1AAK@Z 100017f5 f   ico.obj
 0001:00000998       ?Decode32BPP@@YAPAEAAIIPAE1AAK@Z 10001998 f   ico.obj
 0001:00000a60       ?DecodeDummy@@YAPAEIIAAK@Z 10001a60 f   ico.obj
 0001:00000a9d       ?Init@ICODecoder@@QAEHPAUCET_Init@@@Z 10001a9d f i ico.obj
 0001:00000b01       ?Close@ICODecoder@@QAEXXZ  10001b01 f i ico.obj
 0001:00000b39       ?Open@ICOImage@@QAEH_NPB_WPBEKU_COORD@@@Z 10001b39 f i ico.obj
 0001:00000cfa       ?PageDecode@ICOImage@@QAEHPAUCET_LoadInfo@@@Z 10001cfa f i ico.obj
 0001:00001075       ?GetPageBits@ICOImage@@QAEHPAUCET_LoadInfo@@@Z 10002075 f i ico.obj
 0001:0000119d       ?Close@ICOImage@@QAEXXZ    1000219d f i ico.obj
 0001:000011eb       ?CET_Init@@YGHPAU0@@Z      100021eb f   ico.obj
 0001:0000126c       ?CET_Done@@YGXPAUCET_Init@@@Z 1000226c f   ico.obj
 0001:000012a5       ?CET_Load@@YGHPAUCET_LoadInfo@@@Z 100022a5 f   ico.obj
 0001:000013f3       ?CET_Free@@YGXPAUCET_LoadInfo@@@Z 100023f3 f   ico.obj
 0001:0000142c       ?CET_Cancel@@YGXPAX@Z      1000242c f   ico.obj
 0001:00001449       ?__global_delete@@YAXPAXI@Z 10002449 f i * CIL library *:* CIL module *
 0001:00001449       @_guard_check_icall_nop@4  10002449 f i LIBCMT:guard_support.obj
 0001:00001449       ?__empty_global_delete@@YAXPAXI@Z 10002449 f i ico.obj
 0001:0000144a       @__security_check_cookie@4 1000244a f   LIBCMT:_secchk_.obj
 0001:0000145b       ___raise_securityfailure   1000245b f   LIBCMT:gs_report.obj
 0001:00001483       ___report_gsfailure        10002483 f   LIBCMT:gs_report.obj
 0001:0000157e       ??3@YAXPAXI@Z              1000257e f   LIBCMT:delete_scalar_size.obj
 0001:00001886       __DllMainCRTStartup@12     10002886 f   LIBCMT:dll_dllmain.obj
 0001:000018a9       ___security_init_cookie    100028a9 f   LIBCMT:gs_support.obj
 0001:00001945       _DllMain@12                10002945 f   LIBCMT:dll_dllmain_stub.obj
 0001:0000194b       ?__scrt_initialize_type_info@@YAXXZ 1000294b f   LIBCMT:tncleanup.obj
 0001:00001957       ?__scrt_uninitialize_type_info@@YAXXZ 10002957 f   LIBCMT:tncleanup.obj
 0001:00001963       ___local_stdio_printf_options 10002963 f i LIBCMT:default_local_stdio_options.obj
 0001:00001969       ___local_stdio_scanf_options 10002969 f i LIBCMT:default_local_stdio_options.obj
 0001:0000196f       ___scrt_initialize_default_local_stdio_options 1000296f f   LIBCMT:default_local_stdio_options.obj
 0001:000019d0       ___scrt_acquire_startup_lock 100029d0 f   LIBCMT:utility.obj
 0001:00001a05       ___scrt_dllmain_after_initialize_c 10002a05 f   LIBCMT:utility.obj
 0001:00001a30       ___scrt_dllmain_before_initialize_c 10002a30 f   LIBCMT:utility.obj
 0001:00001a3e       ___scrt_dllmain_crt_thread_attach 10002a3e f   LIBCMT:utility.obj
 0001:00001a5d       ___scrt_dllmain_crt_thread_detach 10002a5d f   LIBCMT:utility.obj
 0001:00001a6a       ___scrt_dllmain_exception_filter 10002a6a f   LIBCMT:utility.obj
 0001:00001a9d       ___scrt_dllmain_uninitialize_c 10002a9d f   LIBCMT:utility.obj
 0001:00001ac0       ___scrt_dllmain_uninitialize_critical 10002ac0 f   LIBCMT:utility.obj
 0001:00001acd       ___scrt_initialize_crt     10002acd f   LIBCMT:utility.obj
 0001:00001b06       ___scrt_initialize_onexit_tables 10002b06 f   LIBCMT:utility.obj
 0001:00001bb0       ___scrt_is_nonwritable_in_current_image 10002bb0 f   LIBCMT:utility.obj
 0001:00001c3a       ___scrt_release_startup_lock 10002c3a f   LIBCMT:utility.obj
 0001:00001c57       ___scrt_uninitialize_crt   10002c57 f   LIBCMT:utility.obj
 0001:00001c7f       ___scrt_get_dyn_tls_init_callback 10002c7f f   LIBCMT:dyn_tls_init.obj
 0001:00001c85       ___scrt_fastfail           10002c85 f   LIBCMT:utility_desktop.obj
 0001:00001da0       __crt_debugger_hook        10002da0 f   LIBCMT:utility_desktop.obj
 0001:00001da8       __RTC_Initialize           10002da8 f   LIBCMT:_initsect_.obj
 0001:00001dd3       __RTC_Terminate            10002dd3 f   LIBCMT:_initsect_.obj
 0001:00001dfe       @_guard_check_icall@4      10002dfe f i LIBCMT:checkcfg.obj
 0001:00001e10       __SEH_prolog4              10002e10 f   LIBCMT:_sehprolg4_.obj
 0001:00001e56       __SEH_epilog4              10002e56 f   LIBCMT:_sehprolg4_.obj
 0001:00001e6c       ___isa_available_init      10002e6c f   LIBCMT:_cpu_disp_.obj
 0001:0000200b       __get_startup_argv_mode    1000300b f   LIBCMT:argv_mode.obj
 0001:0000200f       ___scrt_is_ucrt_dll_in_use 1000300f f   LIBCMT:ucrt_detection.obj
 0001:0000201b       ___DestructExceptionObject 1000301b f   libvcruntime:frame.obj
 0001:000020af       ?_CallMemberFunction0@@YGXQAX0@Z 100030af f i libvcruntime:frame.obj
 0001:000020c0       _strrchr                   100030c0 f   libvcruntime:strrchr.obj
 0001:00002200       _memmove                   10003200 f   libvcruntime:memmove.obj
 0001:000027c0       __except_handler4          100037c0 f   libvcruntime:_chandler4_.obj
 0001:00002930       _strchr                    10003930 f   libvcruntime:strchr.obj
 0001:0000299e       ___from_strstr_to_strchr   1000399e     libvcruntime:strchr.obj
 0001:00002a5b       ___std_type_info_destroy_list 10003a5b f   libvcruntime:std_type_info.obj
 0001:00002a7e       ___vcrt_initialize         10003a7e f   libvcruntime:initialization.obj
 0001:00002aa7       ___vcrt_thread_attach      10003aa7 f   libvcruntime:initialization.obj
 0001:00002ab2       ___vcrt_thread_detach      10003ab2 f   libvcruntime:initialization.obj
 0001:00002abd       ___vcrt_uninitialize       10003abd f   libvcruntime:initialization.obj
 0001:00002adc       ___vcrt_uninitialize_critical 10003adc f   libvcruntime:initialization.obj
 0001:00002af0       _memset                    10003af0 f   libvcruntime:memset.obj
 0001:00002c4a       ___vcrt_freefls@4          10003c4a f   libvcruntime:per_thread_data.obj
 0001:00002c66       ___vcrt_freeptd            10003c66 f   libvcruntime:per_thread_data.obj
 0001:00002c9c       ___vcrt_getptd_noexit      10003c9c f   libvcruntime:per_thread_data.obj
 0001:00002d2e       ___vcrt_initialize_ptd     10003d2e f   libvcruntime:per_thread_data.obj
 0001:00002d61       ___vcrt_uninitialize_ptd   10003d61 f   libvcruntime:per_thread_data.obj
 0001:00002d80       __CallSettingFrame@12      10003d80 f   libvcruntime:lowhelpr.obj
 0001:00002da7       __NLG_Return               10003da7     libvcruntime:lowhelpr.obj
 0001:00002dcc       ___except_validate_context_record 10003dcc f   libvcruntime:jbcxrval.obj
 0001:00002dfc       ___except_validate_jump_buffer 10003dfc f   libvcruntime:jbcxrval.obj
 0001:00002e30       __local_unwind4            10003e30 f   libvcruntime:_exsup4_.obj
 0001:00002f06       __seh_longjmp_unwind4@4    10003f06 f   libvcruntime:_exsup4_.obj
 0001:00002f2e       @_EH4_CallFilterFunc@8     10003f2e f   libvcruntime:_exsup4_.obj
 0001:00002f45       @_EH4_TransferToHandler@8  10003f45 f   libvcruntime:_exsup4_.obj
 0001:00002f5e       @_EH4_GlobalUnwind2@8      10003f5e f   libvcruntime:_exsup4_.obj
 0001:00002f77       @_EH4_LocalUnwind@16       10003f77 f   libvcruntime:_exsup4_.obj
 0001:00002f8e       ___vcrt_initialize_locks   10003f8e f   libvcruntime:locks.obj
 0001:00002fca       ___vcrt_uninitialize_locks 10003fca f   libvcruntime:locks.obj
 0001:00002ffc       ??$__crt_fast_encode_pointer@PAX@@YAPAXQAX@Z 10003ffc f i libvcruntime:winapi_downlevel.obj
 0001:0000315f       ___vcrt_FlsAlloc           1000415f f   libvcruntime:winapi_downlevel.obj
 0001:00003199       ___vcrt_FlsFree            10004199 f   libvcruntime:winapi_downlevel.obj
 0001:000031d3       ___vcrt_FlsGetValue        100041d3 f   libvcruntime:winapi_downlevel.obj
 0001:0000320d       ___vcrt_FlsSetValue        1000420d f   libvcruntime:winapi_downlevel.obj
 0001:0000324a       ___vcrt_InitializeCriticalSectionEx 1000424a f   libvcruntime:winapi_downlevel.obj
 0001:00003290       ___vcrt_initialize_winapi_thunks 10004290 f   libvcruntime:winapi_downlevel.obj
 0001:000032ca       ___vcrt_uninitialize_winapi_thunks 100042ca f   libvcruntime:winapi_downlevel.obj
 0001:000032fc       ___vcrt_initialize_pure_virtual_call_handler 100042fc f   libvcruntime:purevirt_data.obj
 0001:00003320       __global_unwind2           10004320 f   libvcruntime:_exsup_.obj
 0001:00003385       __local_unwind2            10004385 f   libvcruntime:_exsup_.obj
 0001:00003409       __abnormal_termination     10004409 f   libvcruntime:_exsup_.obj
 0001:0000342c       __NLG_Notify1              1000442c f   libvcruntime:_exsup_.obj
 0001:00003435       __NLG_Notify               10004435 f   libvcruntime:_exsup_.obj
 0001:0000344c       __NLG_Dispatch2            1000444c     libvcruntime:_exsup_.obj
 0001:0000344c       __NLG_Dispatch             1000444c     libvcruntime:_exsup_.obj
 0001:00003454       __NLG_Call                 10004454 f   libvcruntime:_exsup_.obj
 0001:00003456       __NLG_Return2              10004456     libvcruntime:_exsup_.obj
 0001:00003457       _wcsncmp                   10004457 f   libucrt:wcsncmp.obj
 0001:00003491       __initterm                 10004491 f   libucrt:initterm.obj
 0001:000034ed       __initterm_e               100044ed f   libucrt:initterm.obj
 0001:00003532       __seh_filter_dll           10004532 f   libucrt:exception_filter.obj
 0001:00003552       __seh_filter_exe           10004552 f   libucrt:exception_filter.obj
 0001:000038e0       ___acrt_initialize_thread_local_exit_callback 100048e0 f   libucrt:exit.obj
 0001:000038ef       __cexit                    100048ef f   libucrt:exit.obj
 0001:000038fe       __exit                     100048fe f   libucrt:exit.obj
 0001:00003914       __is_c_termination_complete 10004914 f   libucrt:exit.obj
 0001:00003bb3       ___acrt_allocate_buffer_for_argv 10004bb3 f   libucrt:argv_parsing.obj
 0001:00003c08       __configure_narrow_argv    10004c08 f   libucrt:argv_parsing.obj
 0001:00003d6c       ??$uninitialize@A6AXAAPAPAD@Z@?$dual_state_global@PAPAD@__crt_state_management@@QAEXA6AXAAPAPAD@Z@Z 10004d6c f i libucrt:environment_initialization.obj
 0001:00003d6c       ??$uninitialize@A6AXAAPAPA_W@Z@?$dual_state_global@PAPA_W@__crt_state_management@@QAEXA6AXAAPAPA_W@Z@Z 10004d6c f i libucrt:environment_initialization.obj
 0001:00003de2       ___dcrt_uninitialize_environments_nolock 10004de2 f   libucrt:environment_initialization.obj
 0001:00003e19       __initialize_narrow_environment 10004e19 f   libucrt:environment_initialization.obj
 0001:00003e1e       ??$?RV<lambda_995298e7d72eb4c2aab26c0585b3abe5>@@AAV<lambda_275893d493268fdec8709772e3fcec0e>@@V<lambda_293819299cbf9a7022e18b56a874bb5c>@@@?$__crt_seh_guarded_call@H@@QAEH$$QAV<lambda_995298e7d72eb4c2aab26c0585b3abe5>@@AAV<lambda_275893d493268fdec8709772e3fcec0e>@@$$QAV<lambda_293819299cbf9a7022e18b56a874bb5c>@@@Z 10004e1e f i libucrt:onexit.obj
 0001:00003e6f       ??$__acrt_lock_and_call@V<lambda_275893d493268fdec8709772e3fcec0e>@@@@YAHW4__acrt_lock_id@@$$QAV<lambda_275893d493268fdec8709772e3fcec0e>@@@Z 10004e6f f i libucrt:onexit.obj
 0001:00003fb7       __execute_onexit_table     10004fb7 f   libucrt:onexit.obj
 0001:00003fd4       __initialize_onexit_table  10004fd4 f   libucrt:onexit.obj
 0001:00004045       ___acrt_uninitialize_command_line 10005045 f   libucrt:argv_data.obj
 0001:00004105       ___acrt_initialize         10005105 f   libucrt:initialization.obj
 0001:00004117       ___acrt_thread_attach      10005117 f   libucrt:initialization.obj
 0001:00004122       ___acrt_thread_detach      10005122 f   libucrt:initialization.obj
 0001:0000412a       ___acrt_uninitialize       1000512a f   libucrt:initialization.obj
 0001:0000413c       ___acrt_uninitialize_critical 1000513c f   libucrt:initialization.obj
 0001:0000414e       _terminate                 1000514e f   libucrt:terminate.obj
 0001:0000418a       __free_base                1000518a f   libucrt:free_base.obj
 0001:000041c4       __malloc_base              100051c4 f   libucrt:malloc_base.obj
 0001:00004212       _strcpy_s                  10005212 f   libucrt:strcpy_s.obj
 0001:0000426c       _abort                     1000526c f   libucrt:abort.obj
 0001:000042af       __calloc_base              100052af f   libucrt:calloc_base.obj
 0001:0000430c       ??0_LocaleUpdate@@QAE@QAU__crt_locale_pointers@@@Z 1000530c f i libucrt:output.obj
 0001:0000438f       ??$?RV<lambda_3518db117f0e7cdb002338c5d3c47b6c>@@AAV<lambda_b2ea41f6bbb362cd97d94c6828d90b61>@@V<lambda_abdedf541bb04549bc734292b4a045d4>@@@?$__crt_seh_guarded_call@X@@QAEX$$QAV<lambda_3518db117f0e7cdb002338c5d3c47b6c>@@AAV<lambda_b2ea41f6bbb362cd97d94c6828d90b61>@@$$QAV<lambda_abdedf541bb04549bc734292b4a045d4>@@@Z 1000538f f i libucrt:per_thread_data.obj
 0001:000043df       ??$?RV<lambda_51b6e8b1eb166f2a3faf91f424b38130>@@AAV<lambda_6250bd4b2a391816dd638c3bf72b0bcb>@@V<lambda_0b5a4a3e68152e1d9b943535f5f47bed>@@@?$__crt_seh_guarded_call@X@@QAEX$$QAV<lambda_51b6e8b1eb166f2a3faf91f424b38130>@@AAV<lambda_6250bd4b2a391816dd638c3bf72b0bcb>@@$$QAV<lambda_0b5a4a3e68152e1d9b943535f5f47bed>@@@Z 100053df f i libucrt:per_thread_data.obj
 0001:00004440       ??$?RV<lambda_5b71d36f03204c0beab531769a5b5694>@@AAV<lambda_be2b3da3f62db62e9dad5dc70221a656>@@V<lambda_8f9ce462984622f9bf76b59e2aaaf805>@@@?$__crt_seh_guarded_call@X@@QAEX$$QAV<lambda_5b71d36f03204c0beab531769a5b5694>@@AAV<lambda_be2b3da3f62db62e9dad5dc70221a656>@@$$QAV<lambda_8f9ce462984622f9bf76b59e2aaaf805>@@@Z 10005440 f i libucrt:per_thread_data.obj
 0001:0000448b       ??$?RV<lambda_9df27f884b057bc3edfc946cb5b7cf47>@@AAV<lambda_e69574bed617af4e071282c136b37893>@@V<lambda_cc0d902bcbbeb830f749456577db4721>@@@?$__crt_seh_guarded_call@X@@QAEX$$QAV<lambda_9df27f884b057bc3edfc946cb5b7cf47>@@AAV<lambda_e69574bed617af4e071282c136b37893>@@$$QAV<lambda_cc0d902bcbbeb830f749456577db4721>@@@Z 1000548b f i libucrt:per_thread_data.obj
 0001:000044d3       ??$__acrt_lock_and_call@V<lambda_6250bd4b2a391816dd638c3bf72b0bcb>@@@@YAXW4__acrt_lock_id@@$$QAV<lambda_6250bd4b2a391816dd638c3bf72b0bcb>@@@Z 100054d3 f i libucrt:per_thread_data.obj
 0001:000044fb       ??$__acrt_lock_and_call@V<lambda_b2ea41f6bbb362cd97d94c6828d90b61>@@@@YAXW4__acrt_lock_id@@$$QAV<lambda_b2ea41f6bbb362cd97d94c6828d90b61>@@@Z 100054fb f i libucrt:per_thread_data.obj
 0001:00004523       ??$__acrt_lock_and_call@V<lambda_be2b3da3f62db62e9dad5dc70221a656>@@@@YAXW4__acrt_lock_id@@$$QAV<lambda_be2b3da3f62db62e9dad5dc70221a656>@@@Z 10005523 f i libucrt:per_thread_data.obj
 0001:0000454b       ??$__acrt_lock_and_call@V<lambda_e69574bed617af4e071282c136b37893>@@@@YAXW4__acrt_lock_id@@$$QAV<lambda_e69574bed617af4e071282c136b37893>@@@Z 1000554b f i libucrt:per_thread_data.obj
 0001:00004701       ___acrt_freeptd            10005701 f   libucrt:per_thread_data.obj
 0001:0000472d       ___acrt_getptd             1000572d f   libucrt:per_thread_data.obj
 0001:000047b1       ___acrt_getptd_noexit      100057b1 f   libucrt:per_thread_data.obj
 0001:00004836       ___acrt_initialize_ptd     10005836 f   libucrt:per_thread_data.obj
 0001:00004862       ___acrt_uninitialize_ptd   10005862 f   libucrt:per_thread_data.obj
 0001:0000487c       ___acrt_initialize_locks   1000587c f   libucrt:locks.obj
 0001:000048bd       ___acrt_lock               100058bd f   libucrt:locks.obj
 0001:000048d4       ___acrt_uninitialize_locks 100058d4 f   libucrt:locks.obj
 0001:00004905       ___acrt_unlock             10005905 f   libucrt:locks.obj
 0001:00004a33       ___acrt_FlsAlloc@4         10005a33 f   libucrt:winapi_thunks.obj
 0001:00004a89       ___acrt_FlsFree@4          10005a89 f   libucrt:winapi_thunks.obj
 0001:00004adf       ___acrt_FlsGetValue@4      10005adf f   libucrt:winapi_thunks.obj
 0001:00004b35       ___acrt_FlsSetValue@8      10005b35 f   libucrt:winapi_thunks.obj
 0001:00004b8e       ___acrt_InitializeCriticalSectionEx@12 10005b8e f   libucrt:winapi_thunks.obj
 0001:00004bf0       ___acrt_LCMapStringEx@36   10005bf0 f   libucrt:winapi_thunks.obj
 0001:00004c78       ___acrt_LocaleNameToLCID@8 10005c78 f   libucrt:winapi_thunks.obj
 0001:00004cd4       ___acrt_initialize_winapi_thunks 10005cd4 f   libucrt:winapi_thunks.obj
 0001:00004cfa       ___acrt_is_packaged_app    10005cfa f   libucrt:winapi_thunks.obj
 0001:00004d81       ___acrt_uninitialize_winapi_thunks 10005d81 f   libucrt:winapi_thunks.obj
 0001:00004db7       ___acrt_call_reportfault   10005db7 f   libucrt:invalid_parameter.obj
 0001:00004ef2       ___acrt_initialize_invalid_parameter_handler 10005ef2 f   libucrt:invalid_parameter.obj
 0001:00004f06       __invalid_parameter        10005f06 f   libucrt:invalid_parameter.obj
 0001:00004f81       __invalid_parameter_noinfo 10005f81 f   libucrt:invalid_parameter.obj
 0001:00004f91       __invoke_watson            10005f91 f   libucrt:invalid_parameter.obj
 0001:00004fc4       ___acrt_errno_from_os_error 10005fc4 f   libucrt:errno.obj
 0001:00005007       ___acrt_errno_map_os_error 10006007 f   libucrt:errno.obj
 0001:0000502a       ___doserrno                1000602a f   libucrt:errno.obj
 0001:0000503d       __errno                    1000603d f   libucrt:errno.obj
 0001:00005412       ??1?$argument_list@D@?A0xb0e4b824@@QAE@XZ 10006412 f i libucrt:argv_wildcards.obj
 0001:00005437       ?append@?$argument_list@D@?A0xb0e4b824@@QAEHQAD@Z 10006437 f i libucrt:argv_wildcards.obj
 0001:0000546c       ?expand_if_necessary@?$argument_list@D@?A0xb0e4b824@@AAEHXZ 1000646c f i libucrt:argv_wildcards.obj
 0001:000054f3       ___acrt_expand_narrow_argv_wildcards 100064f3 f   libucrt:argv_wildcards.obj
 0001:000054fe       ??$?RV<lambda_978dc153c237d78434369da87b74ff60>@@AAV<lambda_ad1ced32f4ac17aa236e5ef05d6b3b7c>@@V<lambda_4a8533e2866a575feecb8298ce776b0d>@@@?$__crt_seh_guarded_call@X@@QAEX$$QAV<lambda_978dc153c237d78434369da87b74ff60>@@AAV<lambda_ad1ced32f4ac17aa236e5ef05d6b3b7c>@@$$QAV<lambda_4a8533e2866a575feecb8298ce776b0d>@@@Z 100064fe f i libucrt:mbctype.obj
 0001:00005541       ??$__acrt_lock_and_call@V<lambda_ad1ced32f4ac17aa236e5ef05d6b3b7c>@@@@YAXW4__acrt_lock_id@@$$QAV<lambda_ad1ced32f4ac17aa236e5ef05d6b3b7c>@@@Z 10006541 f i libucrt:mbctype.obj
 0001:000059d8       ___acrt_initialize_multibyte 100069d8 f   libucrt:mbctype.obj
 0001:000059f6       ___acrt_update_thread_multibyte_data 100069f6 f   libucrt:mbctype.obj
 0001:00005a98       __setmbcp_nolock           10006a98 f   libucrt:mbctype.obj
 0001:00005d63       __ismbblead                10006d63 f   libucrt:ismbbyte.obj
 0001:00005d7b       ___acrt_initialize_command_line 10006d7b f   libucrt:argv_data.obj
 0001:00005dcb       ___dcrt_get_narrow_environment_from_os 10006dcb f   libucrt:get_environment_from_os.obj
 0001:00005e4e       __recalloc                 10006e4e f   libucrt:recalloc.obj
 0001:00005e59       __recalloc_base            10006e59 f   libucrt:recalloc.obj
 0001:00005ec6       ___acrt_initialize_heap    10006ec6 f   libucrt:heap_handle.obj
 0001:00005ed7       ___acrt_uninitialize_heap  10006ed7 f   libucrt:heap_handle.obj
 0001:0000604d       ___acrt_initialize_lowio   1000704d f   libucrt:ioinit.obj
 0001:000060a3       ___acrt_uninitialize_lowio 100070a3 f   libucrt:ioinit.obj
 0001:000060cf       ___acrt_execute_initializers 100070cf f   libucrt:shared_initialization.obj
 0001:00006152       ___acrt_execute_uninitializers 10007152 f   libucrt:shared_initialization.obj
 0001:0000619f       ___acrt_initialize_new_handler 1000719f f   libucrt:new_handler.obj
 0001:000061b3       __callnewh                 100071b3 f   libucrt:new_handler.obj
 0001:000061f7       __query_new_handler        100071f7 f   libucrt:new_handler.obj
 0001:00006249       ??$?RV<lambda_a048d3beccc847880fc8490e18b82769>@@AAV<lambda_ec61778202f4f5fc7e7711acc23c3bca>@@V<lambda_f7496a158712204296dd6628a163878e>@@@?$__crt_seh_guarded_call@P6AXH@Z@@QAEP6AXH@Z$$QAV<lambda_a048d3beccc847880fc8490e18b82769>@@AAV<lambda_ec61778202f4f5fc7e7711acc23c3bca>@@$$QAV<lambda_f7496a158712204296dd6628a163878e>@@@Z 10007249 f i libucrt:signal.obj
 0001:000062a3       ??$__acrt_lock_and_call@V<lambda_ec61778202f4f5fc7e7711acc23c3bca>@@@@YAP6AXH@ZW4__acrt_lock_id@@$$QAV<lambda_ec61778202f4f5fc7e7711acc23c3bca>@@@Z 100072a3 f i libucrt:signal.obj
 0001:0000630d       ?initialize@?$dual_state_global@P6AXPB_W00II@Z@__crt_state_management@@QAEXQ6AXPB_W00II@Z@Z 1000730d f i libucrt:invalid_parameter.obj
 0001:0000630d       ?initialize@?$dual_state_global@PAPAD@__crt_state_management@@QAEXQAPAD@Z 1000730d f i libucrt:environment_initialization.obj
 0001:0000630d       ?initialize@?$dual_state_global@P6AHPAU_exception@@@Z@__crt_state_management@@QAEXQ6AHPAU_exception@@@Z@Z 1000730d f i libucrt:matherr.obj
 0001:0000630d       ?initialize@?$dual_state_global@P6AXH@Z@__crt_state_management@@QAEXQ6AXH@Z@Z 1000730d f i libucrt:signal.obj
 0001:0000630d       ?initialize@?$dual_state_global@P6AHI@Z@__crt_state_management@@QAEXQ6AHI@Z@Z 1000730d f i libucrt:new_handler.obj
 0001:0000630d       ?initialize@?$dual_state_global@PAU__crt_locale_data@@@__crt_state_management@@QAEXQAU__crt_locale_data@@@Z 1000730d f i libucrt:initialization.obj
 0001:00006366       ___acrt_get_sigabrt_handler 10007366 f   libucrt:signal.obj
 0001:0000637d       ___acrt_initialize_signal_handlers 1000737d f   libucrt:signal.obj
 0001:000063b8       ___fpecode                 100073b8 f   libucrt:signal.obj
 0001:000063c1       _raise                     100073c1 f   libucrt:signal.obj
 0001:000065c9       ___acrt_has_user_matherr   100075c9 f   libucrt:matherr.obj
 0001:000065e2       ___acrt_initialize_user_matherr 100075e2 f   libucrt:matherr.obj
 0001:000065f6       ___acrt_invoke_user_matherr 100075f6 f   libucrt:matherr.obj
 0001:0000663f       __query_new_mode           1000763f f   libucrt:new_mode.obj
 0001:00006645       __mbtowc_l                 10007645 f   libucrt:mbtowc.obj
 0001:0000673f       _mbtowc                    1000773f f   libucrt:mbtowc.obj
 0001:00006759       ___acrt_update_locale_info 10007759 f   libucrt:locale_update.obj
 0001:00006786       ___acrt_update_multibyte_info 10007786 f   libucrt:locale_update.obj
 0001:000067b3       __fileno                   100077b3 f   libucrt:fileno.obj
 0001:000067d9       ___acrt_initialize_stdio   100077d9 f   libucrt:_file.obj
 0001:000068a1       ___acrt_uninitialize_stdio 100078a1 f   libucrt:_file.obj
 0001:000068ed       __lock_file                100078ed f   libucrt:_file.obj
 0001:00006901       __unlock_file              10007901 f   libucrt:_file.obj
 0001:00006915       ___acrt_set_locale_changed 10007915 f   libucrt:wsetlocale.obj
 0001:00006920       ___acrt_uninitialize_locale 10007920 f   libucrt:wsetlocale.obj
 0001:00006972       ___pctype_func             10007972 f   libucrt:ctype.obj
 0001:00006998       ___acrt_add_locale_ref     10007998 f   libucrt:locale_refcounting.obj
 0001:00006a15       ___acrt_free_locale        10007a15 f   libucrt:locale_refcounting.obj
 0001:00006b5f       ___acrt_locale_add_lc_time_reference 10007b5f f   libucrt:locale_refcounting.obj
 0001:00006b88       ___acrt_locale_free_lc_time_if_unreferenced 10007b88 f   libucrt:locale_refcounting.obj
 0001:00006bb8       ___acrt_locale_release_lc_time_reference 10007bb8 f   libucrt:locale_refcounting.obj
 0001:00006be1       ___acrt_release_locale_ref 10007be1 f   libucrt:locale_refcounting.obj
 0001:00006c62       ___acrt_update_thread_locale_data 10007c62 f   libucrt:locale_refcounting.obj
 0001:00006cd9       __updatetlocinfoEx_nolock  10007cd9 f   libucrt:locale_refcounting.obj
 0001:00006de5       ___acrt_DownlevelLocaleNameToLCID 10007de5 f   libucrt:lcidtoname_downlevel.obj
 0001:00006f00       _qsort                     10007f00 f   libucrt:qsort.obj
 0001:0000734b       _strncpy_s                 1000834b f   libucrt:strncpy_s.obj
 0001:00007360       _strpbrk                   10008360 f   libucrt:strpbrk.obj
 0001:000073a0       __mbsdec                   100083a0 f   libucrt:mbsdec.obj
 0001:000073b7       __mbsdec_l                 100083b7 f   libucrt:mbsdec.obj
 0001:00007453       ___acrt_GetStringTypeA     10008453 f   libucrt:getstringtypea.obj
 0001:00007570       __freea_crt                10008570 f i libucrt:getstringtypea.obj
 0001:000077ad       ___acrt_LCMapStringA       100087ad f   libucrt:lcmapstringa.obj
 0001:000077f8       __msize                    100087f8 f   libucrt:msize.obj
 0001:0000782b       __realloc_base             1000882b f   libucrt:realloc_base.obj
 0001:00007894       ___acrt_lowio_create_handle_array 10008894 f   libucrt:osfinfo.obj
 0001:0000790e       ___acrt_lowio_destroy_handle_array 1000890e f   libucrt:osfinfo.obj
 0001:00007943       ___acrt_lowio_ensure_fh_exists 10008943 f   libucrt:osfinfo.obj
 0001:000079db       ___acrt_lowio_lock_fh      100089db f   libucrt:osfinfo.obj
 0001:000079fe       ___acrt_lowio_unlock_fh    100089fe f   libucrt:osfinfo.obj
 0001:00007a21       __free_osfhnd              10008a21 f   libucrt:osfinfo.obj
 0001:00007ab2       __get_osfhandle            10008ab2 f   libucrt:osfinfo.obj
 0001:00007b1c       __isatty                   10008b1c f   libucrt:isatty.obj
 0001:00007b72       ___acrt_stdio_flush_nolock 10008b72 f   libucrt:fflush.obj
 0001:00007bd8       __fflush_nolock            10008bd8 f   libucrt:fflush.obj
 0001:00007c1f       __flushall                 10008c1f f   libucrt:fflush.obj
 0001:00007d00       __isleadbyte_l             10008d00 f i libucrt:_wctype.obj
 0001:00007d39       __fcloseall                10008d39 f   libucrt:closeall.obj
 0001:00007dd9       ___acrt_stdio_free_buffer_nolock 10008dd9 f   libucrt:_freebuf.obj
 0001:00007e17       ___acrt_locale_free_monetary 10008e17 f   libucrt:initmon.obj
 0001:00007f15       ___acrt_locale_free_numeric 10008f15 f   libucrt:initnum.obj
 0001:00007fba       ___acrt_locale_free_time   10008fba f   libucrt:inittime.obj
 0001:0000809e       ___strncnt                 1000909e f   libucrt:strncnt.obj
 0001:000080ba       __query_app_type           100090ba f   libucrt:report_runtime_error.obj
 0001:000080c0       ??$?RV<lambda_61cee617f5178ae960314fd4d05640a0>@@AAV<lambda_6978c1fb23f02e42e1d9e99668cc68aa>@@V<lambda_9cd88cf8ad10232537feb2133f08c833>@@@?$__crt_seh_guarded_call@H@@QAEH$$QAV<lambda_61cee617f5178ae960314fd4d05640a0>@@AAV<lambda_6978c1fb23f02e42e1d9e99668cc68aa>@@$$QAV<lambda_9cd88cf8ad10232537feb2133f08c833>@@@Z 100090c0 f i libucrt:commit.obj
 0001:00008158       ??$__acrt_lowio_lock_fh_and_call@V<lambda_6978c1fb23f02e42e1d9e99668cc68aa>@@@@YAHH$$QAV<lambda_6978c1fb23f02e42e1d9e99668cc68aa>@@@Z 10009158 f i libucrt:commit.obj
 0001:00008180       __commit                   10009180 f   libucrt:commit.obj
 0001:0000877f       __write                    1000977f f   libucrt:write.obj
 0001:0000886a       __write_nolock             1000986a f   libucrt:write.obj
 0001:00008a80       _log10                     10009a80 f   libucrt:log10.obj
 0001:00008ac0       __CIlog10                  10009ac0 f   libucrt:log10.obj
 0001:00008afb       __CIlog10_default          10009afb f   libucrt:log10.obj
 0001:00008b0f       __log10_default            10009b0f     libucrt:log10.obj
 0001:00008bd0       _ceil                      10009bd0 f   libucrt:ceil_pentium4.obj
 0001:00008c10       __ceil_pentium4            10009c10 f   libucrt:ceil_pentium4.obj
 0001:00008d6b       __lseeki64_nolock          10009d6b f   libucrt:lseek.obj
 0001:00008d86       __fclose_nolock            10009d86 f   libucrt:fclose.obj
 0001:00008dfc       _fclose                    10009dfc f   libucrt:fclose.obj
 0001:00008e80       ___ascii_strnicmp          10009e80 f   libucrt:_strnicm.obj
 0001:00008ee1       __putwch_nolock            10009ee1 f   libucrt:putwch.obj
 0001:00008f26       ___acrt_initialize_sse2    10009f26 f   libucrt:mathfcns.obj
 0001:00008f40       __CIlog10_pentium4         10009f40 f   libucrt:log10_pentium4.obj
 0001:00008f58       __log10_pentium4           10009f58     libucrt:log10_pentium4.obj
 0001:000091e1       __fFEXP                    1000a1e1     libucrt:87tran.obj
 0001:00009238       __rtinfpopse               1000a238     libucrt:87tran.obj
 0001:0000923a       __rtinfnpopse              1000a23a     libucrt:87tran.obj
 0001:0000924a       __fFLN                     1000a24a     libucrt:87tran.obj
 0001:000092ff       __rtinfpop                 1000a2ff     libucrt:87tran.obj
 0001:00009301       __rtinfnpop                1000a301     libucrt:87tran.obj
 0001:0000931e       __ffexpm1                  1000a31e     libucrt:87tran.obj
 0001:000093d0       __trandisp1                1000a3d0 f   libucrt:87disp.obj
 0001:00009437       __trandisp2                1000a437 f   libucrt:87disp.obj
 0001:000094c3       __rttospopde               1000a4c3     libucrt:87disp.obj
 0001:000094c8       __rttospop                 1000a4c8     libucrt:87disp.obj
 0001:000094ca       __rtnospop                 1000a4ca     libucrt:87disp.obj
 0001:000094cc       __rttosnpop                1000a4cc     libucrt:87disp.obj
 0001:000094cd       __rtnospopde               1000a4cd     libucrt:87disp.obj
 0001:000094d4       __rtzeropop                1000a4d4     libucrt:87disp.obj
 0001:000094d6       __rtzeronpop               1000a4d6     libucrt:87disp.obj
 0001:000094db       __rtzerospop               1000a4db     libucrt:87disp.obj
 0001:000094e8       __rtonepop                 1000a4e8     libucrt:87disp.obj
 0001:000094ea       __rtonenpop                1000a4ea     libucrt:87disp.obj
 0001:000094ef       __tosnan1                  1000a4ef     libucrt:87disp.obj
 0001:0000951a       __nosnan2                  1000a51a     libucrt:87disp.obj
 0001:0000951c       __tosnan2                  1000a51c     libucrt:87disp.obj
 0001:00009544       __nan2                     1000a544     libucrt:87disp.obj
 0001:00009583       __rtindfpop                1000a583     libucrt:87disp.obj
 0001:00009585       __rtindfnpop               1000a585     libucrt:87disp.obj
 0001:00009596       __rttosnpopde              1000a596     libucrt:87disp.obj
 0001:000095a0       __rtatan2inf               1000a5a0     libucrt:87disp.obj
 0001:000095bd       __rtchsifneg               1000a5bd     libucrt:87disp.obj
 0001:000095d0       __twoToTOS                 1000a5d0 f   libucrt:common.obj
 0001:000095e5       __load_CW                  1000a5e5 f   libucrt:common.obj
 0001:000095fc       __convertTOStoQNaN         1000a5fc f   libucrt:common.obj
 0001:00009615       __fload_withFB             1000a615 f   libucrt:common.obj
 0001:00009658       __checkTOS_withFB          1000a658 f   libucrt:common.obj
 0001:0000966e       __fast_exit                1000a66e f   libucrt:common.obj
 0001:0000967b       __math_exit                1000a67b f   libucrt:common.obj
 0001:000096a5       __check_overflow_exit      1000a6a5 f   libucrt:common.obj
 0001:000096b9       __check_range_exit         1000a6b9 f   libucrt:common.obj
 0001:00009760       __startTwoArgErrorHandling 1000a760 f   libucrt:genexcep.obj
 0001:00009777       __startOneArgErrorHandling 1000a777 f   libucrt:genexcep.obj
 0001:000097b3       ___libm_error_support      1000a7b3 f   libucrt:libm_error.obj
 0001:000099cb       __ceil_default             1000a9cb f   libucrt:ceil.obj
 0001:00009a84       ??$?RV<lambda_123407a5e2ac06da108355a851863b7a>@@AAV<lambda_2fe9b910cf3cbf4a0ab98a02ba45b3ec>@@V<lambda_ae55bdf541ad94d75914d381c370e64d>@@@?$__crt_seh_guarded_call@H@@QAEH$$QAV<lambda_123407a5e2ac06da108355a851863b7a>@@AAV<lambda_2fe9b910cf3cbf4a0ab98a02ba45b3ec>@@$$QAV<lambda_ae55bdf541ad94d75914d381c370e64d>@@@Z 1000aa84 f i libucrt:close.obj
 0001:00009b06       ??$__acrt_lowio_lock_fh_and_call@V<lambda_2fe9b910cf3cbf4a0ab98a02ba45b3ec>@@@@YAHH$$QAV<lambda_2fe9b910cf3cbf4a0ab98a02ba45b3ec>@@@Z 1000ab06 f i libucrt:close.obj
 0001:00009b2e       __close                    1000ab2e f   libucrt:close.obj
 0001:00009bad       __close_nolock             1000abad f   libucrt:close.obj
 0001:00009c49       ?__acrt_stdio_free_stream@@YAXV__crt_stdio_stream@@@Z 1000ac49 f   libucrt:stream.obj
 0001:00009c84       ___dcrt_lowio_initialize_console_output 1000ac84 f   libucrt:initcon.obj
 0001:00009ca3       ___dcrt_terminate_console_output 1000aca3 f   libucrt:initcon.obj
 0001:00009cba       __clrfp                    1000acba f   libucrt:fpctrl.obj
 0001:00009ccd       __ctrlfp                   1000accd f   libucrt:fpctrl.obj
 0001:00009cf9       __set_statfp               1000acf9 f   libucrt:fpctrl.obj
 0001:00009d54       __statfp                   1000ad54 f   libucrt:fpctrl.obj
 0001:00009d66       __d_inttype                1000ad66 f   libucrt:powhlp.obj
 0001:00009dd0       __powhlp                   1000add0 f   libucrt:powhlp.obj
 0001:00009efb       __87except                 1000aefb f   libucrt:87except.obj
 0001:0000a006       __frnd                     1000b006 f   libucrt:frnd.obj
 0001:0000a01c       __errcode                  1000b01c f   libucrt:fpexcept.obj
 0001:0000a050       __except1                  1000b050 f   libucrt:fpexcept.obj
 0001:0000a11e       __handle_exc               1000b11e f   libucrt:fpexcept.obj
 0001:0000a2fe       __raise_exc                1000b2fe f   libucrt:fpexcept.obj
 0001:0000a321       __raise_exc_ex             1000b321 f   libucrt:fpexcept.obj
 0001:0000a612       __set_errno_from_matherr   1000b612 f   libucrt:fpexcept.obj
 0001:0000a641       __umatherr                 1000b641 f   libucrt:fpexcept.obj
 0001:0000a6e3       __decomp                   1000b6e3 f   libucrt:util.obj
 0001:0000a7b7       __set_exp                  1000b7b7 f   libucrt:util.obj
 0001:0000a7e6       __sptype                   1000b7e6 f   libucrt:util.obj
 0001:0000a844       __fpclass                  1000b844 f   libucrt:ieeemisc.obj
 0001:0000a8e8       _IsProcessorFeaturePresent@4 1000b8e8 f   kernel32:KERNEL32.dll
 0001:0000a8ee       _RtlUnwind@16              1000b8ee f   kernel32:KERNEL32.dll
 0001:0000a900       __FindPESection            1000b900 f   LIBCMT:pesect.obj
 0001:0000a950       __IsNonwritableInCurrentImage 1000b950 f   LIBCMT:pesect.obj
 0001:0000aa10       __ValidateImageBase        1000ba10 f   LIBCMT:pesect.obj
 0001:0000aa50       __aulldvrm                 1000ba50 f   LIBCMT:ulldvrm.obj
 0001:0000aaf0       __SEH_prolog4_GS           1000baf0 f   LIBCMT:_sehprolg4gs_.obj
 0001:0000ab39       __SEH_epilog4_GS           1000bb39 f   LIBCMT:_sehprolg4gs_.obj
 0001:0000ab50       __allmul                   1000bb50 f   LIBCMT:llmul.obj
 0001:0000ab90       __alldvrm                  1000bb90 f   LIBCMT:lldvrm.obj
 0001:0000ac70       __aullshr                  1000bc70 f   LIBCMT:ullshr.obj
 0001:0000ac90       __alloca_probe_16          1000bc90 f   LIBCMT:alloca16.obj
 0001:0000aca6       __alloca_probe_8           1000bca6     LIBCMT:alloca16.obj
 0001:0000acc0       __allshl                   1000bcc0 f   LIBCMT:llshl.obj
 0001:0000ace0       __ftol2_sse                1000bce0 f   LIBCMT:_ftol2_.obj
 0001:0000ace9       __ftol2_pentium4           1000bce9 f   LIBCMT:_ftol2_.obj
 0001:0000acfc       __ftol2_sse_excpt          1000bcfc f   LIBCMT:_ftol2_.obj
 0001:0000ad20       __ftol2                    1000bd20 f   LIBCMT:_ftol2_.obj
 0001:0000ada0       __chkstk                   1000bda0 f   LIBCMT:chkstk.obj
 0001:0000ada0       __alloca_probe             1000bda0 f   LIBCMT:chkstk.obj
 0001:0000add0       _memcpy                    1000bdd0 f   libvcruntime:memcpy.obj
 0002:00000000       __imp__HeapCreate@12       1000d000     kernel32:KERNEL32.dll
 0002:00000004       __imp__HeapFree@12         1000d004     kernel32:KERNEL32.dll
 0002:00000008       __imp__GetCurrentThreadId@0 1000d008     kernel32:KERNEL32.dll
 0002:0000000c       __imp__HeapSize@12         1000d00c     kernel32:KERNEL32.dll
 0002:00000010       __imp__HeapReAlloc@16      1000d010     kernel32:KERNEL32.dll
 0002:00000014       __imp__HeapAlloc@12        1000d014     kernel32:KERNEL32.dll
 0002:00000018       __imp__HeapDestroy@4       1000d018     kernel32:KERNEL32.dll
 0002:0000001c       __imp__GetTickCount@0      1000d01c     kernel32:KERNEL32.dll
 0002:00000020       __imp__SetLastError@4      1000d020     kernel32:KERNEL32.dll
 0002:00000024       __imp__GetLastError@0      1000d024     kernel32:KERNEL32.dll
 0002:00000028       __imp__RaiseException@16   1000d028     kernel32:KERNEL32.dll
 0002:0000002c       __imp__IsDebuggerPresent@0 1000d02c     kernel32:KERNEL32.dll
 0002:00000030       __imp__GetLocalTime@4      1000d030     kernel32:KERNEL32.dll
 0002:00000034       __imp__GetProcessHeap@0    1000d034     kernel32:KERNEL32.dll
 0002:00000038       __imp__SystemTimeToFileTime@8 1000d038     kernel32:KERNEL32.dll
 0002:0000003c       __imp__DecodePointer@4     1000d03c     kernel32:KERNEL32.dll
 0002:00000040       __imp__WriteConsoleW@20    1000d040     kernel32:KERNEL32.dll
 0002:00000044       __imp__CloseHandle@4       1000d044     kernel32:KERNEL32.dll
 0002:00000048       __imp__SetFilePointerEx@20 1000d048     kernel32:KERNEL32.dll
 0002:0000004c       __imp__GetConsoleMode@8    1000d04c     kernel32:KERNEL32.dll
 0002:00000050       __imp__GetConsoleCP@0      1000d050     kernel32:KERNEL32.dll
 0002:00000054       __imp__FlushFileBuffers@4  1000d054     kernel32:KERNEL32.dll
 0002:00000058       __imp__WriteFile@20        1000d058     kernel32:KERNEL32.dll
 0002:0000005c       __imp__SetStdHandle@8      1000d05c     kernel32:KERNEL32.dll
 0002:00000060       __imp__GetStringTypeW@16   1000d060     kernel32:KERNEL32.dll
 0002:00000064       __imp__GetFileType@4       1000d064     kernel32:KERNEL32.dll
 0002:00000068       __imp__GetStdHandle@4      1000d068     kernel32:KERNEL32.dll
 0002:0000006c       __imp__UnhandledExceptionFilter@4 1000d06c     kernel32:KERNEL32.dll
 0002:00000070       __imp__SetUnhandledExceptionFilter@4 1000d070     kernel32:KERNEL32.dll
 0002:00000074       __imp__GetCurrentProcess@0 1000d074     kernel32:KERNEL32.dll
 0002:00000078       __imp__TerminateProcess@8  1000d078     kernel32:KERNEL32.dll
 0002:0000007c       __imp__IsProcessorFeaturePresent@4 1000d07c     kernel32:KERNEL32.dll
 0002:00000080       __imp__QueryPerformanceCounter@4 1000d080     kernel32:KERNEL32.dll
 0002:00000084       __imp__GetCurrentProcessId@0 1000d084     kernel32:KERNEL32.dll
 0002:00000088       __imp__GetSystemTimeAsFileTime@4 1000d088     kernel32:KERNEL32.dll
 0002:0000008c       __imp__InitializeSListHead@4 1000d08c     kernel32:KERNEL32.dll
 0002:00000090       __imp__GetStartupInfoW@4   1000d090     kernel32:KERNEL32.dll
 0002:00000094       __imp__GetModuleHandleW@4  1000d094     kernel32:KERNEL32.dll
 0002:00000098       __imp__RtlUnwind@16        1000d098     kernel32:KERNEL32.dll
 0002:0000009c       __imp__InterlockedFlushSList@4 1000d09c     kernel32:KERNEL32.dll
 0002:000000a0       __imp__EnterCriticalSection@4 1000d0a0     kernel32:KERNEL32.dll
 0002:000000a4       __imp__LeaveCriticalSection@4 1000d0a4     kernel32:KERNEL32.dll
 0002:000000a8       __imp__DeleteCriticalSection@4 1000d0a8     kernel32:KERNEL32.dll
 0002:000000ac       __imp__InitializeCriticalSectionAndSpinCount@8 1000d0ac     kernel32:KERNEL32.dll
 0002:000000b0       __imp__TlsAlloc@0          1000d0b0     kernel32:KERNEL32.dll
 0002:000000b4       __imp__TlsGetValue@4       1000d0b4     kernel32:KERNEL32.dll
 0002:000000b8       __imp__TlsSetValue@8       1000d0b8     kernel32:KERNEL32.dll
 0002:000000bc       __imp__TlsFree@4           1000d0bc     kernel32:KERNEL32.dll
 0002:000000c0       __imp__FreeLibrary@4       1000d0c0     kernel32:KERNEL32.dll
 0002:000000c4       __imp__GetProcAddress@8    1000d0c4     kernel32:KERNEL32.dll
 0002:000000c8       __imp__LoadLibraryExW@12   1000d0c8     kernel32:KERNEL32.dll
 0002:000000cc       __imp__ExitProcess@4       1000d0cc     kernel32:KERNEL32.dll
 0002:000000d0       __imp__GetModuleHandleExW@12 1000d0d0     kernel32:KERNEL32.dll
 0002:000000d4       __imp__GetModuleFileNameA@12 1000d0d4     kernel32:KERNEL32.dll
 0002:000000d8       __imp__MultiByteToWideChar@24 1000d0d8     kernel32:KERNEL32.dll
 0002:000000dc       __imp__WideCharToMultiByte@32 1000d0dc     kernel32:KERNEL32.dll
 0002:000000e0       __imp__LCMapStringW@24     1000d0e0     kernel32:KERNEL32.dll
 0002:000000e4       __imp__FindClose@4         1000d0e4     kernel32:KERNEL32.dll
 0002:000000e8       __imp__FindFirstFileExA@24 1000d0e8     kernel32:KERNEL32.dll
 0002:000000ec       __imp__FindNextFileA@8     1000d0ec     kernel32:KERNEL32.dll
 0002:000000f0       __imp__IsValidCodePage@4   1000d0f0     kernel32:KERNEL32.dll
 0002:000000f4       __imp__GetACP@0            1000d0f4     kernel32:KERNEL32.dll
 0002:000000f8       __imp__GetOEMCP@0          1000d0f8     kernel32:KERNEL32.dll
 0002:000000fc       __imp__GetCPInfo@8         1000d0fc     kernel32:KERNEL32.dll
 0002:00000100       __imp__GetCommandLineA@0   1000d100     kernel32:KERNEL32.dll
 0002:00000104       __imp__GetCommandLineW@0   1000d104     kernel32:KERNEL32.dll
 0002:00000108       __imp__GetEnvironmentStringsW@0 1000d108     kernel32:KERNEL32.dll
 0002:0000010c       __imp__FreeEnvironmentStringsW@4 1000d10c     kernel32:KERNEL32.dll
 0002:00000110       __imp__CreateFileW@28      1000d110     kernel32:KERNEL32.dll
 0002:00000114       \177KERNEL32_NULL_THUNK_DATA 1000d114     kernel32:KERNEL32.dll
 0002:00000118       __imp__wsprintfW           1000d118     user32:USER32.dll
 0002:0000011c       \177USER32_NULL_THUNK_DATA 1000d11c     user32:USER32.dll
 0002:00000120       __imp__GdipBitmapUnlockBits@8 1000d120     gdiplus:gdiplus.dll
 0002:00000124       __imp__GdipCreateBitmapFromStream@8 1000d124     gdiplus:gdiplus.dll
 0002:00000128       __imp__GdipAlloc@4         1000d128     gdiplus:gdiplus.dll
 0002:0000012c       __imp__GdipCloneImage@8    1000d12c     gdiplus:gdiplus.dll
 0002:00000130       __imp__GdipDisposeImage@4  1000d130     gdiplus:gdiplus.dll
 0002:00000134       __imp__GdipGetImagePixelFormat@8 1000d134     gdiplus:gdiplus.dll
 0002:00000138       __imp__GdipFree@4          1000d138     gdiplus:gdiplus.dll
 0002:0000013c       __imp__GdipBitmapLockBits@20 1000d13c     gdiplus:gdiplus.dll
 0002:00000140       __imp__GdiplusShutdown@4   1000d140     gdiplus:gdiplus.dll
 0002:00000144       __imp__GdiplusStartup@12   1000d144     gdiplus:gdiplus.dll
 0002:00000148       \177gdiplus_NULL_THUNK_DATA 1000d148     gdiplus:gdiplus.dll
 0002:0000014c       __imp__CoUninitialize@0    1000d14c     ole32:ole32.dll
 0002:00000150       __imp__CoInitialize@4      1000d150     ole32:ole32.dll
 0002:00000154       \177ole32_NULL_THUNK_DATA  1000d154     ole32:ole32.dll
 0002:00000158       ___guard_check_icall_fptr  1000d158     LIBCMT:guard_support.obj
 0002:0000015c       ___xc_a                    1000d15c     LIBCMT:initializers.obj
 0002:00000160       ___xc_z                    1000d160     LIBCMT:initializers.obj
 0002:00000164       ___xi_a                    1000d164     LIBCMT:initializers.obj
 0002:00000168       ___acrt_multibyte_initializer 1000d168     libucrt:multibyte_initializer.obj
 0002:0000016c       ___acrt_stdio_initializer  1000d16c     libucrt:stdio_initializer.obj
 0002:00000170       ___acrt_tran_sse2_initializer 1000d170     libucrt:sse2_initializer.obj
 0002:00000174       ___xi_z                    1000d174     LIBCMT:initializers.obj
 0002:00000178       ___xp_a                    1000d178     LIBCMT:initializers.obj
 0002:0000017c       ___acrt_locale_terminator  1000d17c     libucrt:locale_initializer.obj
 0002:00000180       ___dcrt_console_output_terminator 1000d180     libucrt:console_output_initializer.obj
 0002:00000184       ___acrt_stdio_terminator   1000d184     libucrt:stdio_initializer.obj
 0002:00000188       ___xp_z                    1000d188     LIBCMT:initializers.obj
 0002:0000018c       ___xt_a                    1000d18c     LIBCMT:initializers.obj
 0002:00000190       ___xt_z                    1000d190     LIBCMT:initializers.obj
 0002:000001a0       _IID_ISequentialStream     1000d1a0     uuid:objidl_i.obj
 0002:000001b0       _IID_IStream               1000d1b0     uuid:objidl_i.obj
 0002:000001c0       _IID_IUnknown              1000d1c0     uuid:unknwn_i.obj
 0002:000001d8       __pDefaultRawDllMain       1000d1d8     LIBCMT:dll_dllmain.obj
 0002:000001d8       __pRawDllMain              1000d1d8     LIBCMT:dll_dllmain.obj
 0002:000001dc       __pDestructExceptionObject 1000d1dc     libvcruntime:frame.obj
 0002:00000374       ??_C@_08EHJDFFNH@__based?$CI?$AA@ 1000d374     libvcruntime:undname.obj
 0002:00000380       ??_C@_07KOLFKCDI@__cdecl?$AA@ 1000d380     libvcruntime:undname.obj
 0002:00000388       ??_C@_08GHMPAG@__pascal?$AA@ 1000d388     libvcruntime:undname.obj
 0002:00000394       ??_C@_09IFJBGAPI@__stdcall?$AA@ 1000d394     libvcruntime:undname.obj
 0002:000003a0       ??_C@_0L@NPHFGOKO@__thiscall?$AA@ 1000d3a0     libvcruntime:undname.obj
 0002:000003ac       ??_C@_0L@JMKHOMEK@__fastcall?$AA@ 1000d3ac     libvcruntime:undname.obj
 0002:000003b8       ??_C@_0N@BCKKPABJ@__vectorcall?$AA@ 1000d3b8     libvcruntime:undname.obj
 0002:000003c8       ??_C@_09HIJEGCPM@__clrcall?$AA@ 1000d3c8     libvcruntime:undname.obj
 0002:000003d4       ??_C@_06GHPCKEAG@__eabi?$AA@ 1000d3d4     libvcruntime:undname.obj
 0002:000003dc       ??_C@_07JOMMBBKO@__ptr64?$AA@ 1000d3dc     libvcruntime:undname.obj
 0002:000003e4       ??_C@_0L@PILCLIHE@__restrict?$AA@ 1000d3e4     libvcruntime:undname.obj
 0002:000003f0       ??_C@_0M@GFIIJFMG@__unaligned?$AA@ 1000d3f0     libvcruntime:undname.obj
 0002:000003fc       ??_C@_09DHDLOLLB@restrict?$CI?$AA@ 1000d3fc     libvcruntime:undname.obj
 0002:00000406       ??_C@_00CNPNBAHC@?$AA@     1000d406     libvcruntime:undname.obj
 0002:00000408       ??_C@_04NIHEBCM@?5new?$AA@ 1000d408     libvcruntime:undname.obj
 0002:00000410       ??_C@_07FPCDHGMM@?5delete?$AA@ 1000d410     libvcruntime:undname.obj
 0002:00000418       ??_C@_01NEMOKFLO@?$DN?$AA@ 1000d418     libvcruntime:undname.obj
 0002:0000041c       ??_C@_02GPIOPFAK@?$DO?$DO?$AA@ 1000d41c     libvcruntime:undname.obj
 0002:00000420       ??_C@_02FODMEDOG@?$DM?$DM?$AA@ 1000d420     libvcruntime:undname.obj
 0002:00000424       ??_C@_01DCLJPIOD@?$CB?$AA@ 1000d424     libvcruntime:undname.obj
 0002:00000428       ??_C@_02EGOFBIJA@?$DN?$DN?$AA@ 1000d428     libvcruntime:undname.obj
 0002:0000042c       ??_C@_02FDNJECIE@?$CB?$DN?$AA@ 1000d42c     libvcruntime:undname.obj
 0002:00000430       ??_C@_02GPECMEKF@?$FL?$FN?$AA@ 1000d430     libvcruntime:undname.obj
 0002:00000434       ??_C@_08LHJFAFGD@operator?$AA@ 1000d434     libvcruntime:undname.obj
 0002:00000440       ??_C@_02HBOOOICD@?9?$DO?$AA@ 1000d440     libvcruntime:undname.obj
 0002:00000444       ??_C@_01NBENCBCI@?$CK?$AA@ 1000d444     libvcruntime:undname.obj
 0002:00000448       ??_C@_02ECNGHCIF@?$CL?$CL?$AA@ 1000d448     libvcruntime:undname.obj
 0002:0000044c       ??_C@_02BAABKJLB@?9?9?$AA@ 1000d44c     libvcruntime:undname.obj
 0002:00000450       ??_C@_01JOAMLHOP@?9?$AA@   1000d450     libvcruntime:undname.obj
 0002:00000454       ??_C@_01MIFGBAGJ@?$CL?$AA@ 1000d454     libvcruntime:undname.obj
 0002:00000458       ??_C@_01HNPIGOCE@?$CG?$AA@ 1000d458     libvcruntime:undname.obj
 0002:0000045c       ??_C@_03MNHNFDLC@?9?$DO?$CK?$AA@ 1000d45c     libvcruntime:undname.obj
 0002:00000460       ??_C@_01KMDKNFGN@?1?$AA@   1000d460     libvcruntime:undname.obj
 0002:00000464       ??_C@_01FGNFDNOH@?$CF?$AA@ 1000d464     libvcruntime:undname.obj
 0002:00000468       ??_C@_01MNNFJEPP@?$DM?$AA@ 1000d468     libvcruntime:undname.obj
 0002:0000046c       ??_C@_02EHCHHCKH@?$DM?$DN?$AA@ 1000d46c     libvcruntime:undname.obj
 0002:00000470       ??_C@_01PPODPGHN@?$DO?$AA@ 1000d470     libvcruntime:undname.obj
 0002:00000474       ??_C@_02EEKDKGMJ@?$DO?$DN?$AA@ 1000d474     libvcruntime:undname.obj
 0002:00000478       ??_C@_01IHBHIGKO@?0?$AA@   1000d478     libvcruntime:undname.obj
 0002:0000047c       ??_C@_02HCKGKOFO@?$CI?$CJ?$AA@ 1000d47c     libvcruntime:undname.obj
 0002:00000480       ??_C@_01PJKLJHI@?$HO?$AA@  1000d480     libvcruntime:undname.obj
 0002:00000484       ??_C@_01JKBOJNNK@?$FO?$AA@ 1000d484     libvcruntime:undname.obj
 0002:00000488       ??_C@_01DNKMNLPK@?$HM?$AA@ 1000d488     libvcruntime:undname.obj
 0002:0000048c       ??_C@_02PPKAJPJL@?$CG?$CG?$AA@ 1000d48c     libvcruntime:undname.obj
 0002:00000490       ??_C@_02NONPIBCD@?$HM?$HM?$AA@ 1000d490     libvcruntime:undname.obj
 0002:00000494       ??_C@_02FPIMKNGF@?$CK?$DN?$AA@ 1000d494     libvcruntime:undname.obj
 0002:00000498       ??_C@_02FOEOMHFC@?$CL?$DN?$AA@ 1000d498     libvcruntime:undname.obj
 0002:0000049c       ??_C@_02FKMDLLOA@?9?$DN?$AA@ 1000d49c     libvcruntime:undname.obj
 0002:000004a0       ??_C@_02FJEHGPIO@?1?$DN?$AA@ 1000d4a0     libvcruntime:undname.obj
 0002:000004a4       ??_C@_02FENAOKFI@?$CF?$DN?$AA@ 1000d4a4     libvcruntime:undname.obj
 0002:000004a8       ??_C@_03IKFCCPFF@?$DO?$DO?$DN?$AA@ 1000d4a8     libvcruntime:undname.obj
 0002:000004ac       ??_C@_03CDNPDDLA@?$DM?$DM?$DN?$AA@ 1000d4ac     libvcruntime:undname.obj
 0002:000004b0       ??_C@_02FGJGFEAB@?$CG?$DN?$AA@ 1000d4b0     libvcruntime:undname.obj
 0002:000004b4       ??_C@_02DHLNPPGH@?$HM?$DN?$AA@ 1000d4b4     libvcruntime:undname.obj
 0002:000004b8       ??_C@_02MHEGNOJ@?$FO?$DN?$AA@ 1000d4b8     libvcruntime:undname.obj
 0002:000004bc       ??_C@_09IFPLHPGF@?$GAvftable?8?$AA@ 1000d4bc     libvcruntime:undname.obj
 0002:000004c8       ??_C@_09BLBHBJP@?$GAvbtable?8?$AA@ 1000d4c8     libvcruntime:undname.obj
 0002:000004d4       ??_C@_07FEEIOKP@?$GAvcall?8?$AA@ 1000d4d4     libvcruntime:undname.obj
 0002:000004dc       ??_C@_08LLFFHHDJ@?$GAtypeof?8?$AA@ 1000d4dc     libvcruntime:undname.obj
 0002:000004e8       ??_C@_0BF@KDPPACIK@?$GAlocal?5static?5guard?8?$AA@ 1000d4e8     libvcruntime:undname.obj
 0002:00000500       ??_C@_08OBABFOLI@?$GAstring?8?$AA@ 1000d500     libvcruntime:undname.obj
 0002:0000050c       ??_C@_0BD@JDLKDPAB@?$GAvbase?5destructor?8?$AA@ 1000d50c     libvcruntime:undname.obj
 0002:00000520       ??_C@_0BN@DEGPLNFK@?$GAvector?5deleting?5destructor?8?$AA@ 1000d520     libvcruntime:undname.obj
 0002:00000540       ??_C@_0BO@OBMKPJIG@?$GAdefault?5constructor?5closure?8?$AA@ 1000d540     libvcruntime:undname.obj
 0002:00000560       ??_C@_0BN@IMDCHIKM@?$GAscalar?5deleting?5destructor?8?$AA@ 1000d560     libvcruntime:undname.obj
 0002:00000580       ??_C@_0BO@PFGOCPJJ@?$GAvector?5constructor?5iterator?8?$AA@ 1000d580     libvcruntime:undname.obj
 0002:000005a0       ??_C@_0BN@LFPFMEDL@?$GAvector?5destructor?5iterator?8?$AA@ 1000d5a0     libvcruntime:undname.obj
 0002:000005c0       ??_C@_0CE@IKBNEHA@?$GAvector?5vbase?5constructor?5iterat@ 1000d5c0     libvcruntime:undname.obj
 0002:000005e4       ??_C@_0BL@NILFHHPC@?$GAvirtual?5displacement?5map?8?$AA@ 1000d5e4     libvcruntime:undname.obj
 0002:00000600       ??_C@_0CB@JONCMFFK@?$GAeh?5vector?5constructor?5iterator?8@ 1000d600     libvcruntime:undname.obj
 0002:00000624       ??_C@_0CA@GCEOPDGL@?$GAeh?5vector?5destructor?5iterator?8?$AA@ 1000d624     libvcruntime:undname.obj
 0002:00000644       ??_C@_0CH@OOJPLCPH@?$GAeh?5vector?5vbase?5constructor?5ite@ 1000d644     libvcruntime:undname.obj
 0002:0000066c       ??_C@_0BL@LLKPOHJI@?$GAcopy?5constructor?5closure?8?$AA@ 1000d66c     libvcruntime:undname.obj
 0002:00000688       ??_C@_0BA@KBCDOMBN@?$GAudt?5returning?8?$AA@ 1000d688     libvcruntime:undname.obj
 0002:00000698       ??_C@_03KLGMFNMG@?$GAEH?$AA@ 1000d698     libvcruntime:undname.obj
 0002:0000069c       ??_C@_05KHLCHHI@?$GARTTI?$AA@ 1000d69c     libvcruntime:undname.obj
 0002:000006a4       ??_C@_0BA@KKLDJDLB@?$GAlocal?5vftable?8?$AA@ 1000d6a4     libvcruntime:undname.obj
 0002:000006b4       ??_C@_0CE@IIHCMGGL@?$GAlocal?5vftable?5constructor?5closu@ 1000d6b4     libvcruntime:undname.obj
 0002:000006d8       ??_C@_06FHBGPFGH@?5new?$FL?$FN?$AA@ 1000d6d8     libvcruntime:undname.obj
 0002:000006e0       ??_C@_09LBNFPBCA@?5delete?$FL?$FN?$AA@ 1000d6e0     libvcruntime:undname.obj
 0002:000006ec       ??_C@_0P@HJKNJFNN@?$GAomni?5callsig?8?$AA@ 1000d6ec     libvcruntime:undname.obj
 0002:000006fc       ??_C@_0BL@CNOONJFP@?$GAplacement?5delete?5closure?8?$AA@ 1000d6fc     libvcruntime:undname.obj
 0002:00000718       ??_C@_0BN@CKNJLHMB@?$GAplacement?5delete?$FL?$FN?5closure?8?$AA@ 1000d718     libvcruntime:undname.obj
 0002:00000738       ??_C@_0CG@CFDHKGGD@?$GAmanaged?5vector?5constructor?5iter@ 1000d738     libvcruntime:undname.obj
 0002:00000760       ??_C@_0CF@IMGKMJNO@?$GAmanaged?5vector?5destructor?5itera@ 1000d760     libvcruntime:undname.obj
 0002:00000788       ??_C@_0CG@HLDDJMAG@?$GAeh?5vector?5copy?5constructor?5iter@ 1000d788     libvcruntime:undname.obj
 0002:000007b0       ??_C@_0CM@FCBBDIGB@?$GAeh?5vector?5vbase?5copy?5constructo@ 1000d7b0     libvcruntime:undname.obj
 0002:000007dc       ??_C@_0BL@CLIPGLGB@?$GAdynamic?5initializer?5for?5?8?$AA@ 1000d7dc     libvcruntime:undname.obj
 0002:000007f8       ??_C@_0CB@PDBIFEP@?$GAdynamic?5atexit?5destructor?5for?5?8@ 1000d7f8     libvcruntime:undname.obj
 0002:0000081c       ??_C@_0CD@CGAJBKEJ@?$GAvector?5copy?5constructor?5iterato@ 1000d81c     libvcruntime:undname.obj
 0002:00000840       ??_C@_0CJ@GJELGAMM@?$GAvector?5vbase?5copy?5constructor?5i@ 1000d840     libvcruntime:undname.obj
 0002:0000086c       ??_C@_0CL@FGIJHLCE@?$GAmanaged?5vector?5copy?5constructor@ 1000d86c     libvcruntime:undname.obj
 0002:00000898       ??_C@_0BM@PMGGMLDN@?$GAlocal?5static?5thread?5guard?8?$AA@ 1000d898     libvcruntime:undname.obj
 0002:000008b4       ??_C@_0N@BDNMDMOL@operator?5?$CC?$CC?5?$AA@ 1000d8b4     libvcruntime:undname.obj
 0002:000008c4       ??_C@_0BC@GGEBGALA@operator?5co_await?$AA@ 1000d8c4     libvcruntime:undname.obj
 0002:000008d8       ??_C@_0BC@DAFEJGAK@?5Type?5Descriptor?8?$AA@ 1000d8d8     libvcruntime:undname.obj
 0002:000008ec       ??_C@_0BM@LDKODKLH@?5Base?5Class?5Descriptor?5at?5?$CI?$AA@ 1000d8ec     libvcruntime:undname.obj
 0002:00000908       ??_C@_0BD@LGICGFMM@?5Base?5Class?5Array?8?$AA@ 1000d908     libvcruntime:undname.obj
 0002:0000091c       ??_C@_0BN@MECKDCOJ@?5Class?5Hierarchy?5Descriptor?8?$AA@ 1000d91c     libvcruntime:undname.obj
 0002:0000093c       ??_C@_0BK@CFCOFLF@?5Complete?5Object?5Locator?8?$AA@ 1000d93c     libvcruntime:undname.obj
 0002:00000964       ??_C@_1DM@KHCHBNEB@?$AAa?$AAp?$AAi?$AA?9?$AAm?$AAs?$AA?9?$AAw?$AAi?$AAn?$AA?9?$AAc?$AAo?$AAr?$AAe?$AA?9?$AAf?$AAi?$AAb?$AAe?$AAr?$AAs?$AA?9?$AAl?$AA1?$AA?9?$AA1?$AA?9?$AA1?$AA?$AA@ 1000d964     libvcruntime:winapi_downlevel.obj
 0002:000009a0       ??_C@_1DK@LPPGFMPP@?$AAa?$AAp?$AAi?$AA?9?$AAm?$AAs?$AA?9?$AAw?$AAi?$AAn?$AA?9?$AAc?$AAo?$AAr?$AAe?$AA?9?$AAs?$AAy?$AAn?$AAc?$AAh?$AA?9?$AAl?$AA1?$AA?9?$AA2?$AA?9?$AA0?$AA?$AA@ 1000d9a0     libvcruntime:winapi_downlevel.obj
 0002:000009dc       ??_C@_1BC@GDMECMAK@?$AAk?$AAe?$AAr?$AAn?$AAe?$AAl?$AA3?$AA2?$AA?$AA@ 1000d9dc     libvcruntime:winapi_downlevel.obj
 0002:000009f0       ??_C@_1BA@PFFKHIOG@?$AAa?$AAp?$AAi?$AA?9?$AAm?$AAs?$AA?9?$AA?$AA@ 1000d9f0     libvcruntime:winapi_downlevel.obj
 0002:00000a00       ??_C@_1BA@IAIFMGEF@?$AAe?$AAx?$AAt?$AA?9?$AAm?$AAs?$AA?9?$AA?$AA@ 1000da00     libvcruntime:winapi_downlevel.obj
 0002:00000a18       ??_C@_08KNHFBNJ@FlsAlloc?$AA@ 1000da18     libvcruntime:winapi_downlevel.obj
 0002:00000a2c       ??_C@_07PEJMOBNF@FlsFree?$AA@ 1000da2c     libvcruntime:winapi_downlevel.obj
 0002:00000a3c       ??_C@_0M@GDNOONDI@FlsGetValue?$AA@ 1000da3c     libvcruntime:winapi_downlevel.obj
 0002:00000a50       ??_C@_0M@JCPCPOEF@FlsSetValue?$AA@ 1000da50     libvcruntime:winapi_downlevel.obj
 0002:00000a64       ??_C@_0BM@HCFOFFN@InitializeCriticalSectionEx?$AA@ 1000da64     libvcruntime:winapi_downlevel.obj
 0002:00000a80       ___acrt_exception_action_table 1000da80     libucrt:exception_filter.obj
 0002:00000b10       ___acrt_signal_action_table_count 1000db10     libucrt:exception_filter.obj
 0002:00000b14       ___acrt_signal_action_first_fpe_index 1000db14     libucrt:exception_filter.obj
 0002:00000b18       ___acrt_signal_action_fpe_count 1000db18     libucrt:exception_filter.obj
 0002:00000b1c       ??_C@_1BI@BGOHAHKC@?$AAm?$AAs?$AAc?$AAo?$AAr?$AAe?$AAe?$AA?4?$AAd?$AAl?$AAl?$AA?$AA@ 1000db1c     libucrt:exit.obj
 0002:00000b34       ??_C@_0P@MIGLKIOC@CorExitProcess?$AA@ 1000db34     libucrt:exit.obj
 0002:00000c10       ??_C@_1EG@CNNIPFIM@?$AAa?$AAp?$AAi?$AA?9?$AAm?$AAs?$AA?9?$AAw?$AAi?$AAn?$AA?9?$AAa?$AAp?$AAp?$AAm?$AAo?$AAd?$AAe?$AAl?$AA?9?$AAr?$AAu?$AAn?$AAt?$AAi?$AAm?$AAe?$AA?9?$AAl?$AA1?$AA?9?$AA1@ 1000dc10     libucrt:winapi_thunks.obj
 0002:00000c58       ??_C@_1EA@JGEFHKEI@?$AAa?$AAp?$AAi?$AA?9?$AAm?$AAs?$AA?9?$AAw?$AAi?$AAn?$AA?9?$AAc?$AAo?$AAr?$AAe?$AA?9?$AAd?$AAa?$AAt?$AAe?$AAt?$AAi?$AAm?$AAe?$AA?9?$AAl?$AA1?$AA?9?$AA1?$AA?9?$AA1?$AA?$AA@ 1000dc58     libucrt:winapi_thunks.obj
 0002:00000c98       ??_C@_1DI@GCIAAENM@?$AAa?$AAp?$AAi?$AA?9?$AAm?$AAs?$AA?9?$AAw?$AAi?$AAn?$AA?9?$AAc?$AAo?$AAr?$AAe?$AA?9?$AAf?$AAi?$AAl?$AAe?$AA?9?$AAl?$AA2?$AA?9?$AA1?$AA?9?$AA1?$AA?$AA@ 1000dc98     libucrt:winapi_thunks.obj
 0002:00000cd0       ??_C@_1EI@MPIAOHOC@?$AAa?$AAp?$AAi?$AA?9?$AAm?$AAs?$AA?9?$AAw?$AAi?$AAn?$AA?9?$AAc?$AAo?$AAr?$AAe?$AA?9?$AAl?$AAo?$AAc?$AAa?$AAl?$AAi?$AAz?$AAa?$AAt?$AAi?$AAo?$AAn?$AA?9?$AAl?$AA1?$AA?9@ 1000dcd0     libucrt:winapi_thunks.obj
 0002:00000d18       ??_C@_1FK@FPHCKFIE@?$AAa?$AAp?$AAi?$AA?9?$AAm?$AAs?$AA?9?$AAw?$AAi?$AAn?$AA?9?$AAc?$AAo?$AAr?$AAe?$AA?9?$AAl?$AAo?$AAc?$AAa?$AAl?$AAi?$AAz?$AAa?$AAt?$AAi?$AAo?$AAn?$AA?9?$AAo?$AAb?$AAs@ 1000dd18     libucrt:winapi_thunks.obj
 0002:00000d78       ??_C@_1EM@DILCGIIO@?$AAa?$AAp?$AAi?$AA?9?$AAm?$AAs?$AA?9?$AAw?$AAi?$AAn?$AA?9?$AAc?$AAo?$AAr?$AAe?$AA?9?$AAp?$AAr?$AAo?$AAc?$AAe?$AAs?$AAs?$AAt?$AAh?$AAr?$AAe?$AAa?$AAd?$AAs?$AA?9?$AAl@ 1000dd78     libucrt:winapi_thunks.obj
 0002:00000dc4       ??_C@_1DM@LNCGDDPN@?$AAa?$AAp?$AAi?$AA?9?$AAm?$AAs?$AA?9?$AAw?$AAi?$AAn?$AA?9?$AAc?$AAo?$AAr?$AAe?$AA?9?$AAs?$AAt?$AAr?$AAi?$AAn?$AAg?$AA?9?$AAl?$AA1?$AA?9?$AA1?$AA?9?$AA0?$AA?$AA@ 1000ddc4     libucrt:winapi_thunks.obj
 0002:00000e00       ??_C@_1DO@FPAPJEMD@?$AAa?$AAp?$AAi?$AA?9?$AAm?$AAs?$AA?9?$AAw?$AAi?$AAn?$AA?9?$AAc?$AAo?$AAr?$AAe?$AA?9?$AAs?$AAy?$AAs?$AAi?$AAn?$AAf?$AAo?$AA?9?$AAl?$AA1?$AA?9?$AA2?$AA?9?$AA1?$AA?$AA@ 1000de00     libucrt:winapi_thunks.obj
 0002:00000e40       ??_C@_1DK@NDHNAHIO@?$AAa?$AAp?$AAi?$AA?9?$AAm?$AAs?$AA?9?$AAw?$AAi?$AAn?$AA?9?$AAc?$AAo?$AAr?$AAe?$AA?9?$AAw?$AAi?$AAn?$AAr?$AAt?$AA?9?$AAl?$AA1?$AA?9?$AA1?$AA?9?$AA0?$AA?$AA@ 1000de40     libucrt:winapi_thunks.obj
 0002:00000e7c       ??_C@_1DM@KGHDGBCM@?$AAa?$AAp?$AAi?$AA?9?$AAm?$AAs?$AA?9?$AAw?$AAi?$AAn?$AA?9?$AAc?$AAo?$AAr?$AAe?$AA?9?$AAx?$AAs?$AAt?$AAa?$AAt?$AAe?$AA?9?$AAl?$AA2?$AA?9?$AA1?$AA?9?$AA0?$AA?$AA@ 1000de7c     libucrt:winapi_thunks.obj
 0002:00000eb8       ??_C@_1EO@IJIOEFOH@?$AAa?$AAp?$AAi?$AA?9?$AAm?$AAs?$AA?9?$AAw?$AAi?$AAn?$AA?9?$AAr?$AAt?$AAc?$AAo?$AAr?$AAe?$AA?9?$AAn?$AAt?$AAu?$AAs?$AAe?$AAr?$AA?9?$AAw?$AAi?$AAn?$AAd?$AAo?$AAw?$AA?9@ 1000deb8     libucrt:winapi_thunks.obj
 0002:00000f08       ??_C@_1FG@HHGEKANL@?$AAa?$AAp?$AAi?$AA?9?$AAm?$AAs?$AA?9?$AAw?$AAi?$AAn?$AA?9?$AAs?$AAe?$AAc?$AAu?$AAr?$AAi?$AAt?$AAy?$AA?9?$AAs?$AAy?$AAs?$AAt?$AAe?$AAm?$AAf?$AAu?$AAn?$AAc?$AAt?$AAi@ 1000df08     libucrt:winapi_thunks.obj
 0002:00000f60       ??_C@_1FG@NCKKOLKO@?$AAe?$AAx?$AAt?$AA?9?$AAm?$AAs?$AA?9?$AAw?$AAi?$AAn?$AA?9?$AAk?$AAe?$AAr?$AAn?$AAe?$AAl?$AA3?$AA2?$AA?9?$AAp?$AAa?$AAc?$AAk?$AAa?$AAg?$AAe?$AA?9?$AAc?$AAu?$AAr?$AAr@ 1000df60     libucrt:winapi_thunks.obj
 0002:00000fb8       ??_C@_1EG@DBIOJECG@?$AAe?$AAx?$AAt?$AA?9?$AAm?$AAs?$AA?9?$AAw?$AAi?$AAn?$AA?9?$AAn?$AAt?$AAu?$AAs?$AAe?$AAr?$AA?9?$AAd?$AAi?$AAa?$AAl?$AAo?$AAg?$AAb?$AAo?$AAx?$AA?9?$AAl?$AA1?$AA?9?$AA1@ 1000dfb8     libucrt:winapi_thunks.obj
 0002:00001000       ??_C@_1EO@FIHMJCLF@?$AAe?$AAx?$AAt?$AA?9?$AAm?$AAs?$AA?9?$AAw?$AAi?$AAn?$AA?9?$AAn?$AAt?$AAu?$AAs?$AAe?$AAr?$AA?9?$AAw?$AAi?$AAn?$AAd?$AAo?$AAw?$AAs?$AAt?$AAa?$AAt?$AAi?$AAo?$AAn?$AA?9@ 1000e000     libucrt:winapi_thunks.obj
 0002:00001050       ??_C@_1BC@DNHGCMLG@?$AAa?$AAd?$AAv?$AAa?$AAp?$AAi?$AA3?$AA2?$AA?$AA@ 1000e050     libucrt:winapi_thunks.obj
 0002:00001064       ??_C@_1O@BCCLBEOE@?$AAu?$AAs?$AAe?$AAr?$AA3?$AA2?$AA?$AA@ 1000e064     libucrt:winapi_thunks.obj
 0002:0000109c       ??_C@_0BE@JOGNEJCI@GetCurrentPackageId?$AA@ 1000e09c     libucrt:winapi_thunks.obj
 0002:000010c0       ??_C@_0O@KKBNKAPF@LCMapStringEx?$AA@ 1000e0c0     libucrt:winapi_thunks.obj
 0002:000010d8       ??_C@_0BB@HBDEELFH@LocaleNameToLCID?$AA@ 1000e0d8     libucrt:winapi_thunks.obj
 0002:00001268       ??_C@_1M@HPNHIDJI@?$AAj?$AAa?$AA?9?$AAJ?$AAP?$AA?$AA@ 1000e268     libucrt:mbctype.obj
 0002:00001274       ??_C@_1M@BIBDDEMK@?$AAz?$AAh?$AA?9?$AAC?$AAN?$AA?$AA@ 1000e274     libucrt:mbctype.obj
 0002:00001280       ??_C@_1M@JLOOOEGK@?$AAk?$AAo?$AA?9?$AAK?$AAR?$AA?$AA@ 1000e280     libucrt:mbctype.obj
 0002:0000128c       ??_C@_1M@CLNBBOPM@?$AAz?$AAh?$AA?9?$AAT?$AAW?$AA?$AA@ 1000e28c     libucrt:mbctype.obj
 0002:00001298       ??_C@_03KOEHGMDN@Sun?$AA@  1000e298     libucrt:nlsdata.obj
 0002:0000129c       ??_C@_03PDAGKDH@Mon?$AA@   1000e29c     libucrt:nlsdata.obj
 0002:000012a0       ??_C@_03NAGEINEP@Tue?$AA@  1000e2a0     libucrt:nlsdata.obj
 0002:000012a4       ??_C@_03MHOMLAJA@Wed?$AA@  1000e2a4     libucrt:nlsdata.obj
 0002:000012a8       ??_C@_03IOFIKPDN@Thu?$AA@  1000e2a8     libucrt:nlsdata.obj
 0002:000012ac       ??_C@_03IDIOELNC@Fri?$AA@  1000e2ac     libucrt:nlsdata.obj
 0002:000012b0       ??_C@_03FEFJNEK@Sat?$AA@   1000e2b0     libucrt:nlsdata.obj
 0002:000012b4       ??_C@_06OOPIFAJ@Sunday?$AA@ 1000e2b4     libucrt:nlsdata.obj
 0002:000012bc       ??_C@_06JLEDEDGH@Monday?$AA@ 1000e2bc     libucrt:nlsdata.obj
 0002:000012c4       ??_C@_07BAAGCFCM@Tuesday?$AA@ 1000e2c4     libucrt:nlsdata.obj
 0002:000012cc       ??_C@_09DLIGFAKA@Wednesday?$AA@ 1000e2cc     libucrt:nlsdata.obj
 0002:000012d8       ??_C@_08HACCIKIA@Thursday?$AA@ 1000e2d8     libucrt:nlsdata.obj
 0002:000012e4       ??_C@_06JECMNKMI@Friday?$AA@ 1000e2e4     libucrt:nlsdata.obj
 0002:000012ec       ??_C@_08INBOOONO@Saturday?$AA@ 1000e2ec     libucrt:nlsdata.obj
 0002:000012f8       ??_C@_03JIHJHPIE@Jan?$AA@  1000e2f8     libucrt:nlsdata.obj
 0002:000012fc       ??_C@_03HJBDCHOM@Feb?$AA@  1000e2fc     libucrt:nlsdata.obj
 0002:00001300       ??_C@_03ODNJBKGA@Mar?$AA@  1000e300     libucrt:nlsdata.obj
 0002:00001304       ??_C@_03LEOLGMJP@Apr?$AA@  1000e304     libucrt:nlsdata.obj
 0002:00001308       ??_C@_03CNMDKL@May?$AA@    1000e308     libucrt:nlsdata.obj
 0002:0000130c       ??_C@_03IDFGHECI@Jun?$AA@  1000e30c     libucrt:nlsdata.obj
 0002:00001310       ??_C@_03LBGABGKK@Jul?$AA@  1000e310     libucrt:nlsdata.obj
 0002:00001314       ??_C@_03IFJFEIGA@Aug?$AA@  1000e314     libucrt:nlsdata.obj
 0002:00001318       ??_C@_03GGCAPAJC@Sep?$AA@  1000e318     libucrt:nlsdata.obj
 0002:0000131c       ??_C@_03BMAOKBAD@Oct?$AA@  1000e31c     libucrt:nlsdata.obj
 0002:00001320       ??_C@_03JPJOFNIA@Nov?$AA@  1000e320     libucrt:nlsdata.obj
 0002:00001324       ??_C@_03MKABNOCG@Dec?$AA@  1000e324     libucrt:nlsdata.obj
 0002:00001328       ??_C@_07CGJPFGJA@January?$AA@ 1000e328     libucrt:nlsdata.obj
 0002:00001330       ??_C@_08GNJGEPFN@February?$AA@ 1000e330     libucrt:nlsdata.obj
 0002:0000133c       ??_C@_05HPCKOFNC@March?$AA@ 1000e33c     libucrt:nlsdata.obj
 0002:00001344       ??_C@_05DMJDNLEJ@April?$AA@ 1000e344     libucrt:nlsdata.obj
 0002:0000134c       ??_C@_04CNLMGBGM@June?$AA@ 1000e34c     libucrt:nlsdata.obj
 0002:00001354       ??_C@_04MIEPOIFP@July?$AA@ 1000e354     libucrt:nlsdata.obj
 0002:0000135c       ??_C@_06LBBHFDDG@August?$AA@ 1000e35c     libucrt:nlsdata.obj
 0002:00001364       ??_C@_09BHHEALKD@September?$AA@ 1000e364     libucrt:nlsdata.obj
 0002:00001370       ??_C@_07JJNFCEND@October?$AA@ 1000e370     libucrt:nlsdata.obj
 0002:00001378       ??_C@_08HCHEGEOA@November?$AA@ 1000e378     libucrt:nlsdata.obj
 0002:00001384       ??_C@_08EDHMEBNP@December?$AA@ 1000e384     libucrt:nlsdata.obj
 0002:00001390       ??_C@_02DEDBPAFC@AM?$AA@   1000e390     libucrt:nlsdata.obj
 0002:00001394       ??_C@_02CJNFDJBF@PM?$AA@   1000e394     libucrt:nlsdata.obj
 0002:00001398       ??_C@_08BPBNCDIB@MM?1dd?1yy?$AA@ 1000e398     libucrt:nlsdata.obj
 0002:000013a4       ??_C@_0BE@CKGJFCPC@dddd?0?5MMMM?5dd?0?5yyyy?$AA@ 1000e3a4     libucrt:nlsdata.obj
 0002:000013b8       ??_C@_08JCCMCCIL@HH?3mm?3ss?$AA@ 1000e3b8     libucrt:nlsdata.obj
 0002:000013c4       ??_C@_17MBGCMIPB@?$AAS?$AAu?$AAn?$AA?$AA@ 1000e3c4     libucrt:nlsdata.obj
 0002:000013cc       ??_C@_17KBOMKBF@?$AAM?$AAo?$AAn?$AA?$AA@ 1000e3cc     libucrt:nlsdata.obj
 0002:000013d4       ??_C@_17BMKGEGOJ@?$AAT?$AAu?$AAe?$AA?$AA@ 1000e3d4     libucrt:nlsdata.obj
 0002:000013dc       ??_C@_17CJEDCEPE@?$AAW?$AAe?$AAd?$AA?$AA@ 1000e3dc     libucrt:nlsdata.obj
 0002:000013e4       ??_C@_17PDPHAADD@?$AAT?$AAh?$AAu?$AA?$AA@ 1000e3e4     libucrt:nlsdata.obj
 0002:000013ec       ??_C@_17HFOLPPLP@?$AAF?$AAr?$AAi?$AA?$AA@ 1000e3ec     libucrt:nlsdata.obj
 0002:000013f4       ??_C@_17GGIBDPIH@?$AAS?$AAa?$AAt?$AA?$AA@ 1000e3f4     libucrt:nlsdata.obj
 0002:000013fc       ??_C@_1O@IHNHDHPB@?$AAS?$AAu?$AAn?$AAd?$AAa?$AAy?$AA?$AA@ 1000e3fc     libucrt:nlsdata.obj
 0002:0000140c       ??_C@_1O@MMNBFLIA@?$AAM?$AAo?$AAn?$AAd?$AAa?$AAy?$AA?$AA@ 1000e40c     libucrt:nlsdata.obj
 0002:0000141c       ??_C@_1BA@ENFBFFEK@?$AAT?$AAu?$AAe?$AAs?$AAd?$AAa?$AAy?$AA?$AA@ 1000e41c     libucrt:nlsdata.obj
 0002:0000142c       ??_C@_1BE@EBOGMDOH@?$AAW?$AAe?$AAd?$AAn?$AAe?$AAs?$AAd?$AAa?$AAy?$AA?$AA@ 1000e42c     libucrt:nlsdata.obj
 0002:00001440       ??_C@_1BC@HHMNLIHE@?$AAT?$AAh?$AAu?$AAr?$AAs?$AAd?$AAa?$AAy?$AA?$AA@ 1000e440     libucrt:nlsdata.obj
 0002:00001454       ??_C@_1O@PDICJHAG@?$AAF?$AAr?$AAi?$AAd?$AAa?$AAy?$AA?$AA@ 1000e454     libucrt:nlsdata.obj
 0002:00001464       ??_C@_1BC@ENMNNPAJ@?$AAS?$AAa?$AAt?$AAu?$AAr?$AAd?$AAa?$AAy?$AA?$AA@ 1000e464     libucrt:nlsdata.obj
 0002:00001478       ??_C@_17DKNBKCHM@?$AAJ?$AAa?$AAn?$AA?$AA@ 1000e478     libucrt:nlsdata.obj
 0002:00001480       ??_C@_17LMDJEKJN@?$AAF?$AAe?$AAb?$AA?$AA@ 1000e480     libucrt:nlsdata.obj
 0002:00001488       ??_C@_17CKNLEDEC@?$AAM?$AAa?$AAr?$AA?$AA@ 1000e488     libucrt:nlsdata.obj
 0002:00001490       ??_C@_17LFPOIHDD@?$AAA?$AAp?$AAr?$AA?$AA@ 1000e490     libucrt:nlsdata.obj
 0002:00001498       ??_C@_17PNNKMEED@?$AAM?$AAa?$AAy?$AA?$AA@ 1000e498     libucrt:nlsdata.obj
 0002:000014a0       ??_C@_17KCJGOCPB@?$AAJ?$AAu?$AAn?$AA?$AA@ 1000e4a0     libucrt:nlsdata.obj
 0002:000014a8       ??_C@_17IJPCKHK@?$AAJ?$AAu?$AAl?$AA?$AA@ 1000e4a8     libucrt:nlsdata.obj
 0002:000014b0       ??_C@_17ICPELBCN@?$AAA?$AAu?$AAg?$AA?$AA@ 1000e4b0     libucrt:nlsdata.obj
 0002:000014b8       ??_C@_17HCHCOKMG@?$AAS?$AAe?$AAp?$AA?$AA@ 1000e4b8     libucrt:nlsdata.obj
 0002:000014c0       ??_C@_17FNLKOI@?$AAO?$AAc?$AAt?$AA?$AA@ 1000e4c0     libucrt:nlsdata.obj
 0002:000014c8       ??_C@_17BBDMLCIG@?$AAN?$AAo?$AAv?$AA?$AA@ 1000e4c8     libucrt:nlsdata.obj
 0002:000014d0       ??_C@_17EGKACKIF@?$AAD?$AAe?$AAc?$AA?$AA@ 1000e4d0     libucrt:nlsdata.obj
 0002:000014d8       ??_C@_1BA@EFMEIEBA@?$AAJ?$AAa?$AAn?$AAu?$AAa?$AAr?$AAy?$AA?$AA@ 1000e4d8     libucrt:nlsdata.obj
 0002:000014e8       ??_C@_1BC@JGDDFFAM@?$AAF?$AAe?$AAb?$AAr?$AAu?$AAa?$AAr?$AAy?$AA?$AA@ 1000e4e8     libucrt:nlsdata.obj
 0002:000014fc       ??_C@_1M@IKEENEDF@?$AAM?$AAa?$AAr?$AAc?$AAh?$AA?$AA@ 1000e4fc     libucrt:nlsdata.obj
 0002:00001508       ??_C@_1M@GJNLMHFD@?$AAA?$AAp?$AAr?$AAi?$AAl?$AA?$AA@ 1000e508     libucrt:nlsdata.obj
 0002:00001514       ??_C@_19EPFLPGAP@?$AAJ?$AAu?$AAn?$AAe?$AA?$AA@ 1000e514     libucrt:nlsdata.obj
 0002:00001520       ??_C@_19BIFMLPCD@?$AAJ?$AAu?$AAl?$AAy?$AA?$AA@ 1000e520     libucrt:nlsdata.obj
 0002:0000152c       ??_C@_1O@PAHLKOAC@?$AAA?$AAu?$AAg?$AAu?$AAs?$AAt?$AA?$AA@ 1000e52c     libucrt:nlsdata.obj
 0002:0000153c       ??_C@_1BE@DKAAMBJL@?$AAS?$AAe?$AAp?$AAt?$AAe?$AAm?$AAb?$AAe?$AAr?$AA?$AA@ 1000e53c     libucrt:nlsdata.obj
 0002:00001550       ??_C@_1BA@EPANDLNG@?$AAO?$AAc?$AAt?$AAo?$AAb?$AAe?$AAr?$AA?$AA@ 1000e550     libucrt:nlsdata.obj
 0002:00001560       ??_C@_1BC@BGLIFPF@?$AAN?$AAo?$AAv?$AAe?$AAm?$AAb?$AAe?$AAr?$AA?$AA@ 1000e560     libucrt:nlsdata.obj
 0002:00001574       ??_C@_1BC@FEMKIFH@?$AAD?$AAe?$AAc?$AAe?$AAm?$AAb?$AAe?$AAr?$AA?$AA@ 1000e574     libucrt:nlsdata.obj
 0002:00001588       ??_C@_15ODEHAHHF@?$AAA?$AAM?$AA?$AA@ 1000e588     libucrt:nlsdata.obj
 0002:00001590       ??_C@_15CLMNNGEL@?$AAP?$AAM?$AA?$AA@ 1000e590     libucrt:nlsdata.obj
 0002:00001598       ??_C@_1BC@IEBCMHCM@?$AAM?$AAM?$AA?1?$AAd?$AAd?$AA?1?$AAy?$AAy?$AA?$AA@ 1000e598     libucrt:nlsdata.obj
 0002:000015ac       ??_C@_1CI@KNAKOEBC@?$AAd?$AAd?$AAd?$AAd?$AA?0?$AA?5?$AAM?$AAM?$AAM?$AAM?$AA?5?$AAd?$AAd?$AA?0?$AA?5?$AAy?$AAy?$AAy?$AAy?$AA?$AA@ 1000e5ac     libucrt:nlsdata.obj
 0002:000015d4       ??_C@_1BC@GDGBMEMK@?$AAH?$AAH?$AA?3?$AAm?$AAm?$AA?3?$AAs?$AAs?$AA?$AA@ 1000e5d4     libucrt:nlsdata.obj
 0002:000015e8       ??_C@_1M@BMHNFIME@?$AAe?$AAn?$AA?9?$AAU?$AAS?$AA?$AA@ 1000e5e8     libucrt:nlsdata.obj
 0002:000015f8       ___lc_time_c               1000e5f8     libucrt:nlsdata.obj
 0002:00001760       ___newctype                1000e760     libucrt:ctype.obj
 0002:00001a60       ___newclmap                1000ea60     libucrt:ctype.obj
 0002:00001be0       ___newcumap                1000ebe0     libucrt:ctype.obj
 0002:00002480       ??_C@_15EMKDOKLE@?$AAa?$AAr?$AA?$AA@ 1000f480     libucrt:lcidtoname_downlevel.obj
 0002:00002488       ??_C@_15KNPADPLH@?$AAb?$AAg?$AA?$AA@ 1000f488     libucrt:lcidtoname_downlevel.obj
 0002:00002490       ??_C@_15EDMHLDMO@?$AAc?$AAa?$AA?$AA@ 1000f490     libucrt:lcidtoname_downlevel.obj
 0002:00002498       ??_C@_1O@BPEAJADD@?$AAz?$AAh?$AA?9?$AAC?$AAH?$AAS?$AA?$AA@ 1000f498     libucrt:lcidtoname_downlevel.obj
 0002:000024a8       ??_C@_15LJNHCMNK@?$AAc?$AAs?$AA?$AA@ 1000f4a8     libucrt:lcidtoname_downlevel.obj
 0002:000024b0       ??_C@_15FOMCIDHG@?$AAd?$AAa?$AA?$AA@ 1000f4b0     libucrt:lcidtoname_downlevel.obj
 0002:000024b8       ??_C@_15NBKABECB@?$AAd?$AAe?$AA?$AA@ 1000f4b8     libucrt:lcidtoname_downlevel.obj
 0002:000024c0       ??_C@_15GHPEIIAO@?$AAe?$AAl?$AA?$AA@ 1000f4c0     libucrt:lcidtoname_downlevel.obj
 0002:000024c8       ??_C@_15MNPNEAIF@?$AAe?$AAn?$AA?$AA@ 1000f4c8     libucrt:lcidtoname_downlevel.obj
 0002:000024d0       ??_C@_15GPIOMPMH@?$AAe?$AAs?$AA?$AA@ 1000f4d0     libucrt:lcidtoname_downlevel.obj
 0002:000024d8       ??_C@_15NGLOAKJC@?$AAf?$AAi?$AA?$AA@ 1000f4d8     libucrt:lcidtoname_downlevel.obj
 0002:000024e0       ??_C@_15FBKGNKAM@?$AAf?$AAr?$AA?$AA@ 1000f4e0     libucrt:lcidtoname_downlevel.obj
 0002:000024e8       ??_C@_15KGGCNEFK@?$AAh?$AAe?$AA?$AA@ 1000f4e8     libucrt:lcidtoname_downlevel.obj
 0002:000024f0       ??_C@_15PGHLIDMF@?$AAh?$AAu?$AA?$AA@ 1000f4f0     libucrt:lcidtoname_downlevel.obj
 0002:000024f8       ??_C@_15BIEMAPLM@?$AAi?$AAs?$AA?$AA@ 1000f4f8     libucrt:lcidtoname_downlevel.obj
 0002:00002500       ??_C@_15IFJLDHAF@?$AAi?$AAt?$AA?$AA@ 1000f500     libucrt:lcidtoname_downlevel.obj
 0002:00002508       ??_C@_15GEMIOCAG@?$AAj?$AAa?$AA?$AA@ 1000f508     libucrt:lcidtoname_downlevel.obj
 0002:00002510       ??_C@_15EPELEGJA@?$AAk?$AAo?$AA?$AA@ 1000f510     libucrt:lcidtoname_downlevel.obj
 0002:00002518       ??_C@_15NDDHIMN@?$AAn?$AAl?$AA?$AA@ 1000f518     libucrt:lcidtoname_downlevel.obj
 0002:00002520       ??_C@_15BPIGNHCD@?$AAn?$AAo?$AA?$AA@ 1000f520     libucrt:lcidtoname_downlevel.obj
 0002:00002528       ??_C@_15DEOPBLCG@?$AAp?$AAl?$AA?$AA@ 1000f528     libucrt:lcidtoname_downlevel.obj
 0002:00002530       ??_C@_15KBECGEFG@?$AAp?$AAt?$AA?$AA@ 1000f530     libucrt:lcidtoname_downlevel.obj
 0002:00002538       ??_C@_15GLJCBFMD@?$AAr?$AAo?$AA?$AA@ 1000f538     libucrt:lcidtoname_downlevel.obj
 0002:00002540       ??_C@_15FEDGKCDI@?$AAr?$AAu?$AA?$AA@ 1000f540     libucrt:lcidtoname_downlevel.obj
 0002:00002548       ??_C@_15GLKMLLHM@?$AAh?$AAr?$AA?$AA@ 1000f548     libucrt:lcidtoname_downlevel.obj
 0002:00002550       ??_C@_15CPKMFBDB@?$AAs?$AAk?$AA?$AA@ 1000f550     libucrt:lcidtoname_downlevel.obj
 0002:00002558       ??_C@_15BAAIOGMK@?$AAs?$AAq?$AA?$AA@ 1000f558     libucrt:lcidtoname_downlevel.obj
 0002:00002560       ??_C@_15INNPNOHD@?$AAs?$AAv?$AA?$AA@ 1000f560     libucrt:lcidtoname_downlevel.obj
 0002:00002568       ??_C@_15CABMMOGH@?$AAt?$AAh?$AA?$AA@ 1000f568     libucrt:lcidtoname_downlevel.obj
 0002:00002570       ??_C@_15BPLIHJJM@?$AAt?$AAr?$AA?$AA@ 1000f570     libucrt:lcidtoname_downlevel.obj
 0002:00002578       ??_C@_15NEOEKKDJ@?$AAu?$AAr?$AA?$AA@ 1000f578     libucrt:lcidtoname_downlevel.obj
 0002:00002580       ??_C@_15NFICGAJK@?$AAi?$AAd?$AA?$AA@ 1000f580     libucrt:lcidtoname_downlevel.obj
 0002:00002588       ??_C@_15PJPFLCCM@?$AAu?$AAk?$AA?$AA@ 1000f588     libucrt:lcidtoname_downlevel.obj
 0002:00002590       ??_C@_15HPJPHDM@?$AAb?$AAe?$AA?$AA@ 1000f590     libucrt:lcidtoname_downlevel.obj
 0002:00002598       ??_C@_15LCHLGJII@?$AAs?$AAl?$AA?$AA@ 1000f598     libucrt:lcidtoname_downlevel.obj
 0002:000025a0       ??_C@_15PCFJPHHO@?$AAe?$AAt?$AA?$AA@ 1000f5a0     libucrt:lcidtoname_downlevel.obj
 0002:000025a8       ??_C@_15HPFPGODN@?$AAl?$AAv?$AA?$AA@ 1000f5a8     libucrt:lcidtoname_downlevel.obj
 0002:000025b0       ??_C@_15NFFGKGLG@?$AAl?$AAt?$AA?$AA@ 1000f5b0     libucrt:lcidtoname_downlevel.obj
 0002:000025b8       ??_C@_15BDAKCCHN@?$AAf?$AAa?$AA?$AA@ 1000f5b8     libucrt:lcidtoname_downlevel.obj
 0002:000025c0       ??_C@_15NFGIAIAJ@?$AAv?$AAi?$AA?$AA@ 1000f5c0     libucrt:lcidtoname_downlevel.obj
 0002:000025c8       ??_C@_15LMKNDMHN@?$AAh?$AAy?$AA?$AA@ 1000f5c8     libucrt:lcidtoname_downlevel.obj
 0002:000025d0       ??_C@_15IJBHMCFL@?$AAa?$AAz?$AA?$AA@ 1000f5d0     libucrt:lcidtoname_downlevel.obj
 0002:000025d8       ??_C@_15EKOFJABL@?$AAe?$AAu?$AA?$AA@ 1000f5d8     libucrt:lcidtoname_downlevel.obj
 0002:000025e0       ??_C@_15BGHADCNK@?$AAm?$AAk?$AA?$AA@ 1000f5e0     libucrt:lcidtoname_downlevel.obj
 0002:000025e8       ??_C@_15JDNICKHM@?$AAa?$AAf?$AA?$AA@ 1000f5e8     libucrt:lcidtoname_downlevel.obj
 0002:000025f0       ??_C@_15KPJEDBKD@?$AAk?$AAa?$AA?$AA@ 1000f5f0     libucrt:lcidtoname_downlevel.obj
 0002:000025f8       ??_C@_15PDNFFFEO@?$AAf?$AAo?$AA?$AA@ 1000f5f8     libucrt:lcidtoname_downlevel.obj
 0002:00002600       ??_C@_15OMLEGLOC@?$AAh?$AAi?$AA?$AA@ 1000f600     libucrt:lcidtoname_downlevel.obj
 0002:00002608       ??_C@_15IDNNENKK@?$AAm?$AAs?$AA?$AA@ 1000f608     libucrt:lcidtoname_downlevel.obj
 0002:00002610       ??_C@_15MACJNBMH@?$AAk?$AAk?$AA?$AA@ 1000f610     libucrt:lcidtoname_downlevel.obj
[...]
 0001:0000633e       ?siglookup@@YAPAU__crt_signal_action_t@@HQAU1@@Z 1000733e f   libucrt:signal.obj
 0001:00006d29       ?GetTableIndexFromLocaleName@@YAHPB_W@Z 10007d29 f   libucrt:lcidtoname_downlevel.obj
 0001:00006e20       ?shortsort@@YAXPAD0IP6AHPBX1@Z@Z 10007e20 f   libucrt:qsort.obj
 0001:00006ec0       ?swap@@YAXPAD0I@Z          10007ec0 f   libucrt:qsort.obj
 0001:0000729a       ??$common_tcsncpy_s@D@@YAHQADIQBDI@Z 1000829a f   libucrt:strncpy_s.obj
 0001:00007360       $$000000                   10008360     libucrt:strpbrk.obj
 0001:00007444       ?initialize_multibyte@@YAHXZ 10008444 f   libucrt:multibyte_initializer.obj
 0001:00007590       ?__acrt_LCMapStringA_stat@@YAHPAU__crt_locale_pointers@@PB_WKPBDHPADHHH@Z 10008590 f   libucrt:lcmapstringa.obj
 0001:00007c28       _common_flush_all          10008c28 f   libucrt:fflush.obj
 0001:00007f7e       ?free_crt_array_internal@@YAXQAPBXI@Z 10008f7e f   libucrt:inittime.obj
 0001:000081ef       ?write_double_translated_ansi_nolock@@YA?AUwrite_result@?A0x47fa6670@@HQBDI@Z 100091ef f   libucrt:write.obj
 0001:000083a2       ?write_double_translated_unicode_nolock@@YA?AUwrite_result@?A0x47fa6670@@QBDI@Z 100093a2 f   libucrt:write.obj
 0001:0000840f       ?write_requires_double_translation_nolock@@YA_NH@Z 1000940f f   libucrt:write.obj
 0001:00008485       ?write_text_ansi_nolock@@YA?AUwrite_result@?A0x47fa6670@@HQBDI@Z 10009485 f   libucrt:write.obj
 0001:00008564       ?write_text_utf16le_nolock@@YA?AUwrite_result@?A0x47fa6670@@HQBDI@Z 10009564 f   libucrt:write.obj
 0001:00008652       ?write_text_utf8_nolock@@YA?AUwrite_result@?A0x47fa6670@@HQBDI@Z 10009652 f   libucrt:write.obj
 0001:00008a80       $$000000                   10009a80     libucrt:log10.obj
 0001:00008bd0       $$000000                   10009bd0     libucrt:ceil_pentium4.obj
 0001:00008ced       ??$common_lseek_nolock@_J@@YA_JH_JH@Z 10009ced f   libucrt:lseek.obj
 0001:00008e80       $$000000                   10009e80     libucrt:_strnicm.obj
 0001:00008f40       $$000000                   10009f40     libucrt:log10_pentium4.obj
 0001:000091d0       $$000000                   1000a1d0     libucrt:87tran.obj
 0001:000093d0       $$000000                   1000a3d0     libucrt:87disp.obj
 0001:000095d0       $$000000                   1000a5d0     libucrt:common.obj
 0001:00009760       $$000000                   1000a760     libucrt:genexcep.obj
 0001:0000aa50       $$000000                   1000ba50     LIBCMT:ulldvrm.obj
 0001:0000aaf0       $$000000                   1000baf0     LIBCMT:_sehprolg4gs_.obj
 0001:0000ab50       $$000000                   1000bb50     LIBCMT:llmul.obj
 0001:0000ab90       $$000000                   1000bb90     LIBCMT:lldvrm.obj
 0001:0000ac70       $$000000                   1000bc70     LIBCMT:ullshr.obj
 0001:0000ac90       $$000000                   1000bc90     LIBCMT:alloca16.obj
 0001:0000acc0       $$000000                   1000bcc0     LIBCMT:llshl.obj
 0001:0000ace0       $$000000                   1000bce0     LIBCMT:_ftol2_.obj
 0001:0000ada0       $$000000                   1000bda0     LIBCMT:chkstk.obj
 0001:0000add0       $$000000                   1000bdd0     libvcruntime:memcpy.obj
 0001:0000b034       TrailingUpVec              1000c034     libvcruntime:memcpy.obj
 0001:0000b0e0       TrailingDownVec            1000c0e0     libvcruntime:memcpy.obj
 0002:000001d0       _GS_ExceptionPointers      1000d1d0     LIBCMT:gs_report.obj
 0002:000001e0       ?tokenTable@@3QBQBDB       1000d1e0     libvcruntime:undname.obj
 0002:00000218       ?nameTable@@3QBQBDB        1000d218     libvcruntime:undname.obj
 0002:00000360       ?rttiTable@@3QBQBDB        1000d360     libvcruntime:undname.obj
 0002:00000958       ?module_names@?A0x58e6d967@@3QBQB_WB 1000d958     libvcruntime:winapi_downlevel.obj
 0002:00000a10       ?candidate_modules@?1??try_get_FlsAlloc@@YAP6GKP6GXPAX@Z@ZXZ@4QBW4module_id@?A0x58e6d967@@B 1000da10     libvcruntime:winapi_downlevel.obj
 0002:00000a24       ?candidate_modules@?1??try_get_FlsFree@@YAP6GHK@ZXZ@4QBW4module_id@?A0x58e6d967@@B 1000da24     libvcruntime:winapi_downlevel.obj
 0002:00000a34       ?candidate_modules@?1??try_get_FlsGetValue@@YAP6GPAXK@ZXZ@4QBW4module_id@?A0x58e6d967@@B 1000da34     libvcruntime:winapi_downlevel.obj
 0002:00000a48       ?candidate_modules@?1??try_get_FlsSetValue@@YAP6GHKPAX@ZXZ@4QBW4module_id@?A0x58e6d967@@B 1000da48     libvcruntime:winapi_downlevel.obj
 0002:00000a5c       ?candidate_modules@?1??try_get_InitializeCriticalSectionEx@@YAP6GHPAU_RTL_CRITICAL_SECTION@@KK@ZXZ@4QBW4module_id@?A0x58e6d967@@B 1000da5c     libvcruntime:winapi_downlevel.obj
 0002:00000b48       ___acrt_initializers       1000db48     libucrt:initialization.obj
 0002:00000bc0       _module_names              1000dbc0     libucrt:winapi_thunks.obj
 0002:00001074       ?candidate_modules@?1??try_get_FlsAlloc@@YAP6GKP6GXPAX@Z@ZXZ@4QBW4module_id@?A0x352e5c4b@@B 1000e074     libucrt:winapi_thunks.obj
 0002:0000107c       ?candidate_modules@?1??try_get_FlsFree@@YAP6GHK@ZXZ@4QBW4module_id@?A0x352e5c4b@@B 1000e07c     libucrt:winapi_thunks.obj
 0002:00001084       ?candidate_modules@?1??try_get_FlsGetValue@@YAP6GPAXK@ZXZ@4QBW4module_id@?A0x352e5c4b@@B 1000e084     libucrt:winapi_thunks.obj
 0002:0000108c       ?candidate_modules@?1??try_get_FlsSetValue@@YAP6GHKPAX@ZXZ@4QBW4module_id@?A0x352e5c4b@@B 1000e08c     libucrt:winapi_thunks.obj
 0002:00001094       ?candidate_modules@?1??try_get_GetCurrentPackageId@@YAP6GJPAIPAE@ZXZ@4QBW4module_id@?A0x352e5c4b@@B 1000e094     libucrt:winapi_thunks.obj
 0002:000010b0       ?candidate_modules@?1??try_get_InitializeCriticalSectionEx@@YAP6GHPAU_RTL_CRITICAL_SECTION@@KK@ZXZ@4QBW4module_id@?A0x352e5c4b@@B 1000e0b0     libucrt:winapi_thunks.obj
 0002:000010b8       ?candidate_modules@?1??try_get_LCMapStringEx@@YAP6GHPB_WK0HPA_WHPAU_nlsversioninfo@@PAXJ@ZXZ@4QBW4module_id@?A0x352e5c4b@@B 1000e0b8     libucrt:winapi_thunks.obj
 0002:000010d0       ?candidate_modules@?1??try_get_LocaleNameToLCID@@YAP6GKPB_WK@ZXZ@4QBW4module_id@?A0x352e5c4b@@B 1000e0d0     libucrt:winapi_thunks.obj
 0002:000010f0       _errtable                  1000e0f0     libucrt:errno.obj
 0002:00001258       __mb_locale_names          1000e258     libucrt:mbctype.obj
 0002:00001d60       _LcidToLocaleNameTable     1000ed60     libucrt:lcidtoname_downlevel.obj
 0002:00002e88       _LocaleNameToIndexTable    1000fe88     libucrt:lcidtoname_downlevel.obj
 0002:00003de0       LOG_name                   10010de0     libucrt:log10.obj
 0002:00003df0       _One                       10010df0     libucrt:ceil_pentium4.obj
 0002:00003e00       _Bns                       10010e00     libucrt:ceil_pentium4.obj
 0002:00003e10       _Zero                      10010e10     libucrt:ceil_pentium4.obj
 0002:00003e20       _S                         10010e20     libucrt:ceil_pentium4.obj
 0002:00003e30       _NegZero                   10010e30     libucrt:ceil_pentium4.obj
 0002:00003e40       emask                      10010e40     libucrt:log10_pentium4.obj
 0002:00003e50       CC                         10010e50     libucrt:log10_pentium4.obj
 0002:00003e60       Magic                      10010e60     libucrt:log10_pentium4.obj
 0002:00003e70       hi_mask                    10010e70     libucrt:log10_pentium4.obj
 0002:00003e80       LOG10_2                    10010e80     libucrt:log10_pentium4.obj
 0002:00003e90       place_L                    10010e90     libucrt:log10_pentium4.obj
 0002:00003eb0       One                        10010eb0     libucrt:log10_pentium4.obj
 0002:00003ec0       Zero                       10010ec0     libucrt:log10_pentium4.obj
 0002:00003ed0       Two52                      10010ed0     libucrt:log10_pentium4.obj
 0002:00003ee0       Infs                       10010ee0     libucrt:log10_pentium4.obj
 0002:00003ef0       NaN                        10010ef0     libucrt:log10_pentium4.obj
 0002:00003f00       coeff                      10010f00     libucrt:log10_pentium4.obj
 0002:00003f5e       _log2max                   10010f5e     libucrt:87tran.obj
 0002:00003f68       _smallarg                  10010f68     libucrt:87tran.obj
 0002:00003f72       _half                      10010f72     libucrt:87tran.obj
 0002:00003fbe       One                        10010fbe     libucrt:87disp.obj
 0002:00003fc6       Three                      10010fc6     libucrt:87disp.obj
 0002:00003fce       XAMtoTagTab                10010fce     libucrt:87disp.obj
 0002:00003fe0       One                        10010fe0     libucrt:common.obj
 0002:00003ff4       DblMax                     10010ff4     libucrt:common.obj
 0002:00003ffc       DblMin                     10010ffc     libucrt:common.obj
 0002:00004004       IeeeAdjO                   10011004     libucrt:common.obj
 0002:0000400c       IeeeAdjU                   1001100c     libucrt:common.obj
 0002:00004014       _infinity                  10011014     libucrt:common.obj
 0002:0000401c       _zero                      1001101c     libucrt:common.obj
 0002:00004068       _over                      10011068     libucrt:fpctrl.obj
 0002:00004074       _under                     10011074     libucrt:fpctrl.obj
 0002:00004938       ?_names@?1??_get_fname@@9@9 10011938     libucrt:fpexcept.obj
 0002:00004ea8       __sehtable$?dllmain_crt_process_attach@@YAHQAUHINSTANCE__@@QAX@Z 10011ea8     LIBCMT:dll_dllmain.obj
 0002:00004ec8       __sehtable$?dllmain_crt_process_detach@@YAH_N@Z 10011ec8     LIBCMT:dll_dllmain.obj
 0002:00004ee8       __sehtable$?dllmain_dispatch@@YAHQAUHINSTANCE__@@KQAX@Z 10011ee8     LIBCMT:dll_dllmain.obj
 0002:00004f08       __sehtable$___scrt_is_nonwritable_in_current_image 10011f08     LIBCMT:utility.obj
 0002:00004f28       __sehtable$___DestructExceptionObject 10011f28     libvcruntime:frame.obj
 0002:00004f48       __sehtable$?common_exit@@YAXHW4_crt_exit_cleanup_mode@@W4_crt_exit_return_mode@@@Z 10011f48     libucrt:exit.obj
 0002:00004f70       __sehtable$??$?RV<lambda_995298e7d72eb4c2aab26c0585b3abe5>@@AAV<lambda_275893d493268fdec8709772e3fcec0e>@@V<lambda_293819299cbf9a7022e18b56a874bb5c>@@@?$__crt_seh_guarded_call@H@@QAEH$$QAV<lambda_995298e7d72eb4c2aab26c0585b3abe5>@@AAV<lambda_275893d493268fdec8709772e3fcec0e>@@$$QAV<lambda_293819299cbf9a7022e18b56a874bb5c>@@@Z 10011f70     libucrt:onexit.obj
 0002:00004f90       __sehtable$_terminate      10011f90     libucrt:terminate.obj
 0002:00004fb0       __sehtable$??$?RV<lambda_9df27f884b057bc3edfc946cb5b7cf47>@@AAV<lambda_e69574bed617af4e071282c136b37893>@@V<lambda_cc0d902bcbbeb830f749456577db4721>@@@?$__crt_seh_guarded_call@X@@QAEX$$QAV<lambda_9df27f884b057bc3edfc946cb5b7cf47>@@AAV<lambda_e69574bed617af4e071282c136b37893>@@$$QAV<lambda_cc0d902bcbbeb830f749456577db4721>@@@Z 10011fb0     libucrt:per_thread_data.obj
 0002:00004fd0       __sehtable$??$?RV<lambda_3518db117f0e7cdb002338c5d3c47b6c>@@AAV<lambda_b2ea41f6bbb362cd97d94c6828d90b61>@@V<lambda_abdedf541bb04549bc734292b4a045d4>@@@?$__crt_seh_guarded_call@X@@QAEX$$QAV<lambda_3518db117f0e7cdb002338c5d3c47b6c>@@AAV<lambda_b2ea41f6bbb362cd97d94c6828d90b61>@@$$QAV<lambda_abdedf541bb04549bc734292b4a045d4>@@@Z 10011fd0     libucrt:per_thread_data.obj
 0002:00004ff0       __sehtable$??$?RV<lambda_51b6e8b1eb166f2a3faf91f424b38130>@@AAV<lambda_6250bd4b2a391816dd638c3bf72b0bcb>@@V<lambda_0b5a4a3e68152e1d9b943535f5f47bed>@@@?$__crt_seh_guarded_call@X@@QAEX$$QAV<lambda_51b6e8b1eb166f2a3faf91f424b38130>@@AAV<lambda_6250bd4b2a391816dd638c3bf72b0bcb>@@$$QAV<lambda_0b5a4a3e68152e1d9b943535f5f47bed>@@@Z 10011ff0     libucrt:per_thread_data.obj
 0002:00005010       __sehtable$??$?RV<lambda_5b71d36f03204c0beab531769a5b5694>@@AAV<lambda_be2b3da3f62db62e9dad5dc70221a656>@@V<lambda_8f9ce462984622f9bf76b59e2aaaf805>@@@?$__crt_seh_guarded_call@X@@QAEX$$QAV<lambda_5b71d36f03204c0beab531769a5b5694>@@AAV<lambda_be2b3da3f62db62e9dad5dc70221a656>@@$$QAV<lambda_8f9ce462984622f9bf76b59e2aaaf805>@@@Z 10012010     libucrt:per_thread_data.obj
 0002:00005030       __sehtable$___acrt_update_thread_multibyte_data 10012030     libucrt:mbctype.obj
 0002:00005050       __sehtable$??$?RV<lambda_978dc153c237d78434369da87b74ff60>@@AAV<lambda_ad1ced32f4ac17aa236e5ef05d6b3b7c>@@V<lambda_4a8533e2866a575feecb8298ce776b0d>@@@?$__crt_seh_guarded_call@X@@QAEX$$QAV<lambda_978dc153c237d78434369da87b74ff60>@@AAV<lambda_ad1ced32f4ac17aa236e5ef05d6b3b7c>@@$$QAV<lambda_4a8533e2866a575feecb8298ce776b0d>@@@Z 10012050     libucrt:mbctype.obj
 0002:00005070       __sehtable$___acrt_initialize_lowio 10012070     libucrt:ioinit.obj
 0002:00005090       __sehtable$__query_new_handler 10012090     libucrt:new_handler.obj
 0002:000050b0       __sehtable$_raise          100120b0     libucrt:signal.obj
 0002:000050d0       __sehtable$??$?RV<lambda_a048d3beccc847880fc8490e18b82769>@@AAV<lambda_ec61778202f4f5fc7e7711acc23c3bca>@@V<lambda_f7496a158712204296dd6628a163878e>@@@?$__crt_seh_guarded_call@P6AXH@Z@@QAEP6AXH@Z$$QAV<lambda_a048d3beccc847880fc8490e18b82769>@@AAV<lambda_ec61778202f4f5fc7e7711acc23c3bca>@@$$QAV<lambda_f7496a158712204296dd6628a163878e>@@@Z 100120d0     libucrt:signal.obj
 0002:000050f0       __sehtable$___acrt_uninitialize_locale 100120f0     libucrt:wsetlocale.obj
 0002:00005110       __sehtable$___acrt_update_thread_locale_data 10012110     libucrt:locale_refcounting.obj
 0002:00005130       __sehtable$___acrt_lowio_ensure_fh_exists 10012130     libucrt:osfinfo.obj
 0002:00005150       __sehtable$_common_flush_all 10012150     libucrt:fflush.obj
 0002:00005178       __sehtable$__fcloseall     10012178     libucrt:closeall.obj
 0002:00005198       __sehtable$??$?RV<lambda_61cee617f5178ae960314fd4d05640a0>@@AAV<lambda_6978c1fb23f02e42e1d9e99668cc68aa>@@V<lambda_9cd88cf8ad10232537feb2133f08c833>@@@?$__crt_seh_guarded_call@H@@QAEH$$QAV<lambda_61cee617f5178ae960314fd4d05640a0>@@AAV<lambda_6978c1fb23f02e42e1d9e99668cc68aa>@@$$QAV<lambda_9cd88cf8ad10232537feb2133f08c833>@@@Z 10012198     libucrt:commit.obj
 0002:000051b8       __sehtable$__write         100121b8     libucrt:write.obj
 0002:000051d8       __sehtable$_fclose         100121d8     libucrt:fclose.obj
 0002:000051f8       __sehtable$??$?RV<lambda_123407a5e2ac06da108355a851863b7a>@@AAV<lambda_2fe9b910cf3cbf4a0ab98a02ba45b3ec>@@V<lambda_ae55bdf541ad94d75914d381c370e64d>@@@?$__crt_seh_guarded_call@H@@QAEH$$QAV<lambda_123407a5e2ac06da108355a851863b7a>@@AAV<lambda_2fe9b910cf3cbf4a0ab98a02ba45b3ec>@@$$QAV<lambda_ae55bdf541ad94d75914d381c370e64d>@@@Z 100121f8     libucrt:close.obj
 0002:00005218       __sehtable$__IsNonwritableInCurrentImage 10012218     LIBCMT:pesect.obj
 0002:00005240       .edata                     10012240     ico.t32.exp
 0002:00005268       rgpv                       10012268     ico.t32.exp
 0002:0000527c       rgszName                   1001227c     ico.t32.exp
 0002:00005290       rgwOrd                     10012290     ico.t32.exp
 0002:0000529a       szName                     1001229a     ico.t32.exp
 0002:000052a2       $N00001                    100122a2     ico.t32.exp
 0002:000052ad       $N00002                    100122ad     ico.t32.exp
 0002:000052b6       $N00003                    100122b6     ico.t32.exp
 0002:000052bf       $N00004                    100122bf     ico.t32.exp
 0002:000052c8       $N00005                    100122c8     ico.t32.exp
 0002:00005584       .idata$6                   10012584     kernel32:KERNEL32.dll
 0002:0000559e       .idata$6                   1001259e     user32:USER32.dll
 0002:000055cc       .idata$6                   100125cc     ole32:ole32.dll
 0002:0000569e       .idata$6                   1001269e     gdiplus:gdiplus.dll
 0003:00000020       ?__vcrt_flsindex@@3KA      10013020     libvcruntime:per_thread_data.obj
 0003:00000044       ___acrt_flsindex           10013044     libucrt:per_thread_data.obj
 0003:00000048       _errno_no_memory           10013048     libucrt:errno.obj
 0003:0000004c       _doserrno_no_memory        1001304c     libucrt:errno.obj
 0003:00000050       ___rgctypeflag             10013050     libucrt:mbctype.obj
 0003:00000058       ___rgcode_page_info        10013058     libucrt:mbctype.obj
 0003:00000770       _GS_ExceptionRecord        10013770     LIBCMT:gs_report.obj
 0003:000007c0       _GS_ContextRecord          100137c0     LIBCMT:gs_report.obj
 0003:00000a8c       ?__proc_attached@@3HA      10013a8c     LIBCMT:dll_dllmain.obj
 0003:00000ab0       ?module_local_atexit_table@@3U_onexit_table_t@@A 10013ab0     LIBCMT:utility.obj
 0003:00000abc       ?module_local_at_quick_exit_table@@3U_onexit_table_t@@A 10013abc     LIBCMT:utility.obj
 0003:00000ac8       ?module_local_atexit_table_initialized@@3_NA 10013ac8     LIBCMT:utility.obj
 0003:00000ac9       ?is_initialized_as_dll@@3_NA 10013ac9     LIBCMT:utility.obj
 0003:00000adc       ?__vcrt_startup_thread_ptd@@3U__vcrt_ptd@@A 10013adc     libvcruntime:per_thread_data.obj
 0003:00000b2c       ?heap@@3V_HeapManager@@A   10013b2c     libvcruntime:undname.obj
 0003:00000b40       ___vcrt_lock_table         10013b40     libvcruntime:locks.obj
 0003:00000b58       ___vcrt_locks_initialized  10013b58     libvcruntime:locks.obj
 0003:00000b5c       ?module_handles@@3PAPAUHINSTANCE__@@A 10013b5c     libvcruntime:winapi_downlevel.obj
 0003:00000b68       ?encoded_function_pointers@@3PAPAXA 10013b68     libvcruntime:winapi_downlevel.obj
 0003:00000b80       _c_termination_complete    10013b80     libucrt:exit.obj
 0003:00000b84       _thread_local_exit_callback_func 10013b84     libucrt:exit.obj
 0003:00000b88       ?c_exit_complete@?5??common_exit@@YAXHW4_crt_exit_cleanup_mode@@W4_crt_exit_return_mode@@@Z@4_NA 10013b88     libucrt:exit.obj
 0003:00000b90       ?program_name@?5???$common_configure_argv@D@@YAHW4_crt_argv_mode@@@Z@4PADA 10013b90     libucrt:argv_parsing.obj
 0003:00000cc0       ___acrt_lock_table         10013cc0     libucrt:locks.obj
 0003:00000df8       ___acrt_locks_initialized  10013df8     libucrt:locks.obj
 0003:00000e00       _module_handles            10013e00     libucrt:winapi_thunks.obj
 0003:00000e50       _encoded_function_pointers 10013e50     libucrt:winapi_thunks.obj
 0003:00000ed0       ?state_cache@?1??__acrt_is_packaged_app@@9@4JA 10013ed0     libucrt:winapi_thunks.obj
 0003:00000ed4       ___acrt_invalid_parameter_handler 10013ed4     libucrt:invalid_parameter.obj
 0003:00000ef0       _fSystemSet                10013ef0     libucrt:mbctype.obj
 0003:00000ef4       ?initialized@?1??__acrt_initialize_multibyte@@9@4_NA 10013ef4     libucrt:mbctype.obj
 0003:0000111c       ___acrt_new_handler        1001411c     libucrt:new_handler.obj
 0003:00001120       _ctrlc_action              10014120     libucrt:signal.obj
 0003:00001124       _ctrlbreak_action          10014124     libucrt:signal.obj
 0003:00001128       _abort_action              10014128     libucrt:signal.obj
 0003:0000112c       _term_action               1001412c     libucrt:signal.obj
 0003:00001130       _user_matherr              10014130     libucrt:matherr.obj
 0003:00001140       ___acrt_global_new_mode    10014140     libucrt:new_mode.obj
 0003:00001158       ___acrt_app_type           10014158     libucrt:report_runtime_error.obj
 0003:00001160       __pmatherr_set             10014160     libucrt:libm_error.obj
 0003:0000116c       ?GenericMonospaceFontFamilyBuffer@Gdiplus@@3PAEA 1001416c     ico.obj
 0003:00001174       ?GenericTypographicStringFormatBuffer@Gdiplus@@3PAEA 10014174     ico.obj
 0003:0000117c       ?GenericSansSerifFontFamilyBuffer@Gdiplus@@3PAEA 1001417c     ico.obj
 0003:00001184       ?GenericDefaultStringFormatBuffer@Gdiplus@@3PAEA 10014184     ico.obj
 0003:0000118c       ?GenericSerifFontFamilyBuffer@Gdiplus@@3PAEA 1001418c     ico.obj
 0004:000000a0       $R000000                   100150a0     ico.res
 0004:000003a0       $R000300                   100153a0     ico.res
