 ConEmu

 Timestamp is 5998bbd6 (Sun Aug 20 01:29:42 2017)

 Preferred load address is 10000000

 Start         Length     Name                   Class
 0001:00000000 00000010H .text$di                CODE
 0001:00000010 00020724H .text$mn                CODE
 0001:00020734 00000306H .text$x                 CODE
 0001:00020a3a 0000002fH .text$yd                CODE
 0002:00000000 0000032cH .idata$5                DATA
 0002:0000032c 00000004H .00cfg                  DATA
 0002:00000330 00000004H .CRT$XCA                DATA
 0002:00000334 00000004H .CRT$XCU                DATA
 0002:00000338 00000004H .CRT$XCZ                DATA
 0002:0000033c 00000004H .CRT$XIA                DATA
 0002:00000340 00000010H .CRT$XIC                DATA
 0002:00000350 00000004H .CRT$XIZ                DATA
 0002:00000354 00000004H .CRT$XLA                DATA
 0002:00000358 00000004H .CRT$XLZ                DATA
 0002:0000035c 00000004H .CRT$XPA                DATA
 0002:00000360 00000008H .CRT$XPX                DATA
 0002:00000368 00000004H .CRT$XPXA               DATA
 0002:0000036c 00000004H .CRT$XPZ                DATA
 0002:00000370 00000004H .CRT$XTA                DATA
 0002:00000374 0000000cH .CRT$XTZ                DATA
 0002:00000378 00000000H .gfids$x                DATA
 0002:00000378 00000000H .gfids$y                DATA
 0002:00000380 00007f60H .rdata                  DATA
 0002:000082e0 00000018H .rdata$T                DATA
 0002:000082f8 000002e8H .rdata$r                DATA
 0002:000085e0 00000058H .rdata$sxdata           DATA
 0002:00008638 000003b0H .rdata$zzzdbg           DATA
 0002:000089e8 00000004H .rtc$IAA                DATA
 0002:000089ec 00000004H .rtc$IZZ                DATA
 0002:000089f0 00000004H .rtc$TAA                DATA
 0002:000089f4 00000004H .rtc$TZZ                DATA
 0002:000089f8 000007f8H .xdata$x                DATA
 0002:000091f0 000002e0H .edata                  DATA
 0002:000094d0 00000064H .idata$2                DATA
 0002:00009534 00000014H .idata$3                DATA
 0002:00009548 0000032cH .idata$4                DATA
 0002:00009874 00000e6eH .idata$6                DATA
 0003:00000000 00000968H .data                   DATA
 0003:00000968 00000178H .data$r                 DATA
 0003:00000ae0 00009988H .bss                    DATA
 0004:00000000 00000004H .tls                    DATA
 0004:00000004 00000004H .tls$                   DATA
 0004:00000008 00000001H .tls$ZZZ                DATA
 0005:00000000 000000a0H .rsrc$01                DATA
 0005:000000a0 00000488H .rsrc$02                DATA

  Address         Publics by Value              Rva+Base       Lib:Object

 0000:00000000       __except_list              00000000     <absolute>
 0000:00000000       ___guard_fids_count        00000000     <absolute>
 0000:00000000       ___guard_longjmp_count     00000000     <absolute>
 0000:00000000       ___dynamic_value_reloc_table 00000000     <absolute>
 0000:00000000       ___guard_longjmp_table     00000000     <absolute>
 0000:00000000       ___guard_iat_table         00000000     <absolute>
 0000:00000000       ___guard_iat_count         00000000     <absolute>
 0000:00000000       ___guard_fids_table        00000000     <absolute>
 0000:00000016       ___safe_se_handler_count   00000016     <absolute>
 0000:0000002c       __tls_array                0000002c     <absolute>
 0000:00000100       ___guard_flags             00000100     <absolute>
 0000:00000000       ___ImageBase               10000000     <linker-defined>
 0001:00000010       ?StringCchCopyNW@@YGJPA_WIPB_WI@Z 10001010 f i CEStr.obj
 0001:00000080       ?Empty@CEStr@@QAEXXZ       10001080 f   CEStr.obj
 0001:000000a1       ??1CEStr@@QAE@XZ           100010a1 f   CEStr.obj
 0001:000000d9       ?GetLen@CEStr@@QBEHXZ      100010d9 f   CEStr.obj
 0001:00000107       ?GetBuffer@CEStr@@QAEPA_WH@Z 10001107 f   CEStr.obj
 0001:00000192       ?AttachInt@CEStr@@AAEPB_WAAPA_W@Z 10001192 f   CEStr.obj
 0001:000001ee       ?IsEmpty@CEStr@@QBE_NXZ    100011ee f   CEStr.obj
 0001:000001ff       ?Set@CEStr@@QAEPB_WPB_WH@Z 100011ff f   CEStr.obj
 0001:00000294       ??0MWow64Disable@@QAE@XZ   10001294 f i CmdLine.obj
 0001:000002da       ??1MWow64Disable@@QAE@XZ   100012da f i CmdLine.obj
 0001:00000321       ?IsFilePath@@YA_NPB_W_N@Z  10001321 f   CmdLine.obj
 0001:00000455       ?PointToName@@YAPB_WPB_W@Z 10001455 f   CmdLine.obj
 0001:00000492       ?PointToExt@@YAPB_WPB_W@Z  10001492 f   CmdLine.obj
 0001:000004a7       ?SetCommand@CESERVER_REQ_NEWCMD@@QAEXPB_W@Z 100014a7 f   Common.obj
 0001:000004fd       ?SetEnvStrings@CESERVER_REQ_NEWCMD@@QAEXPB_WK@Z 100014fd f   Common.obj
 0001:000005d2       ?IsEnvBlockVariableValid@@YA_NPB_WAAPB_W@Z 100015d2 f   Common.obj
 0001:0000061c       ?StringCchCopyW@@YGJPA_WIPB_W@Z 1000161c f i ConEmuCheck.obj
 0001:00000680       ?ModuleName@@YAPB_WPB_W@Z  10001680 f   ConEmuCheck.obj
 0001:0000070b       ?ExecuteOpenPipe@@YAPAXPB_WAAY0CAI@_W0KKHPAXH@Z 1000170b f   ConEmuCheck.obj
 0001:00000820       ?ExecutePrepareCmd@@YAXPAUCESERVER_REQ@@KI@Z 10001820 f   ConEmuCheck.obj
 0001:00000850       ?ExecutePrepareCmd@@YAXPAUCESERVER_REQ_HDR@@KI@Z 10001850 f   ConEmuCheck.obj
 0001:000008b4       ?ExecuteNewCmd@@YAPAUCESERVER_REQ@@KI@Z 100018b4 f   ConEmuCheck.obj
 0001:000008fe       ?ExecuteNewCmd@@YA_NAAPAUCESERVER_REQ@@AAKKI@Z 100018fe f   ConEmuCheck.obj
 0001:00000961       ?LoadSrvMapping@@YAHPAUHWND__@@AAUCESERVER_CONSOLE_MAPPING_HDR@@@Z 10001961 f   ConEmuCheck.obj
 0001:00000a23       ?ExecuteGuiCmd@@YAPAUCESERVER_REQ@@PAUHWND__@@PAU1@0H@Z 10001a23 f   ConEmuCheck.obj
 0001:00000a9c       ?ExecuteSrvCmd@@YAPAUCESERVER_REQ@@KPAU1@PAUHWND__@@HKH@Z 10001a9c f   ConEmuCheck.obj
 0001:00000b11       ?ExecuteCmd@@YAPAUCESERVER_REQ@@PB_WPAU1@KPAUHWND__@@HKH@Z 10001b11 f   ConEmuCheck.obj
 0001:00000cc1       ?ExecuteFreeResult@@YAXAAPAUCESERVER_REQ@@@Z 10001cc1 f   ConEmuCheck.obj
 0001:00000cd4       ?isConsoleClass@@YA_NPB_W@Z 10001cd4 f   ConEmuCheck.obj
 0001:00000d09       ?isConsoleWindow@@YA_NPAUHWND__@@@Z 10001d09 f   ConEmuCheck.obj
 0001:00000dc9       ?myGetConsoleWindow@@YAPAUHWND__@@XZ 10001dc9 f   ConEmuCheck.obj
 0001:00000e31       ?GetConEmuHWND@@YAPAUHWND__@@H@Z 10001e31 f   ConEmuCheck.obj
 0001:00000f47       ??1?$MFileMapping@UPanelViewSetMapping@@@@QAE@XZ 10001f47 f i PluginBackground.obj
 0001:00000f47       ??1?$MFileMapping@UCESERVER_CONSOLE_MAPPING_HDR@@@@QAE@XZ 10001f47 f i ConEmuCheck.obj
 0001:00000f47       ??1?$MFileMapping@UConEmuGuiMapping@@@@QAE@XZ 10001f47 f i ConEmuCheck.obj
 0001:00000f51       ?CloseMap@?$MFileMapping@UPanelViewSetMapping@@@@QAEXXZ 10001f51 f i PluginBackground.obj
 0001:00000f51       ?CloseMap@?$MFileMapping@UConEmuGuiMapping@@@@QAEXXZ 10001f51 f i ConEmuCheck.obj
 0001:00000f51       ?CloseMap@?$MFileMapping@UCESERVER_CONSOLE_MAPPING_HDR@@@@QAEXXZ 10001f51 f i ConEmuCheck.obj
 0001:00000f8b       ?InitName@?$MFileMapping@UConEmuGuiMapping@@@@QAEPB_WPB_WKK@Z 10001f8b f i ConEmuCheck.obj
 0001:00000fbd       ??0?$MFileMapping@UCESERVER_CONSOLE_MAPPING_HDR@@@@QAE@XZ 10001fbd f i ConEmuCheck.obj
 0001:00000fe1       ?InitName@?$MFileMapping@UCESERVER_CONSOLE_MAPPING_HDR@@@@QAEPB_WPB_WKK@Z 10001fe1 f i ConEmuCheck.obj
 0001:00001013       ?InternalOpenCreate@?$MFileMapping@UConEmuGuiMapping@@@@IAEPAUConEmuGuiMapping@@HHH@Z 10002013 f i ConEmuCheck.obj
 0001:000010dc       ?InternalOpenCreate@?$MFileMapping@UCESERVER_CONSOLE_MAPPING_HDR@@@@IAEPAUCESERVER_CONSOLE_MAPPING_HDR@@HHH@Z 100020dc f i ConEmuCheck.obj
 0001:000011a5       ??$wcscpy_c@$0CA@@@YAHAAY0CA@_WPB_W@Z 100021a5 f i ConEmuCheck.obj
 0001:000011b8       ?StringCchCatW@@YGJPA_WIPB_W@Z 100021b8 f i ConEmuCheckEx.obj
 0001:00001261       ?IsConEmuExeExist@@YAHPB_WAAY0BAF@_W@Z 10002261 f   ConEmuCheckEx.obj
 0001:000012f2       ?FindConEmuBaseDir@@YAHAAY0BAF@_W0PAUHINSTANCE__@@@Z 100022f2 f   ConEmuCheckEx.obj
 0001:000017f5       ?EvaluateDefaultFontWidth@@YAHHPB_W@Z 100027f5 f   EmergencyShow.obj
 0001:000018e3       ?SetUserFriendlyFont@@YAXPAUHWND__@@HH@Z 100028e3 f   EmergencyShow.obj
 0001:00001c63       ?CorrectConsolePos@@YAXPAUHWND__@@@Z 10002c63 f   EmergencyShow.obj
 0001:00001d43       ?EmergencyShow@@YAXPAUHWND__@@HH@Z 10002d43 f   EmergencyShow.obj
 0001:00001e3a       ?Init@HkFunc@@QAE_NPB_WPAUHINSTANCE__@@@Z 10002e3a f   HkFunc.obj
 0001:00001ead       ?xf_set_tag@@YAXPAXPBDH_N@Z 10002ead f   Memory.obj
 0001:00001f16       ?xf_malloc@@YAPAXIPBDH@Z   10002f16 f   Memory.obj
 0001:00001f6b       ?xf_calloc@@YAPAXIIPBDH@Z  10002f6b f   Memory.obj
 0001:00001fc3       ?xf_realloc@@YAPAXPAXIPBDH@Z 10002fc3 f   Memory.obj
 0001:00002040       ?xf_free@@YAXPAXPBDH@Z     10003040 f   Memory.obj
 0001:0000206e       ??2@YAPAXI@Z               1000306e f   Memory.obj
 0001:00002092       ??_U@YAPAXI@Z              10003092 f   Memory.obj
 0001:000020a3       ??3@YAXPAX@Z               100030a3 f   Memory.obj
 0001:000020af       ?FindMonitorsWorkspace@@YGHPAUHMONITOR__@@PAUHDC__@@PAUtagRECT@@J@Z 100030af f   Monitors.obj
 0001:000020e8       ?GetAllMonitorsWorkspace@@YA?AUtagRECT@@XZ 100030e8 f   Monitors.obj
 0001:00002138       ??0MToolHelpProcess@@QAE@XZ 10003138 f i MProcess.obj
 0001:00002198       ??_GMToolHelpProcess@@UAEPAXI@Z 10003198 f i MProcess.obj
 0001:00002198       ??_E?$MToolHelp@UtagPROCESSENTRY32W@@$1?Process32FirstW@@YGHPAXPAU1@@Z$1?Process32NextW@@YGH01@Z@@UAEPAXI@Z 10003198 f i * CIL library *:* CIL module *
 0001:00002198       ??_EMToolHelpProcess@@UAEPAXI@Z 10003198 f i * CIL library *:* CIL module *
 0001:00002198       ??_G?$MToolHelp@UtagPROCESSENTRY32W@@$1?Process32FirstW@@YGHPAXPAU1@@Z$1?Process32NextW@@YGH01@Z@@UAEPAXI@Z 10003198 f i MProcess.obj
 0001:000021bd       ?isTerminalMode@@YA_NXZ    100031bd f   MProcess.obj
 0001:000022b0       ?push_back@?$MArray@UtagPROCESSENTRY32W@@@@QAEHABUtagPROCESSENTRY32W@@@Z 100032b0 f i MProcess.obj
 0001:00002303       ?Find@?$MToolHelp@UtagPROCESSENTRY32W@@$1?Process32FirstW@@YGHPAXPAU1@@Z$1?Process32NextW@@YGH01@Z@@QAE_NP6A_NPAUtagPROCESSENTRY32W@@J@ZJ0@Z 10003303 f i MProcess.obj
 0001:000023c2       ??1?$MToolHelp@UtagPROCESSENTRY32W@@$1?Process32FirstW@@YGHPAXPAU1@@Z$1?Process32NextW@@YGH01@Z@@UAE@XZ 100033c2 f i MProcess.obj
 0001:000023f9       ?Filter@?$MToolHelp@UtagPROCESSENTRY32W@@$1?Process32FirstW@@YGHPAXPAU1@@Z$1?Process32NextW@@YGH01@Z@@MAE_NPAUtagPROCESSENTRY32W@@@Z 100033f9 f i MProcess.obj
 0001:000023fe       ?addsize@?$MArray@UtagPROCESSENTRY32W@@@@QAEXH@Z 100033fe f i MProcess.obj
 0001:00002484       ?Close@?$MToolHelp@UtagPROCESSENTRY32W@@$1?Process32FirstW@@YGHPAXPAU1@@Z$1?Process32NextW@@YGH01@Z@@QAEX_N@Z 10003484 f i MProcess.obj
 0001:000024d2       ?getNext@?$MToolHelp@UtagPROCESSENTRY32W@@$1?Process32FirstW@@YGHPAXPAU1@@Z$1?Process32NextW@@YGH01@Z@@IAE_NXZ 100034d2 f i MProcess.obj
 0001:00002571       ??0MSection@@QAE@XZ        10003571 f   MSection.obj
 0001:000025e0       ?AddRef@MSection@@IAEXK@Z  100035e0 f   MSection.obj
 0001:0000264c       ?ReleaseRef@MSection@@IAEHK@Z 1000364c f   MSection.obj
 0001:000026ba       ?WaitUnlocked@MSection@@IAEXKK@Z 100036ba f   MSection.obj
 0001:00002717       ?MyEnterCriticalSection@MSection@@IAE_NK@Z 10003717 f   MSection.obj
 0001:00002864       ?Lock@MSection@@IAEHHK@Z   10003864 f   MSection.obj
 0001:0000292a       ??1MSectionThread@@QAE@XZ  1000392a f   MSection.obj
 0001:00002954       ??1MSectionLock@@QAE@XZ    10003954 f   MSection.obj
 0001:0000296d       ?Lock@MSectionLock@@QAEHPAVMSection@@HK@Z 1000396d f   MSection.obj
 0001:000029b8       ?Unlock@MSectionLock@@QAEXXZ 100039b8 f   MSection.obj
 0001:00002a05       ?Init@MSectionSimple@@QAEXXZ 10003a05 f   MSectionSimple.obj
 0001:00002a1b       ?Close@MSectionSimple@@QAEXXZ 10003a1b f   MSectionSimple.obj
 0001:00002a31       ?TryEnter@MSectionSimple@@QAE_NXZ 10003a31 f   MSectionSimple.obj
 0001:00002a50       ?LoadAdvApi@MNullDesc@@IAEHXZ 10003a50 f i MSecurity.obj
 0001:00002ba5       ?LocalSecurity@MNullDesc@@QAEPAU_SECURITY_ATTRIBUTES@@XZ 10003ba5 f i MSecurity.obj
 0001:00002cca       ?LocalSecurity@@YAPAU_SECURITY_ATTRIBUTES@@XZ 10003cca f   MSecurity.obj
 0001:00002d1a       ??_GMNullDesc@@QAEPAXI@Z   10003d1a f i MSecurity.obj
 0001:00002d60       ??1MSetter@@QAE@XZ         10003d60 f   MSetter.obj
 0001:00002da3       ?lstrdup@@YAPA_WPB_WI@Z    10003da3 f   MStrDup.obj
 0001:00002dea       ?lstrmerge@@YAPA_WPB_W00000000@Z 10003dea f   MStrDup.obj
 0001:00002eb5       ?msprintf@@YAPB_WPA_WIPB_WZZ 10003eb5 f   MStrSafe.obj
 0001:000032e8       ?lstrcmpni@@YAHPB_W0H@Z    100042e8 f   MStrSafe.obj
 0001:00003341       ?SetConEmuEnvHWND@@YAXPB_WPAUHWND__@@@Z 10004341 f   SetEnvVar.obj
 0001:0000338a       ?SetConEmuEnvVar@@YAXPAUHWND__@@@Z 1000438a f   SetEnvVar.obj
 0001:000033dc       ?SetConEmuEnvVarChild@@YAXPAUHWND__@@0@Z 100043dc f   SetEnvVar.obj
 0001:000033f8       ??1CEnvStrings@@QAE@XZ     100043f8 f   SetEnvVar.obj
 0001:0000340d       ?apiGetCurrentConsoleFontEx@@YAHPAXHPAUMY_CONSOLE_FONT_INFOEX@@@Z 1000440d f   WConsole.obj
 0001:0000345d       ?apiSetCurrentConsoleFontEx@@YAHPAXHPAUMY_CONSOLE_FONT_INFOEX@@@Z 1000445d f   WConsole.obj
 0001:000034ad       ?apiGetConsoleFontSize@@YAHPAXAAH1AAY0CA@_W@Z 100044ad f   WConsole.obj
 0001:00003533       ?apiSetConsoleFontSize@@YAHPAXHHPB_W@Z 10004533 f   WConsole.obj
 0001:000035f1       ?SetConsoleInfo@@YAHPAUHWND__@@PAUCONSOLE_INFO@@@Z 100045f1 f   WConsoleEx.obj
 0001:000037c3       ?GetConsoleSizeInfo@@YAXPAUCONSOLE_INFO@@@Z 100047c3 f   WConsoleEx.obj
 0001:00003834       ?SetConsoleFontSizeTo@@YAXPAUHWND__@@HHPB_WGG@Z 10004834 f   WConsoleEx.obj
 0001:00003b78       ?IsDotsName@@YA_NPB_W@Z    10004b78 f   WFiles.obj
 0001:00003ba0       ?IsModuleValid@@YA_NPAUHINSTANCE__@@H@Z 10004ba0 f   WModuleCheck.obj
 0001:00003c09       ?CheckCallbackPtr@@YA_NPAUHINSTANCE__@@IPAP6GHXZHHH@Z 10004c09 f   WModuleCheck.obj
 0001:00003c65       ?FileExists@@YA_NPB_WPAK@Z 10004c65 f   WObjects.obj
 0001:00003d59       ?IsWinVerOrHigher@@YA_NG@Z 10004d59 f   WObjects.obj
 0001:00003dd4       ?IsWin6@@YA_NXZ            10004dd4 f   WObjects.obj
 0001:00003dfe       ?IsWindows64@@YA_NXZ       10004dfe f   WObjects.obj
 0001:00003e70       ?ExpandEnvStr@@YAPA_WPB_W@Z 10004e70 f   WObjects.obj
 0001:00003eed       ?GetEnvVar@@YAPA_WPB_W@Z   10004eed f   WObjects.obj
 0001:00003f75       ?apiThreadHelper@@YGKPAX@Z 10004f75 f   WThreads.obj
 0001:00004101       ?apiCreateThread@@YAPAXP6GKPAX@Z0PAKPBDH@Z 10005101 f   WThreads.obj
 0001:000041f6       ?apiTerminateThreadEx@@YAHPAXKPBDH@Z 100051f6 f   WThreads.obj
 0001:000042a9       ?SetThreadName@@YAXKPAD@Z  100052a9 f   WThreads.obj
 0001:000042f2       ?UpdateComspec@@YAXPAUConEmuComspec@@_N@Z 100052f2 f   WUser.obj
 0001:000044fd       ?SetEnvVarExpanded@@YAXPB_W0@Z 100054fd f   WUser.obj
 0001:0000459c       ??$wcscpy_c@$0BAE@@@YAHAAY0BAE@_WPB_W@Z 1000559c f i WUser.obj
 0001:000045ac       ?StartupHooks@@YA_NPAUHINSTANCE__@@@Z 100055ac f   ConEmuInjects.obj
 0001:000048f3       ?ShutdownHooks@@YAXXZ      100058f3 f   ConEmuInjects.obj
 0001:00004a2a       _DllMain@12                10005a2a f   ConEmuPlugin.obj
 0001:00004a50       ?GetPluginInfo@@YGXPAX@Z   10005a50 f   ConEmuPlugin.obj
 0001:00004a8e       ?GetPluginInfoW@@YGXPAX@Z  10005a8e f   ConEmuPlugin.obj
 0001:00004a9e       ?IsConsoleActive@@YGHXZ    10005a9e f   ConEmuPlugin.obj
 0001:00004add       ?GetFarHWND2@@YGPAUHWND__@@H@Z 10005add f   ConEmuPlugin.obj
 0001:00004b52       ?GetFarHWND@@YGPAUHWND__@@XZ 10005b52 f   ConEmuPlugin.obj
 0001:00004b5a       ?IsTerminalMode@@YGHXZ     10005b5a f   ConEmuPlugin.obj
 0001:00004b60       ?GetFarVersion@@YGXPAUFarVersion@@@Z 10005b60 f   ConEmuPlugin.obj
 0001:00004b7a       ?RegisterPanelView@@YGHPAUPanelViewInit@@@Z 10005b7a f   ConEmuPlugin.obj
 0001:00004ca2       ?RegisterBackground@@YGHPAURegisterBackgroundArg@@@Z 10005ca2 f   ConEmuPlugin.obj
 0001:00004d0e       ?SyncExecute@@YGHPAUHINSTANCE__@@P6GXJ@ZJ@Z 10005d0e f   ConEmuPlugin.obj
 0001:00004d4e       ?ActivateConsole@@YGHXZ    10005d4e f   ConEmuPlugin.obj
 0001:00004dc4       ?SetStartupInfo@@YGXPAX@Z  10005dc4 f   ConEmuPlugin.obj
 0001:00004e14       _SetStartupInfoW@4         10005e14 f   ConEmuPlugin.obj
 0001:00004e36       ?GetMinFarVersion@@YGHXZ   10005e36 f   ConEmuPlugin.obj
 0001:00004e60       _GetMinFarVersionW@0       10005e60 f   ConEmuPlugin.obj
 0001:00004e66       _ProcessSynchroEventW@8    10005e66 f   ConEmuPlugin.obj
 0001:00004e85       ?ProcessSynchroEventW3@@YGHPAX@Z 10005e85 f   ConEmuPlugin.obj
 0001:00004e95       _ProcessEditorEventW@8     10005e95 f   ConEmuPlugin.obj
 0001:00004e95       ?ProcessEditorEvent@@YGHHPAX@Z 10005e95 f   ConEmuPlugin.obj
 0001:00004ead       ?ProcessEditorEventW3@@YGHPAX@Z 10005ead f   ConEmuPlugin.obj
 0001:00004ebd       _ProcessViewerEventW@8     10005ebd f   ConEmuPlugin.obj
 0001:00004ebd       ?ProcessViewerEvent@@YGHHPAX@Z 10005ebd f   ConEmuPlugin.obj
 0001:00004ed5       ?ProcessViewerEventW3@@YGHPAX@Z 10005ed5 f   ConEmuPlugin.obj
 0001:00004ee5       ?ProcessEditorInput@@YGHPBU_INPUT_RECORD@@@Z 10005ee5 f   ConEmuPlugin.obj
 0001:00004f00       _ProcessEditorInputW@4     10005f00 f   ConEmuPlugin.obj
 0001:00004f10       ?OpenPlugin@@YGPAXHH@Z     10005f10 f   ConEmuPlugin.obj
 0001:00004f2b       _OpenPluginW@8             10005f2b f   ConEmuPlugin.obj
 0001:00004f58       ?OpenW@@YGPAXPBX@Z         10005f58 f   ConEmuPlugin.obj
 0001:00004f68       ?ExitFAR@@YGXXZ            10005f68 f   ConEmuPlugin.obj
 0001:00004f68       _ExitFARW@0                10005f68 f   ConEmuPlugin.obj
 0001:00004f7f       ?ExitFARW3@@YGXPAX@Z       10005f7f f   ConEmuPlugin.obj
 0001:000050d3       ?Color2FgIndex@Far3Color@@SAXKAAGPBK@Z 100060d3 f i ConEmuPlugin1900.obj
 0001:00005199       ?Color2BgIndex@Far3Color@@SAXKHAAGPBK@Z 10006199 f i ConEmuPlugin1900.obj
 0001:00005271       ?FarColor_3_2@@YAEABUFarColor@@@Z 10006271 f i ConEmuPlugin1900.obj
 0001:000052fc       ??_GCPluginW2800@@UAEPAXI@Z 100062fc f i ConEmuPlugin2800.obj
 0001:000052fc       ??_GCPluginW1900@@UAEPAXI@Z 100062fc f i ConEmuPlugin1900.obj
 0001:000052fc       ??_GCPluginBase@@UAEPAXI@Z 100062fc f i ConEmuPluginBase.obj
 0001:000052fc       ??_GCPluginW995@@UAEPAXI@Z 100062fc f i ConEmuPlugin995.obj
 0001:000052fc       ??_ECPluginW995@@UAEPAXI@Z 100062fc f i * CIL library *:* CIL module *
 0001:000052fc       ??_ECPluginBase@@UAEPAXI@Z 100062fc f i * CIL library *:* CIL module *
 0001:000052fc       ??_ECPluginW1900@@UAEPAXI@Z 100062fc f i * CIL library *:* CIL module *
 0001:000052fc       ??_ECPluginW2800@@UAEPAXI@Z 100062fc f i * CIL library *:* CIL module *
 0001:00005322       ??0CPluginW1900@@QAE@XZ    10006322 f   ConEmuPlugin1900.obj
 0001:000054a3       ?ProcessEditorEventPtr@CPluginW2800@@UAEHPAX@Z 100064a3 f   ConEmuPlugin2800.obj
 0001:000054a3       ?ProcessEditorEventPtr@CPluginW1900@@UAEHPAX@Z 100064a3 f   ConEmuPlugin1900.obj
 0001:000054b7       ?ProcessViewerEventPtr@CPluginW1900@@UAEHPAX@Z 100064b7 f   ConEmuPlugin1900.obj
 0001:000054b7       ?ProcessViewerEventPtr@CPluginW2800@@UAEHPAX@Z 100064b7 f   ConEmuPlugin2800.obj
 0001:000054cb       ?ProcessSynchroEventPtr@CPluginW2800@@UAEHPAX@Z 100064cb f   ConEmuPlugin2800.obj
 0001:000054cb       ?ProcessSynchroEventPtr@CPluginW1900@@UAEHPAX@Z 100064cb f   ConEmuPlugin1900.obj
 0001:000054ef       ?GetPanelDir@CPluginW1900@@UAEPA_WKPA_WH@Z 100064ef f   ConEmuPlugin1900.obj
 0001:00005614       ?GetPanelInfo@CPluginW1900@@UAE_NKPAUCEPanelInfo@@@Z 10006614 f   ConEmuPlugin1900.obj
 0001:00005863       ?GetPanelItemInfo@CPluginW1900@@UAE_NABUCEPanelInfo@@_NHAAU_WIN32_FIND_DATAW@@PAPA_W@Z 10006863 f   ConEmuPlugin1900.obj
 0001:000059dd       ?PanelControlApi@CPluginW1900@@UAEHPAXHH0@Z 100069dd f   ConEmuPlugin1900.obj
 0001:000059fa       ?GetPluginInfoPtr@CPluginW1900@@UAEXPAX@Z 100069fa f   ConEmuPlugin1900.obj
 0001:00005a42       ?SetStartupInfoPtr@CPluginW1900@@UAEXPAX@Z 10006a42 f   ConEmuPlugin1900.obj
 0001:00005b58       ?GetEditorModifiedState@CPluginW1900@@UAEKXZ 10006b58 f   ConEmuPlugin1900.obj
 0001:00005b96       ?ProcessEditorInputPtr@CPluginW1900@@UAEHPBX@Z 10006b96 f   ConEmuPlugin1900.obj
 0001:00005bb8       ?GetWindowCount@CPluginW1900@@UAEHXZ 10006bb8 f   ConEmuPlugin1900.obj
 0001:00005bd9       ?UpdateConEmuTabsApi@CPluginW1900@@UAE_NH@Z 10006bd9 f   ConEmuPlugin1900.obj
 0001:00005f93       ?ExitFar@CPluginW1900@@UAEXXZ 10006f93 f   ConEmuPlugin1900.obj
 0001:00005fca       ?ShowMessage@CPluginW1900@@UAEHPB_WH_N@Z 10006fca f   ConEmuPlugin1900.obj
 0001:00006036       ?GetMsg@CPluginW1900@@UAEPB_WHPA_WI@Z 10007036 f   ConEmuPlugin1900.obj
 0001:0000607c       ?SetWindow@CPluginW1900@@UAEXH@Z 1000707c f   ConEmuPlugin1900.obj
 0001:000060b7       ?PostMacroApi@CPluginW1900@@UAEXPB_WPAU_INPUT_RECORD@@_N@Z 100070b7 f   ConEmuPlugin1900.obj
 0001:0000659c       ?ShowPluginMenu@CPluginW1900@@UAEHPAUConEmuPluginMenuItem@@HH@Z 1000759c f   ConEmuPlugin1900.obj
 0001:000066ec       ?OpenEditor@CPluginW1900@@UAE_NPB_W_N11HH@Z 100076ec f   ConEmuPlugin1900.obj
 0001:0000678d       ?ExecuteSynchroApi@CPluginW1900@@UAE_NXZ 1000778d f   ConEmuPlugin1900.obj
 0001:000067b0       ?WaitEndSynchro@CPluginW2800@@UAEXXZ 100077b0 f   ConEmuPlugin2800.obj
 0001:000067b0       ?StopWaitEndSynchro@CPluginW1900@@UAEXXZ 100077b0 f   ConEmuPlugin1900.obj
 0001:000067b0       ?WaitEndSynchro@CPluginW1900@@UAEXXZ 100077b0 f   ConEmuPlugin1900.obj
 0001:000067b0       ?StopWaitEndSynchro@CPluginW2800@@UAEXXZ 100077b0 f   ConEmuPlugin2800.obj
 0001:000067b0       @_guard_check_icall_nop@4  100077b0 f   LIBCMT:guard_support.obj
 0001:000067b0       ?StopWaitEndSynchro@CPluginAnsi@@UAEXXZ 100077b0 f   ConEmuPluginA.obj
 0001:000067b0       ?WaitEndSynchro@CPluginAnsi@@UAEXXZ 100077b0 f   ConEmuPluginA.obj
 0001:000067b1       ?IsMacroActive@CPluginW1900@@UAE_NXZ 100077b1 f   ConEmuPlugin1900.obj
 0001:000067da       ?GetMacroArea@CPluginW1900@@UAEHXZ 100077da f   ConEmuPlugin1900.obj
 0001:000067ee       ?RedrawAll@CPluginW1900@@UAEXXZ 100077ee f   ConEmuPlugin1900.obj
 0001:0000680f       ?InputBox@CPluginW1900@@UAE_NPB_W000AAPA_W@Z 1000780f f   ConEmuPlugin1900.obj
 0001:00006896       ?ShowUserScreen@CPluginW1900@@UAEX_N@Z 10007896 f   ConEmuPlugin1900.obj
 0001:000068bb       ?LoadFarColors@CPluginW1900@@UAEXAAY0BAA@E@Z 100078bb f   ConEmuPlugin1900.obj
 0001:00006a3f       ?LoadFarSettings@CPluginW1900@@UAEXPAUCEFarInterfaceSettings@@PAUCEFarPanelSettings@@@Z 10007a3f f   ConEmuPlugin1900.obj
 0001:00006b69       ?GetFarRect@CPluginW1900@@UAE_NAAU_SMALL_RECT@@@Z 10007b69 f   ConEmuPlugin1900.obj
 0001:00006baa       ?CheckPanelExist@CPluginW1900@@UAE_NXZ 10007baa f   ConEmuPlugin1900.obj
 0001:00006bce       ?GetActiveWindowType@CPluginW1900@@UAEHXZ 10007bce f   ConEmuPlugin1900.obj
 0001:00006c47       ?GetWindowTypeName@CPluginW1900@@UAEPB_WH@Z 10007c47 f   ConEmuPlugin1900.obj
 0001:00006c47       ?GetWindowTypeName@CPluginW995@@UAEPB_WH@Z 10007c47 f   ConEmuPlugin995.obj
 0001:00006c47       ?GetWindowTypeName@CPluginAnsi@@UAEPB_WH@Z 10007c47 f   ConEmuPluginA.obj
 0001:00006c47       ?GetWindowTypeName@CPluginW2800@@UAEPB_WH@Z 10007c47 f   ConEmuPlugin2800.obj
 0001:00007001       ?GuiMacroDlg@CPluginW1900@@UAEXXZ 10008001 f   ConEmuPlugin1900.obj
 0001:00007006       ?Open@CPluginW1900@@UAEPAXPBX@Z 10008006 f   ConEmuPlugin1900.obj
 0001:000070d3       _GetGlobalInfoW@4          100080d3 f   ConEmuPlugin2800.obj
 0001:00007168       ??0CPluginW2800@@QAE@XZ    10008168 f   ConEmuPlugin2800.obj
 0001:000072e9       ?GetPanelDir@CPluginW2800@@UAEPA_WKPA_WH@Z 100082e9 f   ConEmuPlugin2800.obj
 0001:0000740e       ?GetPanelInfo@CPluginW2800@@UAE_NKPAUCEPanelInfo@@@Z 1000840e f   ConEmuPlugin2800.obj
 0001:0000765d       ?GetPanelItemInfo@CPluginW2800@@UAE_NABUCEPanelInfo@@_NHAAU_WIN32_FIND_DATAW@@PAPA_W@Z 1000865d f   ConEmuPlugin2800.obj
 0001:000077e1       ?PanelControlApi@CPluginW2800@@UAEHPAXHH0@Z 100087e1 f   ConEmuPlugin2800.obj
 0001:000077fe       ?GetPluginInfoPtr@CPluginW2800@@UAEXPAX@Z 100087fe f   ConEmuPlugin2800.obj
 0001:00007846       ?SetStartupInfoPtr@CPluginW2800@@UAEXPAX@Z 10008846 f   ConEmuPlugin2800.obj
 0001:0000795c       ?GetEditorModifiedState@CPluginW2800@@UAEKXZ 1000895c f   ConEmuPlugin2800.obj
 0001:0000799a       ?ProcessEditorInputPtr@CPluginW2800@@UAEHPBX@Z 1000899a f   ConEmuPlugin2800.obj
 0001:000079bc       ?GetWindowCount@CPluginW2800@@UAEHXZ 100089bc f   ConEmuPlugin2800.obj
 0001:00007aef       ?UpdateConEmuTabsApi@CPluginW2800@@UAE_NH@Z 10008aef f   ConEmuPlugin2800.obj
 0001:00007fe4       ?ExitFar@CPluginW2800@@UAEXXZ 10008fe4 f   ConEmuPlugin2800.obj
 0001:0000801b       ?ShowMessage@CPluginW2800@@UAEHPB_WH_N@Z 1000901b f   ConEmuPlugin2800.obj
 0001:00008087       ?GetMsg@CPluginW2800@@UAEPB_WHPA_WI@Z 10009087 f   ConEmuPlugin2800.obj
 0001:000080cd       ?SetWindow@CPluginW2800@@UAEXH@Z 100090cd f   ConEmuPlugin2800.obj
 0001:0000818c       ?PostMacroApi@CPluginW2800@@UAEXPB_WPAU_INPUT_RECORD@@_N@Z 1000918c f   ConEmuPlugin2800.obj
 0001:00008463       ?ShowPluginMenu@CPluginW2800@@UAEHPAUConEmuPluginMenuItem@@HH@Z 10009463 f   ConEmuPlugin2800.obj
 0001:000085b3       ?OpenEditor@CPluginW2800@@UAE_NPB_W_N11HH@Z 100095b3 f   ConEmuPlugin2800.obj
 0001:00008654       ?ExecuteSynchroApi@CPluginW2800@@UAE_NXZ 10009654 f   ConEmuPlugin2800.obj
 0001:00008677       ?IsMacroActive@CPluginW2800@@UAE_NXZ 10009677 f   ConEmuPlugin2800.obj
 0001:000086a0       ?GetMacroArea@CPluginW2800@@UAEHXZ 100096a0 f   ConEmuPlugin2800.obj
 0001:000086b4       ?RedrawAll@CPluginW2800@@UAEXXZ 100096b4 f   ConEmuPlugin2800.obj
 0001:000086d5       ?InputBox@CPluginW2800@@UAE_NPB_W000AAPA_W@Z 100096d5 f   ConEmuPlugin2800.obj
 0001:0000875c       ?ShowUserScreen@CPluginW2800@@UAEX_N@Z 1000975c f   ConEmuPlugin2800.obj
 0001:00008781       ?LoadFarColors@CPluginW2800@@UAEXAAY0BAA@E@Z 10009781 f   ConEmuPlugin2800.obj
 0001:00008908       ?LoadFarSettings@CPluginW2800@@UAEXPAUCEFarInterfaceSettings@@PAUCEFarPanelSettings@@@Z 10009908 f   ConEmuPlugin2800.obj
 0001:00008a2c       ?GetFarRect@CPluginW2800@@UAE_NAAU_SMALL_RECT@@@Z 10009a2c f   ConEmuPlugin2800.obj
 0001:00008a6d       ?CheckPanelExist@CPluginW2800@@UAE_NXZ 10009a6d f   ConEmuPlugin2800.obj
 0001:00008a91       ?GetActiveWindowType@CPluginW2800@@UAEHXZ 10009a91 f   ConEmuPlugin2800.obj
 0001:00008e9d       ?GuiMacroDlg@CPluginW2800@@UAEXXZ 10009e9d f   ConEmuPlugin2800.obj
 0001:00008eb6       ?Open@CPluginW2800@@UAEPAXPBX@Z 10009eb6 f   ConEmuPlugin2800.obj
 0001:00008fd5       ?erase@?$MArray@UWindowInfo@@@@QAEXH@Z 10009fd5 f i ConEmuPlugin2800.obj
 0001:00009029       ?insert@?$MArray@UWindowInfo@@@@QAEXHABUWindowInfo@@@Z 1000a029 f i ConEmuPlugin2800.obj
 0001:0000908a       ?push_back@?$MArray@UWindowInfo@@@@QAEHABUWindowInfo@@@Z 1000a08a f i ConEmuPlugin2800.obj
 0001:000090da       ??1?$MArray@UWindowInfo@@@@QAE@XZ 1000a0da f i ConEmuPlugin2800.obj
 0001:000090f9       ?addsize@?$MArray@UWindowInfo@@@@QAEXH@Z 1000a0f9 f i ConEmuPlugin2800.obj
 0001:0000917f       ?Open@CPluginAnsi@@UAEPAXPBX@Z 1000a17f f i ConEmuPluginA.obj
 0001:0000917f       ?Open@CPluginW995@@UAEPAXPBX@Z 1000a17f f i ConEmuPlugin995.obj
 0001:00009188       ?ProcessEditorInputPtr@CPluginAnsi@@UAEHPBX@Z 1000a188 f i ConEmuPluginA.obj
 0001:00009188       ?ProcessSynchroEventPtr@CPluginAnsi@@UAEHPAX@Z 1000a188 f i ConEmuPluginA.obj
 0001:00009188       ?ProcessViewerEventPtr@CPluginW995@@UAEHPAX@Z 1000a188 f i ConEmuPlugin995.obj
 0001:00009188       ?ProcessEditorEventPtr@CPluginW995@@UAEHPAX@Z 1000a188 f i ConEmuPlugin995.obj
 0001:00009188       ?ProcessEditorEventPtr@CPluginAnsi@@UAEHPAX@Z 1000a188 f i ConEmuPluginA.obj
 0001:00009188       ?ProcessSynchroEventPtr@CPluginW995@@UAEHPAX@Z 1000a188 f i ConEmuPlugin995.obj
 0001:00009188       ?ProcessViewerEventPtr@CPluginAnsi@@UAEHPAX@Z 1000a188 f i ConEmuPluginA.obj
 0001:0000918d       ??0CPluginW995@@QAE@XZ     1000a18d f   ConEmuPlugin995.obj
 0001:000092ff       ?GetPanelDir@CPluginW995@@UAEPA_WKPA_WH@Z 1000a2ff f   ConEmuPlugin995.obj
 0001:000093d9       ?GetPanelInfo@CPluginW995@@UAE_NKPAUCEPanelInfo@@@Z 1000a3d9 f   ConEmuPlugin995.obj
 0001:000095b0       ?GetPanelItemInfo@CPluginW995@@UAE_NABUCEPanelInfo@@_NHAAU_WIN32_FIND_DATAW@@PAPA_W@Z 1000a5b0 f   ConEmuPlugin995.obj
 0001:00009715       ?PanelControlApi@CPluginW995@@UAEHPAXHH0@Z 1000a715 f   ConEmuPlugin995.obj
 0001:00009732       ?GetPluginInfoPtr@CPluginW995@@UAEXPAX@Z 1000a732 f   ConEmuPlugin995.obj
 0001:0000978a       ?SetStartupInfoPtr@CPluginW995@@UAEXPAX@Z 1000a78a f   ConEmuPlugin995.obj
 0001:0000988a       ?GetEditorModifiedState@CPluginW995@@UAEKXZ 1000a88a f   ConEmuPlugin995.obj
 0001:000098c4       ?ProcessEditorInputPtr@CPluginW995@@UAEHPBX@Z 1000a8c4 f   ConEmuPlugin995.obj
 0001:000098e3       ?GetWindowCount@CPluginW995@@UAEHXZ 1000a8e3 f   ConEmuPlugin995.obj
 0001:00009900       ?UpdateConEmuTabsApi@CPluginW995@@UAE_NH@Z 1000a900 f   ConEmuPlugin995.obj
 0001:00009af9       ?ExitFar@CPluginW995@@UAEXXZ 1000aaf9 f   ConEmuPlugin995.obj
 0001:00009b35       ?ShowMessage@CPluginW995@@UAEHPB_WH_N@Z 1000ab35 f   ConEmuPlugin995.obj
 0001:00009b7e       ?GetMsg@CPluginW995@@UAEPB_WHPA_WI@Z 1000ab7e f   ConEmuPlugin995.obj
 0001:00009bc2       ?SetWindow@CPluginW995@@UAEXH@Z 1000abc2 f   ConEmuPlugin995.obj
 0001:00009bf6       ?PostMacroApi@CPluginW995@@UAEXPB_WPAU_INPUT_RECORD@@_N@Z 1000abf6 f   ConEmuPlugin995.obj
 0001:00009c93       ?ShowPluginMenu@CPluginW995@@UAEHPAUConEmuPluginMenuItem@@HH@Z 1000ac93 f   ConEmuPlugin995.obj
 0001:00009d88       ?OpenEditor@CPluginW995@@UAE_NPB_W_N11HH@Z 1000ad88 f   ConEmuPlugin995.obj
 0001:00009e21       ?ExecuteSynchroApi@CPluginW995@@UAE_NXZ 1000ae21 f   ConEmuPlugin995.obj
 0001:00009e40       ?WaitEndSynchro@CPluginW995@@UAEXXZ 1000ae40 f   ConEmuPlugin995.obj
 0001:00009f54       ?StopWaitEndSynchro@CPluginW995@@UAEXXZ 1000af54 f   ConEmuPlugin995.obj
 0001:00009f6d       ?IsMacroActive@CPluginW995@@UAE_NXZ 1000af6d f   ConEmuPlugin995.obj
 0001:00009fbd       ?GetMacroArea@CPluginW995@@UAEHXZ 1000afbd f   ConEmuPlugin995.obj
 0001:00009ff7       ?RedrawAll@CPluginW995@@UAEXXZ 1000aff7 f   ConEmuPlugin995.obj
 0001:0000a014       ?InputBox@CPluginW995@@UAE_NPB_W000AAPA_W@Z 1000b014 f   ConEmuPlugin995.obj
 0001:0000a08f       ?ShowUserScreen@CPluginW995@@UAEX_N@Z 1000b08f f   ConEmuPlugin995.obj
 0001:0000a0b4       ?LoadFarColors@CPluginW995@@UAEXAAY0BAA@E@Z 1000b0b4 f   ConEmuPlugin995.obj
 0001:0000a16d       ?LoadFarSettings@CPluginW995@@UAEXPAUCEFarInterfaceSettings@@PAUCEFarPanelSettings@@@Z 1000b16d f   ConEmuPlugin995.obj
 0001:0000a1a4       ?GetFarRect@CPluginW995@@UAE_NAAU_SMALL_RECT@@@Z 1000b1a4 f   ConEmuPlugin995.obj
 0001:0000a1e2       ?CheckPanelExist@CPluginW995@@UAE_NXZ 1000b1e2 f   ConEmuPlugin995.obj
 0001:0000a206       ?GetActiveWindowType@CPluginW995@@UAEHXZ 1000b206 f   ConEmuPlugin995.obj
 0001:0000a5e0       ?GuiMacroDlg@CPluginW995@@UAEXXZ 1000b5e0 f   ConEmuPlugin995.obj
 0001:0000a5e5       ?ExecuteSynchroApi@CPluginAnsi@@UAE_NXZ 1000b5e5 f i ConEmuPluginA.obj
 0001:0000a5e8       ?GetFarRect@CPluginAnsi@@UAE_NAAU_SMALL_RECT@@@Z 1000b5e8 f i ConEmuPluginA.obj
 0001:0000a5ed       ??_GCPluginAnsi@@UAEPAXI@Z 1000b5ed f i ConEmuPluginA.obj
 0001:0000a5ed       ??_ECPluginAnsi@@UAEPAXI@Z 1000b5ed f i * CIL library *:* CIL module *
 0001:0000a613       ??0CPluginAnsi@@QAE@XZ     1000b613 f   ConEmuPluginA.obj
 0001:0000a756       ?GetPanelDir@CPluginAnsi@@UAEPA_WKPA_WH@Z 1000b756 f   ConEmuPluginA.obj
 0001:0000a824       ?GetPanelInfo@CPluginAnsi@@UAE_NKPAUCEPanelInfo@@@Z 1000b824 f   ConEmuPluginA.obj
 0001:0000a9e6       ?GetPanelItemInfo@CPluginAnsi@@UAE_NABUCEPanelInfo@@_NHAAU_WIN32_FIND_DATAW@@PAPA_W@Z 1000b9e6 f   ConEmuPluginA.obj
 0001:0000aae0       ?PanelControlApi@CPluginAnsi@@UAEHPAXHH0@Z 1000bae0 f   ConEmuPluginA.obj
 0001:0000ab0a       ?SetStartupInfoPtr@CPluginAnsi@@UAEXPAX@Z 1000bb0a f   ConEmuPluginA.obj
 0001:0000ac1d       ?GetPluginInfoPtr@CPluginAnsi@@UAEXPAX@Z 1000bc1d f   ConEmuPluginA.obj
 0001:0000ac8a       ?GetEditorModifiedState@CPluginAnsi@@UAEKXZ 1000bc8a f   ConEmuPluginA.obj
 0001:0000acc7       ?GetWindowCount@CPluginAnsi@@UAEHXZ 1000bcc7 f   ConEmuPluginA.obj
 0001:0000acea       ?UpdateConEmuTabsApi@CPluginAnsi@@UAE_NH@Z 1000bcea f   ConEmuPluginA.obj
 0001:0000af5a       ?ExitFar@CPluginAnsi@@UAEXXZ 1000bf5a f   ConEmuPluginA.obj
 0001:0000af91       ?SetWindow@CPluginAnsi@@UAEXH@Z 1000bf91 f   ConEmuPluginA.obj
 0001:0000afd1       ?PostMacroApi@CPluginAnsi@@UAEXPB_WPAU_INPUT_RECORD@@_N@Z 1000bfd1 f   ConEmuPluginA.obj
 0001:0000b073       ?ShowPluginMenu@CPluginAnsi@@UAEHPAUConEmuPluginMenuItem@@HH@Z 1000c073 f   ConEmuPluginA.obj
 0001:0000b1a2       ?OpenEditor@CPluginAnsi@@UAE_NPB_W_N11HH@Z 1000c1a2 f   ConEmuPluginA.obj
 0001:0000b282       ?ShowMessage@CPluginAnsi@@UAEHPB_WH_N@Z 1000c282 f   ConEmuPluginA.obj
 0001:0000b320       ?GetMsg@CPluginAnsi@@UAEPB_WHPA_WI@Z 1000c320 f   ConEmuPluginA.obj
 0001:0000b390       ?IsMacroActive@CPluginAnsi@@UAE_NXZ 1000c390 f   ConEmuPluginA.obj
 0001:0000b3e6       __get_startup_argv_mode    1000c3e6 f   LIBCMT:argv_mode.obj
 0001:0000b3e6       ?GetMacroArea@CPluginAnsi@@UAEHXZ 1000c3e6 f   ConEmuPluginA.obj
 0001:0000b3ea       ?RedrawAll@CPluginAnsi@@UAEXXZ 1000c3ea f   ConEmuPluginA.obj
 0001:0000b40d       ?InputBox@CPluginAnsi@@UAE_NPB_W000AAPA_W@Z 1000c40d f   ConEmuPluginA.obj
 0001:0000b536       ?ShowUserScreen@CPluginAnsi@@UAEX_N@Z 1000c536 f   ConEmuPluginA.obj
 0001:0000b55c       ?LoadFarColors@CPluginAnsi@@UAEXAAY0BAA@E@Z 1000c55c f   ConEmuPluginA.obj
 0001:0000b61b       ?LoadFarSettings@CPluginAnsi@@UAEXPAUCEFarInterfaceSettings@@PAUCEFarPanelSettings@@@Z 1000c61b f   ConEmuPluginA.obj
 0001:0000b65e       ?CheckPanelExist@CPluginAnsi@@UAE_NXZ 1000c65e f   ConEmuPluginA.obj
 0001:0000b683       ?GetActiveWindowType@CPluginAnsi@@UAEHXZ 1000c683 f   ConEmuPluginA.obj
 0001:0000bb4f       ?GuiMacroDlg@CPluginAnsi@@UAEXXZ 1000cb4f f   ConEmuPluginA.obj
 0001:0000bb54       ?IsFarLua@FarVersion@@QBE_NXZ 1000cb54 f i ConEmuPluginBase.obj
 0001:0000be56       ?Plugin@@YAPAVCPluginBase@@XZ 1000ce56 f   ConEmuPluginBase.obj
 0001:0000bef3       ??0CPluginBase@@QAE@XZ     1000cef3 f   ConEmuPluginBase.obj
 0001:0000c011       ?DllMain_ProcessAttach@CPluginBase@@KAXPAUHINSTANCE__@@@Z 1000d011 f   ConEmuPluginBase.obj
 0001:0000c0e7       ?DllMain_ProcessDetach@CPluginBase@@KAXXZ 1000d0e7 f   ConEmuPluginBase.obj
 0001:0000c1aa       ??_GMSection@@QAEPAXI@Z    1000d1aa f i ConEmuPluginBase.obj
 0001:0000c216       ?DllCheckUnique@CPluginBase@@KA_N_N@Z 1000d216 f   ConEmuPluginBase.obj
 0001:0000c422       ?LoadFarVersion@CPluginBase@@SA_NXZ 1000d422 f   ConEmuPluginBase.obj
 0001:0000c49d       ?ShowMessageBox@CPluginBase@@KAHPB_WI@Z 1000d49d f   ConEmuPluginBase.obj
 0001:0000c53c       ?ShowMessageGui@CPluginBase@@QAEHHH@Z 1000d53c f   ConEmuPluginBase.obj
 0001:0000c5a8       ?BackgroundMacroError@CPluginBase@@SGKPAX@Z 1000d5a8 f   ConEmuPluginBase.obj
 0001:0000c5ce       ?PostMacro@CPluginBase@@QAEXPB_WPAU_INPUT_RECORD@@_N@Z 1000d5ce f   ConEmuPluginBase.obj
 0001:0000c60f       ?isMacroActive@CPluginBase@@QAE_NAAH@Z 1000d60f f   ConEmuPluginBase.obj
 0001:0000c642       ?CheckBufferEnabled@CPluginBase@@QAE_NXZ 1000d642 f   ConEmuPluginBase.obj
 0001:0000c6a0       ?PanelControl@CPluginBase@@QAEHPAXHH0@Z 1000d6a0 f   ConEmuPluginBase.obj
 0001:0000c6fd       ?GetPanelInfo@CPluginBase@@QAE_NKPAUBkPanelInfo@@@Z 1000d6fd f   ConEmuPluginBase.obj
 0001:0000c77f       ?FillUpdateBackground@CPluginBase@@QAEXPAUPaintBackgroundArg@@@Z 1000d77f f   ConEmuPluginBase.obj
 0001:0000c8cc       ?StorePanelDirs@CPluginBase@@QAE_NPB_W0@Z 1000d8cc f   ConEmuPluginBase.obj
 0001:0000c9ea       ?UpdatePanelDirs@CPluginBase@@QAEXXZ 1000d9ea f   ConEmuPluginBase.obj
 0001:0000cb64       ?RunExternalProgram@CPluginBase@@QAE_NPA_W@Z 1000db64 f   ConEmuPluginBase.obj
 0001:0000ccb9       ?ProcessCommandLine@CPluginBase@@QAE_NPA_W@Z 1000dcb9 f   ConEmuPluginBase.obj
 0001:0000cceb       ?ShowPluginMenu@CPluginBase@@QAEXW4PluginCallCommands@@@Z 1000dceb f   ConEmuPluginBase.obj
 0001:0000ceb2       ?ShowTabsList@CPluginBase@@QAEXXZ 1000deb2 f   ConEmuPluginBase.obj
 0001:0000d0bd       ?ShowPanelsList@CPluginBase@@QAEXXZ 1000e0bd f   ConEmuPluginBase.obj
 0001:0000d1cd       ?EditViewConsoleOutput@CPluginBase@@QAEX_N@Z 1000e1cd f   ConEmuPluginBase.obj
 0001:0000d258       ?SwitchTabCommand@CPluginBase@@QAEXW4PluginMenuCommands@@@Z 1000e258 f   ConEmuPluginBase.obj
 0001:0000d2c9       ?ProcessSynchroEvent@CPluginBase@@QAEHHPAX@Z 1000e2c9 f   ConEmuPluginBase.obj
 0001:0000d32d       ?ProcessEditorInputInternal@CPluginBase@@QAEXABU_INPUT_RECORD@@@Z 1000e32d f   ConEmuPluginBase.obj
 0001:0000d351       ?ProcessEditorViewerEvent@CPluginBase@@QAEHHH@Z 1000e351 f   ConEmuPluginBase.obj
 0001:0000d3f9       ?GetMainThreadId@CPluginBase@@SAKXZ 1000e3f9 f   ConEmuPluginBase.obj
 0001:0000d489       ?ShowConsoleInfo@CPluginBase@@QAEXXZ 1000e489 f   ConEmuPluginBase.obj
 0001:0000d5fe       ?RunExternalProgramW@CPluginBase@@SA_NPA_W0_N@Z 1000e5fe f   ConEmuPluginBase.obj
 0001:0000d825       ?StartDebugger@CPluginBase@@QAE_NXZ 1000e825 f   ConEmuPluginBase.obj
 0001:0000da6a       ?Attach2Gui@CPluginBase@@QAE_N_N@Z 1000ea6a f   ConEmuPluginBase.obj
 0001:0000ddb6       ?FindServerCmd@CPluginBase@@QAE_NKAAK_N@Z 1000edb6 f   ConEmuPluginBase.obj
 0001:0000de6b       ?ShowMessage@CPluginBase@@QAEHHH@Z 1000ee6b f   ConEmuPluginBase.obj
 0001:0000ded0       ?OutDataAlloc@CPluginBase@@SA_NK@Z 1000eed0 f   ConEmuPluginBase.obj
 0001:0000df25       ?OutDataRealloc@CPluginBase@@SA_NK@Z 1000ef25 f   ConEmuPluginBase.obj
 0001:0000dfc8       ?OutDataWrite@CPluginBase@@SA_NPAXK@Z 1000efc8 f   ConEmuPluginBase.obj
 0001:0000e042       ?CreateTabs@CPluginBase@@SA_NH@Z 1000f042 f   ConEmuPluginBase.obj
 0001:0000e0e6       ?AddTab@CPluginBase@@QAE_NAAHH_N1HPB_W2HHHH@Z 1000f0e6 f   ConEmuPluginBase.obj
 0001:0000e354       ?SendTabs@CPluginBase@@SAXH_N@Z 1000f354 f   ConEmuPluginBase.obj
 0001:0000e4c8       ?CloseTabs@CPluginBase@@SAXXZ 1000f4c8 f   ConEmuPluginBase.obj
 0001:0000e54c       ?UpdateConEmuTabs@CPluginBase@@QAE_N_N@Z 1000f54c f   ConEmuPluginBase.obj
 0001:0000e71b       ?ShowProtocolWarning@CPluginBase@@KAXXZ 1000f71b f   ConEmuPluginBase.obj
 0001:0000e86d       ?CheckResources@CPluginBase@@QAEX_N@Z 1000f86d f   ConEmuPluginBase.obj
 0001:0000ea05       ?InitResources@CPluginBase@@QAEXXZ 1000fa05 f   ConEmuPluginBase.obj
 0001:0000ebc6       ?OpenMapHeader@CPluginBase@@SAHXZ 1000fbc6 f   ConEmuPluginBase.obj
 0001:0000ecae       ?InitRootRegKey@CPluginBase@@IAEXXZ 1000fcae f   ConEmuPluginBase.obj
 0001:0000ed65       ?SetRootRegKey@CPluginBase@@IAEXPA_W@Z 1000fd65 f   ConEmuPluginBase.obj
 0001:0000edee       ?LoadPanelTabsFromRegistry@CPluginBase@@IAEXXZ 1000fdee f   ConEmuPluginBase.obj
 0001:0000eec5       ?InitHWND@CPluginBase@@SAXXZ 1000fec5 f   ConEmuPluginBase.obj
 0001:0000f0e0       ?CheckConEmuDetached@CPluginBase@@SAXXZ 100100e0 f   ConEmuPluginBase.obj
 0001:0000f19f       ?EmergencyShow@CPluginBase@@KAXXZ 1001019f f   ConEmuPluginBase.obj
 0001:0000f1e1       ?MonitorThreadProcW@CPluginBase@@SGKPAX@Z 100101e1 f   ConEmuPluginBase.obj
 0001:0000f60b       ?OpenPluginCommon@CPluginBase@@QAEPAXHH_N@Z 1001060b f   ConEmuPluginBase.obj
 0001:0000f871       ?ExitFarCommon@CPluginBase@@QAEX_N@Z 10010871 f   ConEmuPluginBase.obj
 0001:0000f889       ?OnMainThreadActivated@CPluginBase@@QAEXXZ 10010889 f   ConEmuPluginBase.obj
 0001:0000f9ed       ?ProcessSetWindowCommand@CPluginBase@@QAEXXZ 100109ed f   ConEmuPluginBase.obj
 0001:0000fabb       ?CommonPluginStartup@CPluginBase@@QAEXXZ 10010abb f   ConEmuPluginBase.obj
 0001:0000fb9c       ?StopThread@CPluginBase@@QAEX_N@Z 10010b9c f   ConEmuPluginBase.obj
 0001:0000fd7a       ?ExecuteSynchro@CPluginBase@@QAEXXZ 10010d7a f   ConEmuPluginBase.obj
 0001:0000fdf0       ?WaitPluginActivation@CPluginBase@@SAKKPAPAXHK@Z 10010df0 f   ConEmuPluginBase.obj
 0001:0000fed9       ?ActivatePlugin@CPluginBase@@QAE_NKPAXK@Z 10010ed9 f   ConEmuPluginBase.obj
 0001:00010059       ?cmd_OpenEditorLine@CPluginBase@@QAE_NPAUCESERVER_REQ_FAREDITOR@@@Z 10011059 f   ConEmuPluginBase.obj
 0001:000100f4       ?cmd_RedrawFarCall@CPluginBase@@QAE_NAAPAUCESERVER_REQ@@PAPAU2@@Z 100110f4 f   ConEmuPluginBase.obj
 0001:00010191       ?cmd_SetWindow@CPluginBase@@QAE_NPAX_N@Z 10011191 f   ConEmuPluginBase.obj
 0001:00010201       ?cmd_LeftClickSync@CPluginBase@@QAEXPAX@Z 10011201 f   ConEmuPluginBase.obj
 0001:000102c6       ?cmd_EMenu@CPluginBase@@QAEXPAX@Z 100112c6 f   ConEmuPluginBase.obj
 0001:00010363       ?cmd_GuiChanged@CPluginBase@@QAEXPAX@Z 10011363 f   ConEmuPluginBase.obj
 0001:000103e7       ?ProcessCommand@CPluginBase@@QAE_NKHPAXPAPAUCESERVER_REQ@@_N@Z 100113e7 f   ConEmuPluginBase.obj
 0001:00010867       ?FarSetConsoleSize@CPluginBase@@SA_NFF@Z 10011867 f   ConEmuPluginBase.obj
 0001:00010952       ?ReloadFarInfoApi@CPluginBase@@IAE_NXZ 10011952 f   ConEmuPluginBase.obj
 0001:00010ac5       ?ReloadFarInfo@CPluginBase@@QAE_N_N@Z 10011ac5 f   ConEmuPluginBase.obj
 0001:00010cbb       ?pcc_Selected@CPluginBase@@SA_NW4PluginMenuCommands@@@Z 10011cbb f   ConEmuPluginBase.obj
 0001:00010d07       ?pcc_Disabled@CPluginBase@@SA_NW4PluginMenuCommands@@@Z 10011d07 f   ConEmuPluginBase.obj
 0001:00010d6d       ?TouchReadPeekConsoleInputs@CPluginBase@@SAXH@Z 10011d6d f   ConEmuPluginBase.obj
 0001:00010d9c       ?OnConsolePeekReadInput@CPluginBase@@SAX_N@Z 10011d9c f   ConEmuPluginBase.obj
 0001:00010f44       ?UngetDummyMouseEvent@CPluginBase@@SA_N_NPAUHookCallbackArg@@@Z 10011f44 f   ConEmuPluginBase.obj
 0001:000110a7       ?FillLoadedParm@CPluginBase@@SAXPAUConEmuLoadedArg@@PAUHINSTANCE__@@H@Z 100120a7 f   ConEmuPluginBase.obj
 0001:00011135       ?NotifyConEmuUnloaded@CPluginBase@@SAXXZ 10012135 f   ConEmuPluginBase.obj
 0001:00011223       ?OnPanelViewCallbacks@CPluginBase@@SA_NPAUHookCallbackArg@@P6GHPAXPAU_INPUT_RECORD@@KPAKPAH@Z5@Z 10012223 f   ConEmuPluginBase.obj
 0001:000112c4       ?OnShellExecuteExW_Except@CPluginBase@@SGXPAUHookCallbackArg@@@Z 100122c4 f   ConEmuPluginBase.obj
 0001:000112f5       ?OnGetNumberOfConsoleInputEventsPost@CPluginBase@@SGXPAUHookCallbackArg@@@Z 100122f5 f   ConEmuPluginBase.obj
 0001:00011324       ?OnConsolePeekInput@CPluginBase@@SGHPAUHookCallbackArg@@@Z 10012324 f   ConEmuPluginBase.obj
 0001:0001137f       ?OnConsolePeekInputPost@CPluginBase@@SGXPAUHookCallbackArg@@@Z 1001237f f   ConEmuPluginBase.obj
 0001:000113a8       ?OnConsoleReadInput@CPluginBase@@SGHPAUHookCallbackArg@@@Z 100123a8 f   ConEmuPluginBase.obj
 0001:00011411       ?OnConsoleReadInputPost@CPluginBase@@SGXPAUHookCallbackArg@@@Z 10012411 f   ConEmuPluginBase.obj
 0001:0001158f       ?OnWriteConsoleOutput@CPluginBase@@SGHPAUHookCallbackArg@@@Z 1001258f f   ConEmuPluginBase.obj
 0001:0001161e       ?OnConsoleDetaching@CPluginBase@@SGHPAUHookCallbackArg@@@Z 1001261e f   ConEmuPluginBase.obj
 0001:0001173a       ?OnConsoleWasAttached@CPluginBase@@SGXPAUHookCallbackArg@@@Z 1001273a f   ConEmuPluginBase.obj
 0001:0001178c       ?OnCurDirChanged@CPluginBase@@SGXXZ 1001278c f   ConEmuPluginBase.obj
 0001:000117e3       ?OnLibraryLoaded@CPluginBase@@SGXPAUHINSTANCE__@@@Z 100127e3 f   ConEmuPluginBase.obj
 0001:00011839       ?ToUnicode@CPluginBase@@SAPA_WPBD@Z 10012839 f   ConEmuPluginBase.obj
 0001:00011890       ?ToOem@CPluginBase@@SAXPB_WPADH@Z 10012890 f   ConEmuPluginBase.obj
 0001:000118b4       ?ToOem@CPluginBase@@SAPADPB_W@Z 100128b4 f   ConEmuPluginBase.obj
 0001:000118f8       ?ProcessDragFrom@CPluginBase@@QAEXXZ 100128f8 f   ConEmuPluginBase.obj
 0001:00011d64       ?ProcessDragTo@CPluginBase@@QAEXXZ 10012d64 f   ConEmuPluginBase.obj
 0001:00012054       ?IsCurrentTabModal@CPluginBase@@QAE_NXZ 10013054 f   ConEmuPluginBase.obj
 0001:000120c8       ?PrintText@CPluginBase@@QAE_NPB_W@Z 100130c8 f   ConEmuPluginBase.obj
 0001:000121af       ??0CPluginBackground@@QAE@XZ 100131af f   PluginBackground.obj
 0001:00012380       ??1CPluginBackground@@QAE@XZ 10013380 f   PluginBackground.obj
 0001:000124ad       ?RegisterSubplugin@CPluginBackground@@QAEHPAURegisterBackgroundArg@@@Z 100134ad f   PluginBackground.obj
 0001:000126bd       ?ReallocItems@CPluginBackground@@IAEXH@Z 100136bd f   PluginBackground.obj
 0001:0001270f       ?OnMainThreadActivated@CPluginBackground@@QAEXHH@Z 1001370f f   PluginBackground.obj
 0001:000127db       ?IsParmChanged@CPluginBackground@@IAE_NPAUPaintBackgroundArg@@0@Z 100137db f   PluginBackground.obj
 0001:000129f7       ?CheckPanelFolders@CPluginBackground@@IAEXH@Z 100139f7 f   PluginBackground.obj
 0001:00012aad       ?SetDcPanelRect@CPluginBackground@@IAEXPAUtagRECT@@PAUBkPanelInfo@@PAUPaintBackgroundArg@@@Z 10013aad f   PluginBackground.obj
 0001:00012b7b       ?UpdateBackground@CPluginBackground@@IAEXXZ 10013b7b f   PluginBackground.obj
 0001:000132d0       ?LoadThSet@CPluginBackground@@IAEHH@Z 100142d0 f   PluginBackground.obj
 0001:0001348d       ?InternalOpenCreate@?$MFileMapping@UPanelViewSetMapping@@@@IAEPAUPanelViewSetMapping@@HHH@Z 1001448d f i PluginBackground.obj
 0001:00013556       ?PlugServerStart@@YA_NXZ   10014556 f   PluginSrv.obj
 0001:00013600       ?PlugServerStop@@YAX_N@Z   10014600 f   PluginSrv.obj
 0001:00013631       ?cmd_FarSetChanged@@YAXPAUFAR_REQ_FARSETCHANGED@@@Z 10014631 f   PluginSrv.obj
 0001:00013673       ?PlugServerCommand@@YGHPAXPAUCESERVER_REQ@@AAPAU1@AAK3J@Z 10014673 f   PluginSrv.obj
 0001:00013b59       ?PlugServerFree@@YGXPAUCESERVER_REQ@@J@Z 10014b59 f   PluginSrv.obj
 0001:00013b68       ?StopPipeServer@?$PipeServer@UCESERVER_REQ@@@@QAEX_NAA_N@Z 10014b68 f i PluginSrv.obj
 0001:00013e99       ?StartPipeServer@?$PipeServer@UCESERVER_REQ@@@@QAE_N_NPB_WJPAU_SECURITY_ATTRIBUTES@@P6GHPAXPAUCESERVER_REQ@@AAPAU3@AAK6J@ZP6GX4J@ZP6GH3J@Z99@Z 10014e99 f i PluginSrv.obj
 0001:00013fba       ?StartPipeInstance@?$PipeServer@UCESERVER_REQ@@@@IAE_NPAUPipeInst@1@@Z 10014fba f i PluginSrv.obj
 0001:000140f4       ?_Disconnect@?$PipeServer@UCESERVER_REQ@@@@IAEXPAUPipeInst@1@_N11@Z 100150f4 f i PluginSrv.obj
 0001:00014148       ?DumpError@?$PipeServer@UCESERVER_REQ@@@@IAEXPAUPipeInst@1@PB_WH@Z 10015148 f i PluginSrv.obj
 0001:0001421d       ?_PipeServerThread@?$PipeServer@UCESERVER_REQ@@@@KGKPAX@Z 1001521d f i PluginSrv.obj
 0001:00014266       ?PipeServerThread@?$PipeServer@UCESERVER_REQ@@@@IAEKPAUPipeInst@1@@Z 10015266 f i PluginSrv.obj
 0001:00014490       ?WriteDummyAnswer@?$PipeServer@UCESERVER_REQ@@@@IAEHPAUPipeInst@1@@Z 10015490 f i PluginSrv.obj
 0001:000144f6       ?WaitForClient@?$PipeServer@UCESERVER_REQ@@@@IAE_NPAUPipeInst@1@AAH1@Z 100154f6 f i PluginSrv.obj
 0001:00014768       ?PipeServerWrite@?$PipeServer@UCESERVER_REQ@@@@IAEHPAUPipeInst@1@PBXKPAKH@Z 10015768 f i PluginSrv.obj
 0001:0001482a       ?PipeServerRead@?$PipeServer@UCESERVER_REQ@@@@IAEHPAUPipeInst@1@@Z 1001582a f i PluginSrv.obj
 0001:00014a9a       ?AllocRequestBuf@PipeInst@?$PipeServer@UCESERVER_REQ@@@@QAEPAUCESERVER_REQ@@K@Z 10015a9a f i PluginSrv.obj
 0001:00014ae9       ?WaitOverlapped@?$PipeServer@UCESERVER_REQ@@@@IAEHPAUPipeInst@1@PAK@Z 10015ae9 f i PluginSrv.obj
 0001:00014c34       @__security_check_cookie@4 10015c34 f   LIBCMT:_secchk_.obj
 0001:00014c45       ___raise_securityfailure   10015c45 f   LIBCMT:gs_report.obj
 0001:00014c6d       ___report_gsfailure        10015c6d f   LIBCMT:gs_report.obj
 0001:00014d68       ??3@YAXPAXI@Z              10015d68 f   LIBCMT:delete_scalar_size.obj
 0001:00014d76       ??_Etype_info@@UAEPAXI@Z   10015d76 f i LIBCMT:std_type_info_static.obj
 0001:00014d76       ??_Gtype_info@@UAEPAXI@Z   10015d76 f i LIBCMT:std_type_info_static.obj
 0001:00014ddd       ___scrt_acquire_startup_lock 10015ddd f   LIBCMT:utility.obj
 0001:00014e12       ___scrt_dllmain_after_initialize_c 10015e12 f   LIBCMT:utility.obj
 0001:00014e3d       ___scrt_dllmain_before_initialize_c 10015e3d f   LIBCMT:utility.obj
 0001:00014e4b       ___scrt_dllmain_crt_thread_attach 10015e4b f   LIBCMT:utility.obj
 0001:00014e6a       ___scrt_dllmain_crt_thread_detach 10015e6a f   LIBCMT:utility.obj
 0001:00014e77       ___scrt_dllmain_exception_filter 10015e77 f   LIBCMT:utility.obj
 0001:00014eaa       ___scrt_dllmain_uninitialize_c 10015eaa f   LIBCMT:utility.obj
 0001:00014ecd       ___scrt_dllmain_uninitialize_critical 10015ecd f   LIBCMT:utility.obj
 0001:00014eda       ___scrt_initialize_crt     10015eda f   LIBCMT:utility.obj
 0001:00014f13       ___scrt_initialize_onexit_tables 10015f13 f   LIBCMT:utility.obj
 0001:00014fbf       ___scrt_is_nonwritable_in_current_image 10015fbf f   LIBCMT:utility.obj
 0001:00015049       ___scrt_release_startup_lock 10016049 f   LIBCMT:utility.obj
 0001:00015066       ___scrt_uninitialize_crt   10016066 f   LIBCMT:utility.obj
 0001:0001508e       __onexit                   1001608e f   LIBCMT:utility.obj
 0001:000150c9       _atexit                    100160c9 f   LIBCMT:utility.obj
 0001:000151e1       __Init_thread_footer       100161e1 f   LIBCMT:thread_safe_statics.obj
 0001:00015220       __Init_thread_header       10016220 f   LIBCMT:thread_safe_statics.obj
 0001:00015266       __Init_thread_lock         10016266 f   LIBCMT:thread_safe_statics.obj
 0001:00015272       __Init_thread_notify       10016272 f   LIBCMT:thread_safe_statics.obj
 0001:000152b3       __Init_thread_unlock       100162b3 f   LIBCMT:thread_safe_statics.obj
 0001:000152bf       __Init_thread_wait         100162bf f   LIBCMT:thread_safe_statics.obj
 0001:0001561e       __DllMainCRTStartup@12     1001661e f   LIBCMT:dll_dllmain.obj
 0001:00015641       ___isa_available_init      10016641 f   LIBCMT:_cpu_disp_.obj
 0001:000157e0       ___scrt_is_ucrt_dll_in_use 100167e0 f   LIBCMT:ucrt_detection.obj
 0001:000157ec       ___scrt_fastfail           100167ec f   LIBCMT:utility_desktop.obj
 0001:00015907       __crt_debugger_hook        10016907 f   LIBCMT:utility_desktop.obj
 0001:0001590f       @_guard_check_icall@4      1001690f f i LIBCMT:checkcfg.obj
 0001:00015920       __SEH_prolog4              10016920 f   LIBCMT:_sehprolg4_.obj
 0001:00015966       __SEH_epilog4              10016966 f   LIBCMT:_sehprolg4_.obj
 0001:0001597b       ___security_init_cookie    1001697b f   LIBCMT:gs_support.obj
 0001:00015a17       ?__scrt_initialize_type_info@@YAXXZ 10016a17 f   LIBCMT:tncleanup.obj
 0001:00015a23       ?__scrt_uninitialize_type_info@@YAXXZ 10016a23 f   LIBCMT:tncleanup.obj
 0001:00015a2f       ___local_stdio_printf_options 10016a2f f i LIBCMT:default_local_stdio_options.obj
 0001:00015a35       ___local_stdio_scanf_options 10016a35 f i LIBCMT:default_local_stdio_options.obj
 0001:00015a3b       ___scrt_initialize_default_local_stdio_options 10016a3b f   LIBCMT:default_local_stdio_options.obj
 0001:00015a58       ___scrt_get_dyn_tls_init_callback 10016a58 f   LIBCMT:dyn_tls_init.obj
 0001:00015a5e       __RTC_Initialize           10016a5e f   LIBCMT:_initsect_.obj
 0001:00015a89       __RTC_Terminate            10016a89 f   LIBCMT:_initsect_.obj
 0001:00015ab4       ?_CallCatchBlock2@@YAPAXPAUEHRegistrationNode@@PBU_s_FuncInfo@@PAXHK@Z 10016ab4 f   libvcruntime:trnsctrl.obj
 0001:00015b14       ?_CallSETranslator@@YAHPAUEHExceptionRecord@@PAUEHRegistrationNode@@PAX2PBU_s_FuncInfo@@H1@Z 10016b14 f   libvcruntime:trnsctrl.obj
 0001:00015bf1       ?_GetRangeOfTrysToCheck@@YAPBU_s_TryBlockMapEntry@@PBU_s_FuncInfo@@HHPAI1@Z 10016bf1 f   libvcruntime:trnsctrl.obj
 0001:00015c69       ?_JumpToContinuation@@YGXPAXPAUEHRegistrationNode@@@Z 10016c69 f   libvcruntime:trnsctrl.obj
 0001:00015c9b       ?_UnwindNestedFrames@@YGXPAUEHRegistrationNode@@PAUEHExceptionRecord@@@Z 10016c9b f   libvcruntime:trnsctrl.obj
 0001:00015cf0       __CatchGuardHandler        10016cf0 f   libvcruntime:trnsctrl.obj
 0001:00015d21       __CreateFrameInfo          10016d21 f   libvcruntime:trnsctrl.obj
 0001:00015d45       __FindAndUnlinkFrame       10016d45 f   libvcruntime:trnsctrl.obj
 0001:00015d8f       __IsExceptionObjectToBeDestroyed 10016d8f f   libvcruntime:trnsctrl.obj
 0001:00015db5       __TranslatorGuardHandler   10016db5 f   libvcruntime:trnsctrl.obj
 0001:00015e54       ___CxxFrameHandler3        10016e54 f   libvcruntime:trnsctrl.obj
 0001:00015e90       _memmove                   10016e90 f   libvcruntime:memmove.obj
 0001:00016404       ___DestructExceptionObject 10017404 f   libvcruntime:frame.obj
 0001:00016498       ??0bad_exception@std@@QAE@ABV01@@Z 10017498 f i libvcruntime:frame.obj
 0001:000164b3       ??0bad_exception@std@@QAE@XZ 100174b3 f i libvcruntime:frame.obj
 0001:000164cb       ??0exception@std@@QAE@ABV01@@Z 100174cb f i libvcruntime:frame.obj
 0001:000164f7       ??1bad_exception@std@@UAE@XZ 100174f7 f i libvcruntime:frame.obj
 0001:00016508       ??_Ebad_exception@std@@UAEPAXI@Z 10017508 f i libvcruntime:frame.obj
 0001:00016508       ??_Gbad_exception@std@@UAEPAXI@Z 10017508 f i libvcruntime:frame.obj
 0001:00016508       ??_Eexception@std@@UAEPAXI@Z 10017508 f i libvcruntime:frame.obj
 0001:00016508       ??_Gexception@std@@UAEPAXI@Z 10017508 f i libvcruntime:frame.obj
 0001:00016d4e       ?_CallMemberFunction1@@YGXQAX00@Z 10017d4e f i libvcruntime:frame.obj
 0001:00016d4e       ?_CallMemberFunction2@@YGXQAX00H@Z 10017d4e f i libvcruntime:frame.obj
 0001:00016d4e       ?_CallMemberFunction0@@YGXQAX0@Z 10017d4e f i libvcruntime:frame.obj
 0001:00016d55       ?what@exception@std@@UBEPBDXZ 10017d55 f i libvcruntime:frame.obj
 0001:00016d62       ___AdjustPointer           10017d62 f   libvcruntime:frame.obj
 0001:00016d87       ___BuildCatchObject        10017d87 f   libvcruntime:frame.obj
 0001:00016e16       ___BuildCatchObjectHelper  10017e16 f   libvcruntime:frame.obj
 0001:00016f44       ___FrameUnwindFilter       10017f44 f   libvcruntime:frame.obj
 0001:00016f89       ___FrameUnwindToState      10017f89 f   libvcruntime:frame.obj
 0001:00017051       ___InternalCxxFrameHandler 10018051 f   libvcruntime:frame.obj
 0001:0001714d       ___TypeMatch               1001814d f   libvcruntime:frame.obj
 0001:000171db       ___std_terminate           100181db f   libvcruntime:frame.obj
 0001:000171e0       _wcschr                    100181e0 f   libvcruntime:wcschr.obj
 0001:0001728e       _wcsstr                    1001828e f   libvcruntime:wcsstr.obj
 0001:00017511       _wcsrchr                   10018511 f   libvcruntime:wcsrchr.obj
 0001:000175c0       _strrchr                   100185c0 f   libvcruntime:strrchr.obj
 0001:00017740       __except_handler4          10018740 f   libvcruntime:_chandler4_.obj
 0001:000178b0       _strchr                    100188b0 f   libvcruntime:strchr.obj
 0001:0001791e       ___from_strstr_to_strchr   1001891e     libvcruntime:strchr.obj
 0001:000179db       __get_purecall_handler     100189db f   libvcruntime:purevirt.obj
 0001:000179f0       __purecall                 100189f0 f   libvcruntime:purevirt.obj
 0001:00017a0b       ___vcrt_initialize         10018a0b f   libvcruntime:initialization.obj
 0001:00017a34       ___vcrt_thread_attach      10018a34 f   libvcruntime:initialization.obj
 0001:00017a3f       ___vcrt_thread_detach      10018a3f f   libvcruntime:initialization.obj
 0001:00017a4a       ___vcrt_uninitialize       10018a4a f   libvcruntime:initialization.obj
 0001:00017a69       ___vcrt_uninitialize_critical 10018a69 f   libvcruntime:initialization.obj
 0001:00017a71       ??$__crt_fast_encode_pointer@PAX@@YAPAXQAX@Z 10018a71 f i libvcruntime:winapi_downlevel.obj
 0001:00017a71       ??$__crt_fast_encode_pointer@P6GHPAU_RTL_CONDITION_VARIABLE@@PAU_RTL_CRITICAL_SECTION@@K@Z@@YAP6GHPAU_RTL_CONDITION_VARIABLE@@PAU_RTL_CRITICAL_SECTION@@K@ZQ6GH01K@Z@Z 10018a71 f i LIBCMT:thread_safe_statics.obj
 0001:00017a71       ??$__crt_fast_encode_pointer@PAP6AXXZ@@YAPAP6AXXZQAP6AXXZ@Z 10018a71 f i LIBCMT:utility.obj
 0001:00017a71       ??$__crt_fast_encode_pointer@P6GXPAU_RTL_CONDITION_VARIABLE@@@Z@@YAP6GXPAU_RTL_CONDITION_VARIABLE@@@ZQ6GX0@Z@Z 10018a71 f i LIBCMT:thread_safe_statics.obj
 0001:00017bd4       ___vcrt_FlsAlloc           10018bd4 f   libvcruntime:winapi_downlevel.obj
 0001:00017c0e       ___vcrt_FlsFree            10018c0e f   libvcruntime:winapi_downlevel.obj
 0001:00017c48       ___vcrt_FlsGetValue        10018c48 f   libvcruntime:winapi_downlevel.obj
 0001:00017c82       ___vcrt_FlsSetValue        10018c82 f   libvcruntime:winapi_downlevel.obj
 0001:00017cbf       ___vcrt_InitializeCriticalSectionEx 10018cbf f   libvcruntime:winapi_downlevel.obj
 0001:00017d05       ___vcrt_initialize_winapi_thunks 10018d05 f   libvcruntime:winapi_downlevel.obj
 0001:00017d3f       ___vcrt_uninitialize_winapi_thunks 10018d3f f   libvcruntime:winapi_downlevel.obj
 0001:00017d80       _memset                    10018d80 f   libvcruntime:memset.obj
 0001:00017eda       ___std_type_info_compare   10018eda f   libvcruntime:std_type_info.obj
 0001:00017f16       ___std_type_info_destroy_list 10018f16 f   libvcruntime:std_type_info.obj
 0001:00017f39       ___vcrt_freefls@4          10018f39 f   libvcruntime:per_thread_data.obj
 0001:00017f55       ___vcrt_freeptd            10018f55 f   libvcruntime:per_thread_data.obj
 0001:00017f8b       ___vcrt_getptd             10018f8b f   libvcruntime:per_thread_data.obj
 0001:00017f99       ___vcrt_getptd_noexit      10018f99 f   libvcruntime:per_thread_data.obj
 0001:0001802b       ___vcrt_initialize_ptd     1001902b f   libvcruntime:per_thread_data.obj
 0001:0001805e       ___vcrt_uninitialize_ptd   1001905e f   libvcruntime:per_thread_data.obj
 0001:00018080       __CallSettingFrame@12      10019080 f   libvcruntime:lowhelpr.obj
 0001:000180a7       __NLG_Return               100190a7     libvcruntime:lowhelpr.obj
 0001:000180cc       ___except_validate_context_record 100190cc f   libvcruntime:jbcxrval.obj
 0001:000180fc       ___except_validate_jump_buffer 100190fc f   libvcruntime:jbcxrval.obj
 0001:00018129       _unexpected                10019129 f   libvcruntime:unexpected.obj
 0001:00018145       ___std_exception_copy      10019145 f   libvcruntime:std_exception.obj
 0001:000181a8       ___std_exception_destroy   100191a8 f   libvcruntime:std_exception.obj
 0001:000181c7       __CxxThrowException@8      100191c7 f   libvcruntime:throw.obj
 0001:00018240       __local_unwind4            10019240 f   libvcruntime:_exsup4_.obj
 0001:00018316       __seh_longjmp_unwind4@4    10019316 f   libvcruntime:_exsup4_.obj
 0001:0001833e       @_EH4_CallFilterFunc@8     1001933e f   libvcruntime:_exsup4_.obj
 0001:00018355       @_EH4_TransferToHandler@8  10019355 f   libvcruntime:_exsup4_.obj
 0001:0001836e       @_EH4_GlobalUnwind2@8      1001936e f   libvcruntime:_exsup4_.obj
 0001:00018387       @_EH4_LocalUnwind@16       10019387 f   libvcruntime:_exsup4_.obj
 0001:0001839e       ___vcrt_initialize_pure_virtual_call_handler 1001939e f   libvcruntime:purevirt_data.obj
 0001:000183bb       ___vcrt_initialize_locks   100193bb f   libvcruntime:locks.obj
 0001:000183f7       ___vcrt_uninitialize_locks 100193f7 f   libvcruntime:locks.obj
 0001:00018430       __global_unwind2           10019430 f   libvcruntime:_exsup_.obj
 0001:00018495       __local_unwind2            10019495 f   libvcruntime:_exsup_.obj
 0001:00018519       __abnormal_termination     10019519 f   libvcruntime:_exsup_.obj
 0001:0001853c       __NLG_Notify1              1001953c f   libvcruntime:_exsup_.obj
 0001:00018545       __NLG_Notify               10019545 f   libvcruntime:_exsup_.obj
 0001:0001855c       __NLG_Dispatch2            1001955c     libvcruntime:_exsup_.obj
 0001:0001855c       __NLG_Dispatch             1001955c     libvcruntime:_exsup_.obj
 0001:00018564       __NLG_Call                 10019564 f   libvcruntime:_exsup_.obj
 0001:00018566       __NLG_Return2              10019566     libvcruntime:_exsup_.obj
 0001:00018567       _wcsncmp                   10019567 f   libucrt:wcsncmp.obj
 0001:000185a1       ??0_LocaleUpdate@@QAE@QAU__crt_locale_pointers@@@Z 100195a1 f i libucrt:strtox.obj
 0001:00018624       __seh_filter_dll           10019624 f   libucrt:exception_filter.obj
 0001:00018644       __seh_filter_exe           10019644 f   libucrt:exception_filter.obj
 0001:000189d2       ___acrt_initialize_thread_local_exit_callback 100199d2 f   libucrt:exit.obj
 0001:000189e1       __cexit                    100199e1 f   libucrt:exit.obj
 0001:000189f0       __exit                     100199f0 f   libucrt:exit.obj
 0001:00018a06       __is_c_termination_complete 10019a06 f   libucrt:exit.obj
 0001:00018ca5       ___acrt_allocate_buffer_for_argv 10019ca5 f   libucrt:argv_parsing.obj
 0001:00018cfa       __configure_narrow_argv    10019cfa f   libucrt:argv_parsing.obj
 0001:00018e5e       ??$uninitialize@A6AXAAPAPA_W@Z@?$dual_state_global@PAPA_W@__crt_state_management@@QAEXA6AXAAPAPA_W@Z@Z 10019e5e f i libucrt:environment_initialization.obj
 0001:00018e5e       ??$uninitialize@A6AXAAPAPAD@Z@?$dual_state_global@PAPAD@__crt_state_management@@QAEXA6AXAAPAPAD@Z@Z 10019e5e f i libucrt:environment_initialization.obj
 0001:00018ed4       ___dcrt_uninitialize_environments_nolock 10019ed4 f   libucrt:environment_initialization.obj
 0001:00018f0b       __initialize_narrow_environment 10019f0b f   libucrt:environment_initialization.obj
 0001:00018f10       ??$?RV<lambda_800076c951b434888f4765a74a194fcc>@@AAV<lambda_4e60a939b0d047cfe11ddc22648dfba9>@@V<lambda_6dbb1268764f43b569ce7b67e331d33a>@@@?$__crt_seh_guarded_call@H@@QAEH$$QAV<lambda_800076c951b434888f4765a74a194fcc>@@AAV<lambda_4e60a939b0d047cfe11ddc22648dfba9>@@$$QAV<lambda_6dbb1268764f43b569ce7b67e331d33a>@@@Z 10019f10 f i libucrt:onexit.obj
 0001:00018f61       ??$?RV<lambda_995298e7d72eb4c2aab26c0585b3abe5>@@AAV<lambda_275893d493268fdec8709772e3fcec0e>@@V<lambda_293819299cbf9a7022e18b56a874bb5c>@@@?$__crt_seh_guarded_call@H@@QAEH$$QAV<lambda_995298e7d72eb4c2aab26c0585b3abe5>@@AAV<lambda_275893d493268fdec8709772e3fcec0e>@@$$QAV<lambda_293819299cbf9a7022e18b56a874bb5c>@@@Z 10019f61 f i libucrt:onexit.obj
 0001:00018fb2       ??$__acrt_lock_and_call@V<lambda_275893d493268fdec8709772e3fcec0e>@@@@YAHW4__acrt_lock_id@@$$QAV<lambda_275893d493268fdec8709772e3fcec0e>@@@Z 10019fb2 f i libucrt:onexit.obj
 0001:00018fda       ??$__acrt_lock_and_call@V<lambda_4e60a939b0d047cfe11ddc22648dfba9>@@@@YAHW4__acrt_lock_id@@$$QAV<lambda_4e60a939b0d047cfe11ddc22648dfba9>@@@Z 10019fda f i libucrt:onexit.obj
 0001:00019002       ??$__crt_fast_encode_pointer@P6AHXZ@@YAP6AHXZQ6AHXZ@Z 1001a002 f i libucrt:onexit.obj
 0001:00019282       __crt_atexit               1001a282 f   libucrt:onexit.obj
 0001:00019298       __execute_onexit_table     1001a298 f   libucrt:onexit.obj
 0001:000192b5       __initialize_onexit_table  1001a2b5 f   libucrt:onexit.obj
 0001:000192f2       __register_onexit_function 1001a2f2 f   libucrt:onexit.obj
 0001:00019407       ___acrt_uninitialize_command_line 1001a407 f   libucrt:argv_data.obj
 0001:0001940a       ___acrt_initialize         1001a40a f   libucrt:initialization.obj
 0001:0001941c       ___acrt_thread_attach      1001a41c f   libucrt:initialization.obj
 0001:00019427       ___acrt_thread_detach      1001a427 f   libucrt:initialization.obj
 0001:0001942f       ___acrt_uninitialize       1001a42f f   libucrt:initialization.obj
 0001:00019441       ___acrt_uninitialize_critical 1001a441 f   libucrt:initialization.obj
 0001:00019453       __initterm                 1001a453 f   libucrt:initterm.obj
 0001:000194af       __initterm_e               1001a4af f   libucrt:initterm.obj
 0001:000194f4       _terminate                 1001a4f4 f   libucrt:terminate.obj
 0001:00019530       _abort                     1001a530 f   libucrt:abort.obj
 0001:00019573       __free_base                1001a573 f   libucrt:free_base.obj
 0001:000195ad       __malloc_base              1001a5ad f   libucrt:malloc_base.obj
 0001:000195fb       _strcpy_s                  1001a5fb f   libucrt:strcpy_s.obj
 0001:00019655       __calloc_base              1001a655 f   libucrt:calloc_base.obj
 0001:000196b2       _free                      1001a6b2 f   libucrt:free.obj
 0001:000196b7       _malloc                    1001a6b7 f   libucrt:malloc.obj
 0001:000196c2       ?initialize@?$dual_state_global@PAPAD@__crt_state_management@@QAEXQAPAD@Z 1001a6c2 f i libucrt:environment_initialization.obj
 0001:000196c2       ?initialize@?$dual_state_global@P6AHPAU_exception@@@Z@__crt_state_management@@QAEXQ6AHPAU_exception@@@Z@Z 1001a6c2 f i libucrt:matherr.obj
 0001:000196c2       ?initialize@?$dual_state_global@PAU__crt_locale_data@@@__crt_state_management@@QAEXQAU__crt_locale_data@@@Z 1001a6c2 f i libucrt:initialization.obj
 0001:000196c2       ?initialize@?$dual_state_global@P6AHI@Z@__crt_state_management@@QAEXQ6AHI@Z@Z 1001a6c2 f i libucrt:new_handler.obj
 0001:000196c2       ?initialize@?$dual_state_global@P6AXPB_W00II@Z@__crt_state_management@@QAEXQ6AXPB_W00II@Z@Z 1001a6c2 f i libucrt:invalid_parameter.obj
 0001:000196c2       ?initialize@?$dual_state_global@P6AXH@Z@__crt_state_management@@QAEXQ6AXH@Z@Z 1001a6c2 f i libucrt:signal.obj
 0001:000196f3       ___acrt_call_reportfault   1001a6f3 f   libucrt:invalid_parameter.obj
 0001:0001982e       ___acrt_initialize_invalid_parameter_handler 1001a82e f   libucrt:invalid_parameter.obj
 0001:00019842       __invalid_parameter        1001a842 f   libucrt:invalid_parameter.obj
 0001:000198bd       __invalid_parameter_noinfo 1001a8bd f   libucrt:invalid_parameter.obj
 0001:000198cd       __invoke_watson            1001a8cd f   libucrt:invalid_parameter.obj
 0001:00019900       ___acrt_errno_from_os_error 1001a900 f   libucrt:errno.obj
 0001:00019943       ___acrt_errno_map_os_error 1001a943 f   libucrt:errno.obj
 0001:00019966       ___doserrno                1001a966 f   libucrt:errno.obj
 0001:00019979       __errno                    1001a979 f   libucrt:errno.obj
 0001:0001998c       ___pctype_func             1001a98c f   libucrt:ctype.obj
 0001:000199b2       ??$?RV<lambda_3518db117f0e7cdb002338c5d3c47b6c>@@AAV<lambda_b2ea41f6bbb362cd97d94c6828d90b61>@@V<lambda_abdedf541bb04549bc734292b4a045d4>@@@?$__crt_seh_guarded_call@X@@QAEX$$QAV<lambda_3518db117f0e7cdb002338c5d3c47b6c>@@AAV<lambda_b2ea41f6bbb362cd97d94c6828d90b61>@@$$QAV<lambda_abdedf541bb04549bc734292b4a045d4>@@@Z 1001a9b2 f i libucrt:per_thread_data.obj
 0001:00019a02       ??$?RV<lambda_51b6e8b1eb166f2a3faf91f424b38130>@@AAV<lambda_6250bd4b2a391816dd638c3bf72b0bcb>@@V<lambda_0b5a4a3e68152e1d9b943535f5f47bed>@@@?$__crt_seh_guarded_call@X@@QAEX$$QAV<lambda_51b6e8b1eb166f2a3faf91f424b38130>@@AAV<lambda_6250bd4b2a391816dd638c3bf72b0bcb>@@$$QAV<lambda_0b5a4a3e68152e1d9b943535f5f47bed>@@@Z 1001aa02 f i libucrt:per_thread_data.obj
 0001:00019a63       ??$?RV<lambda_5b71d36f03204c0beab531769a5b5694>@@AAV<lambda_be2b3da3f62db62e9dad5dc70221a656>@@V<lambda_8f9ce462984622f9bf76b59e2aaaf805>@@@?$__crt_seh_guarded_call@X@@QAEX$$QAV<lambda_5b71d36f03204c0beab531769a5b5694>@@AAV<lambda_be2b3da3f62db62e9dad5dc70221a656>@@$$QAV<lambda_8f9ce462984622f9bf76b59e2aaaf805>@@@Z 1001aa63 f i libucrt:per_thread_data.obj
 0001:00019aae       ??$?RV<lambda_9df27f884b057bc3edfc946cb5b7cf47>@@AAV<lambda_e69574bed617af4e071282c136b37893>@@V<lambda_cc0d902bcbbeb830f749456577db4721>@@@?$__crt_seh_guarded_call@X@@QAEX$$QAV<lambda_9df27f884b057bc3edfc946cb5b7cf47>@@AAV<lambda_e69574bed617af4e071282c136b37893>@@$$QAV<lambda_cc0d902bcbbeb830f749456577db4721>@@@Z 1001aaae f i libucrt:per_thread_data.obj
 0001:00019af6       ??$__acrt_lock_and_call@V<lambda_6250bd4b2a391816dd638c3bf72b0bcb>@@@@YAXW4__acrt_lock_id@@$$QAV<lambda_6250bd4b2a391816dd638c3bf72b0bcb>@@@Z 1001aaf6 f i libucrt:per_thread_data.obj
 0001:00019b1e       ??$__acrt_lock_and_call@V<lambda_b2ea41f6bbb362cd97d94c6828d90b61>@@@@YAXW4__acrt_lock_id@@$$QAV<lambda_b2ea41f6bbb362cd97d94c6828d90b61>@@@Z 1001ab1e f i libucrt:per_thread_data.obj
 0001:00019b46       ??$__acrt_lock_and_call@V<lambda_be2b3da3f62db62e9dad5dc70221a656>@@@@YAXW4__acrt_lock_id@@$$QAV<lambda_be2b3da3f62db62e9dad5dc70221a656>@@@Z 1001ab46 f i libucrt:per_thread_data.obj
 0001:00019b6e       ??$__acrt_lock_and_call@V<lambda_e69574bed617af4e071282c136b37893>@@@@YAXW4__acrt_lock_id@@$$QAV<lambda_e69574bed617af4e071282c136b37893>@@@Z 1001ab6e f i libucrt:per_thread_data.obj
 0001:00019d24       ___acrt_freeptd            1001ad24 f   libucrt:per_thread_data.obj
 0001:00019d50       ___acrt_getptd             1001ad50 f   libucrt:per_thread_data.obj
 0001:00019dd4       ___acrt_getptd_noexit      1001add4 f   libucrt:per_thread_data.obj
 0001:00019e59       ___acrt_initialize_ptd     1001ae59 f   libucrt:per_thread_data.obj
 0001:00019e85       ___acrt_uninitialize_ptd   1001ae85 f   libucrt:per_thread_data.obj
 0001:00019e9f       ___acrt_update_locale_info 1001ae9f f   libucrt:locale_update.obj
 0001:00019ecc       ___acrt_update_multibyte_info 1001aecc f   libucrt:locale_update.obj
 0001:00019ef9       ___acrt_set_locale_changed 1001aef9 f   libucrt:wsetlocale.obj
 0001:00019f04       ___acrt_uninitialize_locale 1001af04 f   libucrt:wsetlocale.obj
 0001:00019f56       ___acrt_initialize_locks   1001af56 f   libucrt:locks.obj
 0001:00019f97       ___acrt_lock               1001af97 f   libucrt:locks.obj
 0001:00019fae       ___acrt_uninitialize_locks 1001afae f   libucrt:locks.obj
 0001:00019fdf       ___acrt_unlock             1001afdf f   libucrt:locks.obj
 0001:0001a10d       ___acrt_FlsAlloc@4         1001b10d f   libucrt:winapi_thunks.obj
 0001:0001a163       ___acrt_FlsFree@4          1001b163 f   libucrt:winapi_thunks.obj
 0001:0001a1b9       ___acrt_FlsGetValue@4      1001b1b9 f   libucrt:winapi_thunks.obj
 0001:0001a20f       ___acrt_FlsSetValue@8      1001b20f f   libucrt:winapi_thunks.obj
 0001:0001a268       ___acrt_InitializeCriticalSectionEx@12 1001b268 f   libucrt:winapi_thunks.obj
 0001:0001a2ca       ___acrt_LCMapStringEx@36   1001b2ca f   libucrt:winapi_thunks.obj
 0001:0001a352       ___acrt_LocaleNameToLCID@8 1001b352 f   libucrt:winapi_thunks.obj
 0001:0001a3ae       ___acrt_initialize_winapi_thunks 1001b3ae f   libucrt:winapi_thunks.obj
 0001:0001a3d4       ___acrt_is_packaged_app    1001b3d4 f   libucrt:winapi_thunks.obj
 0001:0001a45b       ___acrt_uninitialize_winapi_thunks 1001b45b f   libucrt:winapi_thunks.obj
 0001:0001a853       ??1?$argument_list@D@?A0xb0e4b824@@QAE@XZ 1001b853 f i libucrt:argv_wildcards.obj
 0001:0001a878       ?append@?$argument_list@D@?A0xb0e4b824@@QAEHQAD@Z 1001b878 f i libucrt:argv_wildcards.obj
 0001:0001a8ad       ?expand_if_necessary@?$argument_list@D@?A0xb0e4b824@@AAEHXZ 1001b8ad f i libucrt:argv_wildcards.obj
 0001:0001a934       ___acrt_expand_narrow_argv_wildcards 1001b934 f   libucrt:argv_wildcards.obj
 0001:0001a93f       ??$?RV<lambda_978dc153c237d78434369da87b74ff60>@@AAV<lambda_ad1ced32f4ac17aa236e5ef05d6b3b7c>@@V<lambda_4a8533e2866a575feecb8298ce776b0d>@@@?$__crt_seh_guarded_call@X@@QAEX$$QAV<lambda_978dc153c237d78434369da87b74ff60>@@AAV<lambda_ad1ced32f4ac17aa236e5ef05d6b3b7c>@@$$QAV<lambda_4a8533e2866a575feecb8298ce776b0d>@@@Z 1001b93f f i libucrt:mbctype.obj
 0001:0001a982       ??$__acrt_lock_and_call@V<lambda_ad1ced32f4ac17aa236e5ef05d6b3b7c>@@@@YAXW4__acrt_lock_id@@$$QAV<lambda_ad1ced32f4ac17aa236e5ef05d6b3b7c>@@@Z 1001b982 f i libucrt:mbctype.obj
 0001:0001ae19       ___acrt_initialize_multibyte 1001be19 f   libucrt:mbctype.obj
 0001:0001ae37       ___acrt_update_thread_multibyte_data 1001be37 f   libucrt:mbctype.obj
 0001:0001aed9       __setmbcp_nolock           1001bed9 f   libucrt:mbctype.obj
 0001:0001b1a4       __ismbblead                1001c1a4 f   libucrt:ismbbyte.obj
 0001:0001b1bc       ___acrt_initialize_command_line 1001c1bc f   libucrt:argv_data.obj
 0001:0001b20c       ___dcrt_get_narrow_environment_from_os 1001c20c f   libucrt:get_environment_from_os.obj
 0001:0001b28f       __recalloc                 1001c28f f   libucrt:recalloc.obj
 0001:0001b29a       __recalloc_base            1001c29a f   libucrt:recalloc.obj
 0001:0001b307       ___acrt_initialize_heap    1001c307 f   libucrt:heap_handle.obj
 0001:0001b318       ___acrt_uninitialize_heap  1001c318 f   libucrt:heap_handle.obj
 0001:0001b48e       ___acrt_initialize_lowio   1001c48e f   libucrt:ioinit.obj
 0001:0001b4e4       ___acrt_uninitialize_lowio 1001c4e4 f   libucrt:ioinit.obj
 0001:0001b510       ___acrt_execute_initializers 1001c510 f   libucrt:shared_initialization.obj
 0001:0001b593       ___acrt_execute_uninitializers 1001c593 f   libucrt:shared_initialization.obj
 0001:0001b5e0       ___acrt_initialize_new_handler 1001c5e0 f   libucrt:new_handler.obj
 0001:0001b5f4       __callnewh                 1001c5f4 f   libucrt:new_handler.obj
 0001:0001b638       __query_new_handler        1001c638 f   libucrt:new_handler.obj
 0001:0001b68a       ??$?RV<lambda_a048d3beccc847880fc8490e18b82769>@@AAV<lambda_ec61778202f4f5fc7e7711acc23c3bca>@@V<lambda_f7496a158712204296dd6628a163878e>@@@?$__crt_seh_guarded_call@P6AXH@Z@@QAEP6AXH@Z$$QAV<lambda_a048d3beccc847880fc8490e18b82769>@@AAV<lambda_ec61778202f4f5fc7e7711acc23c3bca>@@$$QAV<lambda_f7496a158712204296dd6628a163878e>@@@Z 1001c68a f i libucrt:signal.obj
 0001:0001b6e4       ??$__acrt_lock_and_call@V<lambda_ec61778202f4f5fc7e7711acc23c3bca>@@@@YAP6AXH@ZW4__acrt_lock_id@@$$QAV<lambda_ec61778202f4f5fc7e7711acc23c3bca>@@@Z 1001c6e4 f i libucrt:signal.obj
 0001:0001b776       ___acrt_get_sigabrt_handler 1001c776 f   libucrt:signal.obj
 0001:0001b78d       ___acrt_initialize_signal_handlers 1001c78d f   libucrt:signal.obj
 0001:0001b7c8       ___fpecode                 1001c7c8 f   libucrt:signal.obj
 0001:0001b7d1       _raise                     1001c7d1 f   libucrt:signal.obj
 0001:0001b9d9       ___acrt_has_user_matherr   1001c9d9 f   libucrt:matherr.obj
 0001:0001b9f2       ___acrt_initialize_user_matherr 1001c9f2 f   libucrt:matherr.obj
 0001:0001ba06       ___acrt_invoke_user_matherr 1001ca06 f   libucrt:matherr.obj
 0001:0001ba4f       __query_new_mode           1001ca4f f   libucrt:new_mode.obj
 0001:0001ba55       __mbtowc_l                 1001ca55 f   libucrt:mbtowc.obj
 0001:0001bb4f       _mbtowc                    1001cb4f f   libucrt:mbtowc.obj
 0001:0001bb69       __fileno                   1001cb69 f   libucrt:fileno.obj
 0001:0001bb8f       ___acrt_initialize_stdio   1001cb8f f   libucrt:_file.obj
 0001:0001bc57       ___acrt_uninitialize_stdio 1001cc57 f   libucrt:_file.obj
 0001:0001bca3       __lock_file                1001cca3 f   libucrt:_file.obj
 0001:0001bcb7       __unlock_file              1001ccb7 f   libucrt:_file.obj
 0001:0001bccb       __isleadbyte_l             1001cccb f i libucrt:_wctype.obj
 0001:0001bd04       ___acrt_GetStringTypeA     1001cd04 f   libucrt:getstringtypea.obj
 0001:0001be21       __freea_crt                1001ce21 f i libucrt:getstringtypea.obj
 0001:0001be41       ___acrt_add_locale_ref     1001ce41 f   libucrt:locale_refcounting.obj
 0001:0001bebe       ___acrt_free_locale        1001cebe f   libucrt:locale_refcounting.obj
 0001:0001c008       ___acrt_locale_add_lc_time_reference 1001d008 f   libucrt:locale_refcounting.obj
 0001:0001c031       ___acrt_locale_free_lc_time_if_unreferenced 1001d031 f   libucrt:locale_refcounting.obj
 0001:0001c061       ___acrt_locale_release_lc_time_reference 1001d061 f   libucrt:locale_refcounting.obj
 0001:0001c08a       ___acrt_release_locale_ref 1001d08a f   libucrt:locale_refcounting.obj
 0001:0001c10b       ___acrt_update_thread_locale_data 1001d10b f   libucrt:locale_refcounting.obj
 0001:0001c182       __updatetlocinfoEx_nolock  1001d182 f   libucrt:locale_refcounting.obj
 0001:0001c1d2       ___acrt_locale_free_monetary 1001d1d2 f   libucrt:initmon.obj
 0001:0001c2d0       ___acrt_locale_free_numeric 1001d2d0 f   libucrt:initnum.obj
 0001:0001c375       ___acrt_locale_free_time   1001d375 f   libucrt:inittime.obj
 0001:0001c515       ___acrt_DownlevelLocaleNameToLCID 1001d515 f   libucrt:lcidtoname_downlevel.obj
 0001:0001c630       _qsort                     1001d630 f   libucrt:qsort.obj
 0001:0001ca7b       _strncpy_s                 1001da7b f   libucrt:strncpy_s.obj
 0001:0001ca90       _strpbrk                   1001da90 f   libucrt:strpbrk.obj
 0001:0001cad0       __mbsdec                   1001dad0 f   libucrt:mbsdec.obj
 0001:0001cae7       __mbsdec_l                 1001dae7 f   libucrt:mbsdec.obj
 0001:0001cda0       ___acrt_LCMapStringA       1001dda0 f   libucrt:lcmapstringa.obj
 0001:0001cdeb       __msize                    1001ddeb f   libucrt:msize.obj
 0001:0001ce1e       __realloc_base             1001de1e f   libucrt:realloc_base.obj
 0001:0001ce87       ___acrt_lowio_create_handle_array 1001de87 f   libucrt:osfinfo.obj
 0001:0001cf01       ___acrt_lowio_destroy_handle_array 1001df01 f   libucrt:osfinfo.obj
 0001:0001cf36       ___acrt_lowio_ensure_fh_exists 1001df36 f   libucrt:osfinfo.obj
 0001:0001cfce       ___acrt_lowio_lock_fh      1001dfce f   libucrt:osfinfo.obj
 0001:0001cff1       ___acrt_lowio_unlock_fh    1001dff1 f   libucrt:osfinfo.obj
 0001:0001d014       __free_osfhnd              1001e014 f   libucrt:osfinfo.obj
 0001:0001d0a5       __get_osfhandle            1001e0a5 f   libucrt:osfinfo.obj
 0001:0001d10f       __isatty                   1001e10f f   libucrt:isatty.obj
 0001:0001d165       ___acrt_stdio_flush_nolock 1001e165 f   libucrt:fflush.obj
 0001:0001d1cb       __fflush_nolock            1001e1cb f   libucrt:fflush.obj
 0001:0001d212       __flushall                 1001e212 f   libucrt:fflush.obj
 0001:0001d2f3       __fcloseall                1001e2f3 f   libucrt:closeall.obj
 0001:0001d393       ___acrt_stdio_free_buffer_nolock 1001e393 f   libucrt:_freebuf.obj
 0001:0001d3d1       ___strncnt                 1001e3d1 f   libucrt:strncnt.obj
 0001:0001d3ed       __query_app_type           1001e3ed f   libucrt:report_runtime_error.obj
 0001:0001d3f3       ??$?RV<lambda_61cee617f5178ae960314fd4d05640a0>@@AAV<lambda_6978c1fb23f02e42e1d9e99668cc68aa>@@V<lambda_9cd88cf8ad10232537feb2133f08c833>@@@?$__crt_seh_guarded_call@H@@QAEH$$QAV<lambda_61cee617f5178ae960314fd4d05640a0>@@AAV<lambda_6978c1fb23f02e42e1d9e99668cc68aa>@@$$QAV<lambda_9cd88cf8ad10232537feb2133f08c833>@@@Z 1001e3f3 f i libucrt:commit.obj
 0001:0001d48b       ??$__acrt_lowio_lock_fh_and_call@V<lambda_6978c1fb23f02e42e1d9e99668cc68aa>@@@@YAHH$$QAV<lambda_6978c1fb23f02e42e1d9e99668cc68aa>@@@Z 1001e48b f i libucrt:commit.obj
 0001:0001d4b3       __commit                   1001e4b3 f   libucrt:commit.obj
 0001:0001dab2       __write                    1001eab2 f   libucrt:write.obj
 0001:0001db9d       __write_nolock             1001eb9d f   libucrt:write.obj
 0001:0001ddb0       _log10                     1001edb0 f   libucrt:log10.obj
 0001:0001ddf0       __CIlog10                  1001edf0 f   libucrt:log10.obj
 0001:0001de2b       __CIlog10_default          1001ee2b f   libucrt:log10.obj
 0001:0001de3f       __log10_default            1001ee3f     libucrt:log10.obj
 0001:0001df00       _ceil                      1001ef00 f   libucrt:ceil_pentium4.obj
 0001:0001df40       __ceil_pentium4            1001ef40 f   libucrt:ceil_pentium4.obj
 0001:0001e09b       __lseeki64_nolock          1001f09b f   libucrt:lseek.obj
 0001:0001e0b6       __fclose_nolock            1001f0b6 f   libucrt:fclose.obj
 0001:0001e12c       _fclose                    1001f12c f   libucrt:fclose.obj
 0001:0001e1b0       ___ascii_strnicmp          1001f1b0 f   libucrt:_strnicm.obj
 0001:0001e211       __putwch_nolock            1001f211 f   libucrt:putwch.obj
 0001:0001e256       ___acrt_initialize_sse2    1001f256 f   libucrt:mathfcns.obj
 0001:0001e270       __CIlog10_pentium4         1001f270 f   libucrt:log10_pentium4.obj
 0001:0001e288       __log10_pentium4           1001f288     libucrt:log10_pentium4.obj
[...]
 0002:00008bc4       __unwindtable$?UpdateConEmuTabs@CPluginBase@@QAE_N_N@Z 1002abc4     ConEmuPluginBase.obj
 0002:00008bc4       __unwindtable$?ProcessCommand@CPluginBase@@QAE_NKHPAXPAPAUCESERVER_REQ@@_N@Z 1002abc4     ConEmuPluginBase.obj
 0002:00008bcc       __ehfuncinfo$?RegisterSubplugin@CPluginBackground@@QAEHPAURegisterBackgroundArg@@@Z 1002abcc     PluginBackground.obj
 0002:00008bcc       __ehfuncinfo$?ProcessCommand@CPluginBase@@QAE_NKHPAXPAPAUCESERVER_REQ@@_N@Z 1002abcc     ConEmuPluginBase.obj
 0002:00008bcc       __ehfuncinfo$?UpdateConEmuTabs@CPluginBase@@QAE_N_N@Z 1002abcc     ConEmuPluginBase.obj
 0002:00008bf0       __unwindtable$?CheckConEmuDetached@CPluginBase@@SAXXZ 1002abf0     ConEmuPluginBase.obj
 0002:00008bf8       __ehfuncinfo$?CheckConEmuDetached@CPluginBase@@SAXXZ 1002abf8     ConEmuPluginBase.obj
 0002:00008c1c       __unwindtable$?MonitorThreadProcW@CPluginBase@@SGKPAX@Z 1002ac1c     ConEmuPluginBase.obj
 0002:00008c24       __ehfuncinfo$?MonitorThreadProcW@CPluginBase@@SGKPAX@Z 1002ac24     ConEmuPluginBase.obj
 0002:00008c48       __unwindtable$?cmd_OpenEditorLine@CPluginBase@@QAE_NPAUCESERVER_REQ_FAREDITOR@@@Z 1002ac48     ConEmuPluginBase.obj
 0002:00008c50       __ehfuncinfo$?cmd_OpenEditorLine@CPluginBase@@QAE_NPAUCESERVER_REQ_FAREDITOR@@@Z 1002ac50     ConEmuPluginBase.obj
 0002:00008c74       __unwindtable$?UpdateBackground@CPluginBackground@@IAEXXZ 1002ac74     PluginBackground.obj
 0002:00008c7c       __ehfuncinfo$?UpdateBackground@CPluginBackground@@IAEXXZ 1002ac7c     PluginBackground.obj
 0002:00008ca0       __unwindtable$?LoadThSet@CPluginBackground@@IAEHH@Z 1002aca0     PluginBackground.obj
 0002:00008ca8       __ehfuncinfo$?LoadThSet@CPluginBackground@@IAEHH@Z 1002aca8     PluginBackground.obj
 0002:00008ccc       __unwindtable$?PlugServerCommand@@YGHPAXPAUCESERVER_REQ@@AAPAU1@AAK3J@Z 1002accc     PluginSrv.obj
 0002:00008cdc       __ehfuncinfo$?PlugServerCommand@@YGHPAXPAUCESERVER_REQ@@AAPAU1@AAK3J@Z 1002acdc     PluginSrv.obj
 0002:00008d00       __sehtable$___scrt_is_nonwritable_in_current_image 1002ad00     LIBCMT:utility.obj
 0002:00008d20       __sehtable$?dllmain_crt_process_attach@@YAHQAUHINSTANCE__@@QAX@Z 1002ad20     LIBCMT:dll_dllmain.obj
 0002:00008d40       __sehtable$?dllmain_crt_process_detach@@YAH_N@Z 1002ad40     LIBCMT:dll_dllmain.obj
 0002:00008d60       __sehtable$?dllmain_dispatch@@YAHQAUHINSTANCE__@@KQAX@Z 1002ad60     LIBCMT:dll_dllmain.obj
 0002:00008d80       __sehtable$___FrameUnwindToState 1002ad80     libvcruntime:frame.obj
 0002:00008da8       __sehtable$?CallCatchBlock@@YAPAXPAUEHExceptionRecord@@PAUEHRegistrationNode@@PAU_CONTEXT@@PBU_s_FuncInfo@@PAXHK@Z 1002ada8     libvcruntime:frame.obj
 0002:00008dd0       __sehtable$___BuildCatchObject 1002add0     libvcruntime:frame.obj
 0002:00008df0       __sehtable$___DestructExceptionObject 1002adf0     libvcruntime:frame.obj
 0002:00008e0c       __catchsym$?CallUnexpected@@YAXPBU_s_ESTypeList@@@Z$2 1002ae0c     libvcruntime:frame.obj
 0002:00008e1c       __unwindtable$?CallUnexpected@@YAXPBU_s_ESTypeList@@@Z 1002ae1c     libvcruntime:frame.obj
 0002:00008e2c       __tryblocktable$?CallUnexpected@@YAXPBU_s_ESTypeList@@@Z 1002ae2c     libvcruntime:frame.obj
 0002:00008e40       __ehfuncinfo$?CallUnexpected@@YAXPBU_s_ESTypeList@@@Z 1002ae40     libvcruntime:frame.obj
 0002:00008e68       __sehtable$___BuildCatchObjectHelper 1002ae68     libvcruntime:frame.obj
 0002:00008ed8       __sehtable$?common_exit@@YAXHW4_crt_exit_cleanup_mode@@W4_crt_exit_return_mode@@@Z 1002aed8     libucrt:exit.obj
 0002:00008f00       __sehtable$??$?RV<lambda_800076c951b434888f4765a74a194fcc>@@AAV<lambda_4e60a939b0d047cfe11ddc22648dfba9>@@V<lambda_6dbb1268764f43b569ce7b67e331d33a>@@@?$__crt_seh_guarded_call@H@@QAEH$$QAV<lambda_800076c951b434888f4765a74a194fcc>@@AAV<lambda_4e60a939b0d047cfe11ddc22648dfba9>@@$$QAV<lambda_6dbb1268764f43b569ce7b67e331d33a>@@@Z 1002af00     libucrt:onexit.obj
 0002:00008f20       __sehtable$??$?RV<lambda_995298e7d72eb4c2aab26c0585b3abe5>@@AAV<lambda_275893d493268fdec8709772e3fcec0e>@@V<lambda_293819299cbf9a7022e18b56a874bb5c>@@@?$__crt_seh_guarded_call@H@@QAEH$$QAV<lambda_995298e7d72eb4c2aab26c0585b3abe5>@@AAV<lambda_275893d493268fdec8709772e3fcec0e>@@$$QAV<lambda_293819299cbf9a7022e18b56a874bb5c>@@@Z 1002af20     libucrt:onexit.obj
 0002:00008f40       __sehtable$_terminate      1002af40     libucrt:terminate.obj
 0002:00008f60       __sehtable$??$?RV<lambda_9df27f884b057bc3edfc946cb5b7cf47>@@AAV<lambda_e69574bed617af4e071282c136b37893>@@V<lambda_cc0d902bcbbeb830f749456577db4721>@@@?$__crt_seh_guarded_call@X@@QAEX$$QAV<lambda_9df27f884b057bc3edfc946cb5b7cf47>@@AAV<lambda_e69574bed617af4e071282c136b37893>@@$$QAV<lambda_cc0d902bcbbeb830f749456577db4721>@@@Z 1002af60     libucrt:per_thread_data.obj
 0002:00008f80       __sehtable$??$?RV<lambda_3518db117f0e7cdb002338c5d3c47b6c>@@AAV<lambda_b2ea41f6bbb362cd97d94c6828d90b61>@@V<lambda_abdedf541bb04549bc734292b4a045d4>@@@?$__crt_seh_guarded_call@X@@QAEX$$QAV<lambda_3518db117f0e7cdb002338c5d3c47b6c>@@AAV<lambda_b2ea41f6bbb362cd97d94c6828d90b61>@@$$QAV<lambda_abdedf541bb04549bc734292b4a045d4>@@@Z 1002af80     libucrt:per_thread_data.obj
 0002:00008fa0       __sehtable$??$?RV<lambda_51b6e8b1eb166f2a3faf91f424b38130>@@AAV<lambda_6250bd4b2a391816dd638c3bf72b0bcb>@@V<lambda_0b5a4a3e68152e1d9b943535f5f47bed>@@@?$__crt_seh_guarded_call@X@@QAEX$$QAV<lambda_51b6e8b1eb166f2a3faf91f424b38130>@@AAV<lambda_6250bd4b2a391816dd638c3bf72b0bcb>@@$$QAV<lambda_0b5a4a3e68152e1d9b943535f5f47bed>@@@Z 1002afa0     libucrt:per_thread_data.obj
 0002:00008fc0       __sehtable$??$?RV<lambda_5b71d36f03204c0beab531769a5b5694>@@AAV<lambda_be2b3da3f62db62e9dad5dc70221a656>@@V<lambda_8f9ce462984622f9bf76b59e2aaaf805>@@@?$__crt_seh_guarded_call@X@@QAEX$$QAV<lambda_5b71d36f03204c0beab531769a5b5694>@@AAV<lambda_be2b3da3f62db62e9dad5dc70221a656>@@$$QAV<lambda_8f9ce462984622f9bf76b59e2aaaf805>@@@Z 1002afc0     libucrt:per_thread_data.obj
 0002:00008fe0       __sehtable$___acrt_uninitialize_locale 1002afe0     libucrt:wsetlocale.obj
 0002:00009000       __sehtable$___acrt_update_thread_multibyte_data 1002b000     libucrt:mbctype.obj
 0002:00009020       __sehtable$??$?RV<lambda_978dc153c237d78434369da87b74ff60>@@AAV<lambda_ad1ced32f4ac17aa236e5ef05d6b3b7c>@@V<lambda_4a8533e2866a575feecb8298ce776b0d>@@@?$__crt_seh_guarded_call@X@@QAEX$$QAV<lambda_978dc153c237d78434369da87b74ff60>@@AAV<lambda_ad1ced32f4ac17aa236e5ef05d6b3b7c>@@$$QAV<lambda_4a8533e2866a575feecb8298ce776b0d>@@@Z 1002b020     libucrt:mbctype.obj
 0002:00009040       __sehtable$___acrt_initialize_lowio 1002b040     libucrt:ioinit.obj
 0002:00009060       __sehtable$__query_new_handler 1002b060     libucrt:new_handler.obj
 0002:00009080       __sehtable$_raise          1002b080     libucrt:signal.obj
 0002:000090a0       __sehtable$??$?RV<lambda_a048d3beccc847880fc8490e18b82769>@@AAV<lambda_ec61778202f4f5fc7e7711acc23c3bca>@@V<lambda_f7496a158712204296dd6628a163878e>@@@?$__crt_seh_guarded_call@P6AXH@Z@@QAEP6AXH@Z$$QAV<lambda_a048d3beccc847880fc8490e18b82769>@@AAV<lambda_ec61778202f4f5fc7e7711acc23c3bca>@@$$QAV<lambda_f7496a158712204296dd6628a163878e>@@@Z 1002b0a0     libucrt:signal.obj
 0002:000090c0       __sehtable$___acrt_update_thread_locale_data 1002b0c0     libucrt:locale_refcounting.obj
 0002:000090e0       __sehtable$___acrt_lowio_ensure_fh_exists 1002b0e0     libucrt:osfinfo.obj
 0002:00009100       __sehtable$_common_flush_all 1002b100     libucrt:fflush.obj
 0002:00009128       __sehtable$__fcloseall     1002b128     libucrt:closeall.obj
 0002:00009148       __sehtable$??$?RV<lambda_61cee617f5178ae960314fd4d05640a0>@@AAV<lambda_6978c1fb23f02e42e1d9e99668cc68aa>@@V<lambda_9cd88cf8ad10232537feb2133f08c833>@@@?$__crt_seh_guarded_call@H@@QAEH$$QAV<lambda_61cee617f5178ae960314fd4d05640a0>@@AAV<lambda_6978c1fb23f02e42e1d9e99668cc68aa>@@$$QAV<lambda_9cd88cf8ad10232537feb2133f08c833>@@@Z 1002b148     libucrt:commit.obj
 0002:00009168       __sehtable$__write         1002b168     libucrt:write.obj
 0002:00009188       __sehtable$_fclose         1002b188     libucrt:fclose.obj
 0002:000091a8       __sehtable$??$?RV<lambda_123407a5e2ac06da108355a851863b7a>@@AAV<lambda_2fe9b910cf3cbf4a0ab98a02ba45b3ec>@@V<lambda_ae55bdf541ad94d75914d381c370e64d>@@@?$__crt_seh_guarded_call@H@@QAEH$$QAV<lambda_123407a5e2ac06da108355a851863b7a>@@AAV<lambda_2fe9b910cf3cbf4a0ab98a02ba45b3ec>@@$$QAV<lambda_ae55bdf541ad94d75914d381c370e64d>@@@Z 1002b1a8     libucrt:close.obj
 0002:000091c8       __sehtable$__IsNonwritableInCurrentImage 1002b1c8     LIBCMT:pesect.obj
 0002:000091f0       .edata                     1002b1f0     ConEmu.exp
 0002:00009218       rgpv                       1002b218     ConEmu.exp
 0002:00009284       rgszName                   1002b284     ConEmu.exp
 0002:000092f0       rgwOrd                     1002b2f0     ConEmu.exp
 0002:00009326       szName                     1002b326     ConEmu.exp
 0002:00009331       $N00001                    1002b331     ConEmu.exp
 0002:00009341       $N00002                    1002b341     ConEmu.exp
 0002:00009349       $N00003                    1002b349     ConEmu.exp
 0002:00009355       $N00004                    1002b355     ConEmu.exp
 0002:00009360       $N00005                    1002b360     ConEmu.exp
 0002:0000936e       $N00006                    1002b36e     ConEmu.exp
 0002:0000937f       $N00007                    1002b37f     ConEmu.exp
 0002:0000938d       $N00008                    1002b38d     ConEmu.exp
 0002:0000939c       $N00009                    1002b39c     ConEmu.exp
 0002:000093ac       $N00010                    1002b3ac     ConEmu.exp
 0002:000093b7       $N00011                    1002b3b7     ConEmu.exp
 0002:000093bd       $N00012                    1002b3bd     ConEmu.exp
 0002:000093d0       $N00013                    1002b3d0     ConEmu.exp
 0002:000093e3       $N00014                    1002b3e3     ConEmu.exp
 0002:000093f6       $N00015                    1002b3f6     ConEmu.exp
 0002:00009409       $N00016                    1002b409     ConEmu.exp
 0002:0000941b       $N00017                    1002b41b     ConEmu.exp
 0002:0000942a       $N00018                    1002b42a     ConEmu.exp
 0002:00009436       $N00019                    1002b436     ConEmu.exp
 0002:0000943f       $N00020                    1002b43f     ConEmu.exp
 0002:0000944e       $N00021                    1002b44e     ConEmu.exp
 0002:00009460       $N00022                    1002b460     ConEmu.exp
 0002:0000946c       $N00023                    1002b46c     ConEmu.exp
 0002:00009480       $N00024                    1002b480     ConEmu.exp
 0002:00009494       $N00025                    1002b494     ConEmu.exp
 0002:000094a9       $N00026                    1002b4a9     ConEmu.exp
 0002:000094bd       $N00027                    1002b4bd     ConEmu.exp
 0002:000098b6       .idata$6                   1002b8b6     version:VERSION.dll
 0002:0000a0e2       .idata$6                   1002c0e2     kernel32:KERNEL32.dll
 0002:0000a2e8       .idata$6                   1002c2e8     user32:USER32.dll
 0002:0000a3e2       .idata$6                   1002c3e2     gdi32:GDI32.dll
 0002:0000a430       .idata$6                   1002c430     advapi32:ADVAPI32.dll
 0003:00000020       ?__vcrt_flsindex@@3KA      1002d020     libvcruntime:per_thread_data.obj
 0003:00000044       _errno_no_memory           1002d044     libucrt:errno.obj
 0003:00000048       _doserrno_no_memory        1002d048     libucrt:errno.obj
 0003:0000004c       ___acrt_flsindex           1002d04c     libucrt:per_thread_data.obj
 0003:00000114       ___rgctypeflag             1002d114     libucrt:mbctype.obj
 0003:00000118       ___rgcode_page_info        1002d118     libucrt:mbctype.obj
 0003:00000940       ?rc@?CE@??Open@CPluginW2800@@UAEPAXPBX@Z@4UFarMacroCall@@A 1002d940     ConEmuPlugin2800.obj
 0003:00000958       ?val@?CE@??Open@CPluginW2800@@UAEPAXPBX@Z@4UFarMacroValue@@A 1002d958     ConEmuPlugin2800.obj
 0003:00000ae0       _GS_ExceptionRecord        1002dae0     LIBCMT:gs_report.obj
 0003:00000b30       _GS_ContextRecord          1002db30     LIBCMT:gs_report.obj
 0003:00000e04       ?module_local_atexit_table@@3U_onexit_table_t@@A 1002de04     LIBCMT:utility.obj
 0003:00000e10       ?module_local_at_quick_exit_table@@3U_onexit_table_t@@A 1002de10     LIBCMT:utility.obj
 0003:00000e1c       ?module_local_atexit_table_initialized@@3_NA 1002de1c     LIBCMT:utility.obj
 0003:00000e1d       ?is_initialized_as_dll@@3_NA 1002de1d     LIBCMT:utility.obj
 0003:00000e20       ?_Tss_mutex@@3U_RTL_CRITICAL_SECTION@@A 1002de20     LIBCMT:thread_safe_statics.obj
 0003:00000e38       ?_Tss_cv@@3U_RTL_CONDITION_VARIABLE@@A 1002de38     LIBCMT:thread_safe_statics.obj
 0003:00000e3c       ?_Tss_event@@3PAXA         1002de3c     LIBCMT:thread_safe_statics.obj
 0003:00000e40       ?encoded_sleep_condition_variable_cs@@3P6GHPAU_RTL_CONDITION_VARIABLE@@PAU_RTL_CRITICAL_SECTION@@K@ZA 1002de40     LIBCMT:thread_safe_statics.obj
 0003:00000e44       ?encoded_wake_all_condition_variable@@3P6GXPAU_RTL_CONDITION_VARIABLE@@@ZA 1002de44     LIBCMT:thread_safe_statics.obj
 0003:00000e48       ?__proc_attached@@3HA      1002de48     LIBCMT:dll_dllmain.obj
 0003:00000e7c       ?module_handles@@3PAPAUHINSTANCE__@@A 1002de7c     libvcruntime:winapi_downlevel.obj
 0003:00000e88       ?encoded_function_pointers@@3PAPAXA 1002de88     libvcruntime:winapi_downlevel.obj
 0003:00000e9c       ?__vcrt_startup_thread_ptd@@3U__vcrt_ptd@@A 1002de9c     libvcruntime:per_thread_data.obj
 0003:00000ec8       ___vcrt_lock_table         1002dec8     libvcruntime:locks.obj
 0003:00000ee0       ___vcrt_locks_initialized  1002dee0     libvcruntime:locks.obj
 0003:00000f0c       ?heap@@3V_HeapManager@@A   1002df0c     libvcruntime:undname.obj
 0003:00000f20       _c_termination_complete    1002df20     libucrt:exit.obj
 0003:00000f24       _thread_local_exit_callback_func 1002df24     libucrt:exit.obj
 0003:00000f28       ?c_exit_complete@?5??common_exit@@YAXHW4_crt_exit_cleanup_mode@@W4_crt_exit_return_mode@@@Z@4_NA 1002df28     libucrt:exit.obj
 0003:00000f30       ?program_name@?5???$common_configure_argv@D@@YAHW4_crt_argv_mode@@@Z@4PADA 1002df30     libucrt:argv_parsing.obj
 0003:00001060       ___acrt_invalid_parameter_handler 1002e060     libucrt:invalid_parameter.obj
 0003:00001070       ___acrt_lock_table         1002e070     libucrt:locks.obj
 0003:000011a8       ___acrt_locks_initialized  1002e1a8     libucrt:locks.obj
 0003:000011b0       _module_handles            1002e1b0     libucrt:winapi_thunks.obj
 0003:00001200       _encoded_function_pointers 1002e200     libucrt:winapi_thunks.obj
 0003:00001280       ?state_cache@?1??__acrt_is_packaged_app@@9@4JA 1002e280     libucrt:winapi_thunks.obj
 0003:0000129c       _fSystemSet                1002e29c     libucrt:mbctype.obj
 0003:000012a0       ?initialized@?1??__acrt_initialize_multibyte@@9@4_NA 1002e2a0     libucrt:mbctype.obj
 0003:000014c4       ___acrt_new_handler        1002e4c4     libucrt:new_handler.obj
 0003:000014c8       _ctrlc_action              1002e4c8     libucrt:signal.obj
 0003:000014cc       _ctrlbreak_action          1002e4cc     libucrt:signal.obj
 0003:000014d0       _abort_action              1002e4d0     libucrt:signal.obj
 0003:000014d4       _term_action               1002e4d4     libucrt:signal.obj
 0003:000014d8       _user_matherr              1002e4d8     libucrt:matherr.obj
 0003:000014e4       ___acrt_global_new_mode    1002e4e4     libucrt:new_mode.obj
 0003:000014f8       ___acrt_app_type           1002e4f8     libucrt:report_runtime_error.obj
 0003:00001500       __pmatherr_set             1002e500     libucrt:libm_error.obj
 0003:00001504       ?szNil@?1??GetCommand@CESERVER_REQ_NEWCMD@@QAEPA_WXZ@4PA_WA 1002e504     Common.obj
 0003:00001554       ?pwList@@3PAV?$MArray@UWindowInfo@@@@A 1002e554     ConEmuPlugin2800.obj
 0003:00001568       ?ghSyncDlg@@3PAXA          1002e568     ConEmuPlugin995.obj
 0003:00001e18       ?gbTryOpenMapHeader@@3HA   1002ee18     ConEmuPluginBase.obj
 0003:00001f3c       ?gbStartupHooksAfterMap@@3HA 1002ef3c     ConEmuPluginBase.obj
 0003:00002180       ?g_Threads@@3PAUConEmuThreadInfo@@A 1002f180     WThreads.obj
 0003:00009980       ?TerminalMode@?1??isTerminalMode@@YA_NXZ@4_NA 10036980     MProcess.obj
 0003:00009981       ?TerminalChecked@?1??isTerminalMode@@YA_NXZ@4_NA 10036981     MProcess.obj
 0003:00009982       ?bFuncChecked@?1??apiGetCurrentConsoleFontEx@@YAHPAXHPAUMY_CONSOLE_FONT_INFOEX@@@Z@4_NA 10036982     WConsole.obj
 0003:00009983       ?bFuncChecked@?1??apiSetCurrentConsoleFontEx@@YAHPAXHPAUMY_CONSOLE_FONT_INFOEX@@@Z@4_NA 10036983     WConsole.obj
 0003:00009984       ?SetCurrentConsoleFontEx@?1??apiSetCurrentConsoleFontEx@@YAHPAXHPAUMY_CONSOLE_FONT_INFOEX@@@Z@4P6GH0H1@ZA 10036984     WConsole.obj
 0003:00009988       ?GetCurrentConsoleFontEx@?1??apiGetCurrentConsoleFontEx@@YAHPAXHPAUMY_CONSOLE_FONT_INFOEX@@@Z@4P6GH0H1@ZA 10036988     WConsole.obj
 0003:0000998c       ?si@?1??IsModuleValid@@YA_NPAUHINSTANCE__@@H@Z@4U_SYSTEM_INFO@@A 1003698c     WModuleCheck.obj
 0003:000099b0       ?bSysInfoRetrieved@?1??IsModuleValid@@YA_NPAUHINSTANCE__@@H@Z@4_NA 100369b0     WModuleCheck.obj
 0003:000099b1       ?is64bitOs@?1??IsWindows64@@YA_NXZ@4_NA 100369b1     WObjects.obj
 0003:000099b2       ?isOsChecked@?1??IsWindows64@@YA_NXZ@4_NA 100369b2     WObjects.obj
 0003:000099b4       ?ibIsWin6@?1??IsWin6@@YA_NXZ@4HA 100369b4     WObjects.obj
 0003:000099c8       ?dwLastTickCount@?9??OnConsolePeekReadInput@CPluginBase@@SAX_N@Z@4KA 100369c8     ConEmuPluginBase.obj
 0003:000099cc       ?siEnabled@?1??CheckBufferEnabled@CPluginBase@@QAE_NXZ@4HA 100369cc     ConEmuPluginBase.obj
 0003:000099d0       ?szFile@?1??ModuleName@@YAPB_WPB_W@Z@4PA_WA 100369d0     ConEmuCheck.obj
 0003:00009a10       ?store@?M@??GetPanelInfo@CPluginW1900@@UAE_NKPAUCEPanelInfo@@@Z@4UPanelInfo@@A 10036a10     ConEmuPlugin1900.obj
 0003:00009a60       ?szMenu1@?1??GetPluginInfoPtr@CPluginW1900@@UAEXPAX@Z@4PA_WA 10036a60     ConEmuPlugin1900.obj
 0003:00009c60       ?WLastActive@?1??UpdateConEmuTabsApi@CPluginW1900@@UAE_NH@Z@4UWindowInfo@@A 10036c60     ConEmuPlugin1900.obj
 0003:00009c88       ?szMenu@?1??GetPluginInfoPtr@CPluginW1900@@UAEXPAX@Z@4PAPA_WA 10036c88     ConEmuPlugin1900.obj
 0003:00009c8c       ?szMenu@?1??GetPluginInfoPtr@CPluginW2800@@UAEXPAX@Z@4PAPA_WA 10036c8c     ConEmuPlugin2800.obj
 0003:00009c90       ?WLastActive@?1??UpdateConEmuTabsApi@CPluginW2800@@UAE_NH@Z@4UWindowInfo@@A 10036c90     ConEmuPlugin2800.obj
 0003:00009cb8       ?store@?M@??GetPanelInfo@CPluginW2800@@UAE_NKPAUCEPanelInfo@@@Z@4UPanelInfo@@A 10036cb8     ConEmuPlugin2800.obj
 0003:00009d08       ?szMenu1@?1??GetPluginInfoPtr@CPluginW2800@@UAEXPAX@Z@4PA_WA 10036d08     ConEmuPlugin2800.obj
 0003:00009f08       ?szMenu@?1??GetPluginInfoPtr@CPluginW995@@UAEXPAX@Z@4PAPA_WA 10036f08     ConEmuPlugin995.obj
 0003:00009f10       ?store@?M@??GetPanelInfo@CPluginW995@@UAE_NKPAUCEPanelInfo@@@Z@4UPanelInfo@@A 10036f10     ConEmuPlugin995.obj
 0003:00009f58       ?szMenu1@?1??GetPluginInfoPtr@CPluginW995@@UAEXPAX@Z@4PA_WA 10036f58     ConEmuPlugin995.obj
 0003:0000a158       ?szMenu@?1??GetPluginInfoPtr@CPluginAnsi@@UAEXPAX@Z@4PAPADA 10037158     ConEmuPluginA.obj
 0003:0000a160       ?szMenu1@?1??GetPluginInfoPtr@CPluginAnsi@@UAEXPAX@Z@4PADA 10037160     ConEmuPluginA.obj
 0003:0000a260       ?store@?M@??GetPanelInfo@CPluginAnsi@@UAE_NKPAUCEPanelInfo@@@Z@4UPanelInfo@@A 10037260     ConEmuPluginA.obj
 0003:0000a450       ?dwLastTickCount@?7??CheckResources@CPluginBase@@QAEX_N@Z@4KA 10037450     ConEmuPluginBase.obj
 0003:0000a454       ?$TSS0@?7??CheckResources@CPluginBase@@QAEX_N@Z@4HA 10037454     ConEmuPluginBase.obj
 0005:000000a0       $R000000                   100390a0     ConEmu.res
 0005:000003a8       $R000308                   100393a8     ConEmu.res
