 ConEmu

 Timestamp is 5ca145cc (Mon Apr  1 01:57:16 2019)

 Preferred load address is 10000000

 Start         Length     Name                   Class
 0001:00000000 00000010H .text$di                CODE
 0001:00000010 00027d35H .text$mn                CODE
 0001:00027d45 000004d4H .text$x                 CODE
 0001:00028219 0000000aH .text$yd                CODE
 0002:00000000 00000334H .idata$5                DATA
 0002:00000334 00000004H .00cfg                  DATA
 0002:00000338 00000004H .CRT$XCA                DATA
 0002:0000033c 00000004H .CRT$XCU                DATA
 0002:00000340 00000004H .CRT$XCZ                DATA
 0002:00000344 00000004H .CRT$XIA                DATA
 0002:00000348 00000010H .CRT$XIC                DATA
 0002:00000358 00000004H .CRT$XIZ                DATA
 0002:0000035c 00000004H .CRT$XLA                DATA
 0002:00000360 00000004H .CRT$XLZ                DATA
 0002:00000364 00000004H .CRT$XPA                DATA
 0002:00000368 00000008H .CRT$XPX                DATA
 0002:00000370 00000004H .CRT$XPXA               DATA
 0002:00000374 00000004H .CRT$XPZ                DATA
 0002:00000378 00000004H .CRT$XTA                DATA
 0002:0000037c 00000004H .CRT$XTZ                DATA
 0002:00000380 00000000H .gfids$x                DATA
 0002:00000380 00000000H .gfids$y                DATA
 0002:00000380 000092c8H .rdata                  DATA
 0002:00009648 00000018H .rdata$T                DATA
 0002:00009660 00000470H .rdata$r                DATA
 0002:00009ad0 00000080H .rdata$sxdata           DATA
 0002:00009b50 000003acH .rdata$zzzdbg           DATA
 0002:00009efc 00000004H .rtc$IAA                DATA
 0002:00009f00 00000004H .rtc$IZZ                DATA
 0002:00009f04 00000004H .rtc$TAA                DATA
 0002:00009f08 00000004H .rtc$TZZ                DATA
 0002:00009f0c 00000004H .tls                    DATA
 0002:00009f10 00000004H .tls$                   DATA
 0002:00009f14 00000004H .tls$ZZZ                DATA
 0002:00009f18 00000aa8H .xdata$x                DATA
 0002:0000a9c0 000002e0H .edata                  DATA
 0002:0000aca0 00000064H .idata$2                DATA
 0002:0000ad04 00000014H .idata$3                DATA
 0002:0000ad18 00000334H .idata$4                DATA
 0002:0000b04c 00000e8eH .idata$6                DATA
 0003:00000000 00000998H .data                   DATA
 0003:00000998 00000210H .data$r                 DATA
 0003:00000ba8 0000a230H .bss                    DATA
 0004:00000000 000000a0H .rsrc$01                DATA
 0004:000000a0 00000488H .rsrc$02                DATA

  Address         Publics by Value              Rva+Base       Lib:Object

 0000:00000000       ___guard_fids_count        00000000     <absolute>
 0000:00000000       ___hybrid_code_map_count   00000000     <absolute>
 0000:00000000       ___guard_iat_count         00000000     <absolute>
 0000:00000000       ___dynamic_value_reloc_table 00000000     <absolute>
 0000:00000000       ___guard_longjmp_count     00000000     <absolute>
 0000:00000000       __except_list              00000000     <absolute>
 0000:00000000       ___guard_fids_table        00000000     <absolute>
 0000:00000000       ___guard_longjmp_table     00000000     <absolute>
 0000:00000000       ___hybrid_auxiliary_iat    00000000     <absolute>
 0000:00000000       ___guard_iat_table         00000000     <absolute>
 0000:00000000       ___volatile_metadata       00000000     <absolute>
 0000:00000000       ___enclave_config          00000000     <absolute>
 0000:00000000       ___hybrid_code_map         00000000     <absolute>
 0000:00000020       ___safe_se_handler_count   00000020     <absolute>
 0000:0000002c       __tls_array                0000002c     <absolute>
 0000:00000100       ___guard_flags             00000100     <absolute>
 0000:00000000       ___ImageBase               10000000     <linker-defined>
 0001:00000010       ??$swprintf_c@$0EA@@@YAHAAY0EA@_WPB_WZZ 10001010 f i ConEmuInjects.obj
 0001:00000026       ??$swprintf_c@$0IA@@@YAHAAY0IA@_WPB_WZZ 10001026 f i ConEmuInjects.obj
 0001:0000003f       ??$swprintf_c@$0PP@@@YAHAAY0PP@_WPB_WZZ 1000103f f i ConEmuInjects.obj
 0001:00000058       ?ShutdownHooks@@YAXXZ      10001058 f   ConEmuInjects.obj
 0001:00000189       ?StartupConsoleHooks@@YAXXZ 10001189 f   ConEmuInjects.obj
 0001:000001f2       ?StartupHooks@@YA_NPAUHINSTANCE__@@@Z 100011f2 f   ConEmuInjects.obj
 0001:000004e4       ?StringCchCopyW@@YGJPA_WIPB_W@Z 100014e4 f i ConEmuInjects.obj
 0001:0000054e       ?StringCchVPrintfW@@YGJPA_WIPB_WPAD@Z 1000154e f i ConEmuInjects.obj
 0001:000005a5       ___local_stdio_printf_options 100015a5 f i ConEmuInjects.obj
 0001:000005ab       __vsnwprintf_l             100015ab f i ConEmuInjects.obj
 0001:000005dd       ?ProcessSynchroEventW3@@YGHPAX@Z 100015dd f   ConEmuPlugin.obj
 0001:000005ed       ?ProcessEditorEventW3@@YGHPAX@Z 100015ed f   ConEmuPlugin.obj
 0001:000005fd       ?ProcessViewerEventW3@@YGHPAX@Z 100015fd f   ConEmuPlugin.obj
 0001:0000060d       ?ExitFARW3@@YGXPAX@Z       1000160d f   ConEmuPlugin.obj
 0001:0000064f       _ExitFARW@0                1000164f f   ConEmuPlugin.obj
 0001:0000068f       ?ProcessEditorEvent@@YGHHPAX@Z 1000168f f   ConEmuPlugin.obj
 0001:0000068f       _ProcessEditorEventW@8     1000168f f   ConEmuPlugin.obj
 0001:000006a7       _ProcessSynchroEventW@8    100016a7 f   ConEmuPlugin.obj
 0001:000006c0       ?ProcessViewerEvent@@YGHHPAX@Z 100016c0 f   ConEmuPlugin.obj
 0001:000006c0       _ProcessViewerEventW@8     100016c0 f   ConEmuPlugin.obj
 0001:000006d8       ?ActivateConsole@@YGHXZ    100016d8 f   ConEmuPlugin.obj
 0001:00000884       ?ExitFAR@@YGXXZ            10001884 f   ConEmuPlugin.obj
 0001:000008c4       ?GetFarHWND2@@YGPAUHWND__@@H@Z 100018c4 f   ConEmuPlugin.obj
 0001:00000925       ?GetFarHWND@@YGPAUHWND__@@XZ 10001925 f   ConEmuPlugin.obj
 0001:0000092d       ?GetFarVersion@@YGXPAUFarVersion@@@Z 1000192d f   ConEmuPlugin.obj
 0001:00000947       ?GetMinFarVersion@@YGHXZ   10001947 f   ConEmuPlugin.obj
 0001:0000096c       ?GetPluginInfo@@YGXPAX@Z   1000196c f   ConEmuPlugin.obj
 0001:000009aa       ?GetPluginInfoW@@YGXPAX@Z  100019aa f   ConEmuPlugin.obj
 0001:000009ba       ?IsConsoleActive@@YGHXZ    100019ba f   ConEmuPlugin.obj
 0001:000009f9       ?IsTerminalMode@@YGHXZ     100019f9 f   ConEmuPlugin.obj
 0001:000009ff       ?OpenPlugin@@YGPAXHH@Z     100019ff f   ConEmuPlugin.obj
 0001:00000a1a       ?OpenW@@YGPAXPBX@Z         10001a1a f   ConEmuPlugin.obj
 0001:00000a2a       ?ProcessEditorInput@@YGHPBU_INPUT_RECORD@@@Z 10001a2a f   ConEmuPlugin.obj
 0001:00000a42       ?RegisterBackground@@YGHPAURegisterBackgroundArg@@@Z 10001a42 f   ConEmuPlugin.obj
 0001:00000ab1       ?RegisterPanelView@@YGHPAUPanelViewInit@@@Z 10001ab1 f   ConEmuPlugin.obj
 0001:00000be1       ?SetStartupInfo@@YGXPAX@Z  10001be1 f   ConEmuPlugin.obj
 0001:00000c31       ?SetupExportsFar3@@YAXXZ   10001c31 f   ConEmuPlugin.obj
 0001:00000c44       ?SyncExecute@@YGHPAUHINSTANCE__@@P6GXJ@ZJ@Z 10001c44 f   ConEmuPlugin.obj
 0001:00000c82       _DllMain@12                10001c82 f   ConEmuPlugin.obj
 0001:00000ca9       _GetMinFarVersionW@0       10001ca9 f   ConEmuPlugin.obj
 0001:00000caf       _OpenPluginW@8             10001caf f   ConEmuPlugin.obj
 0001:00000cdc       _ProcessEditorInputW@4     10001cdc f   ConEmuPlugin.obj
 0001:00000cec       _SetStartupInfoW@4         10001cec f   ConEmuPlugin.obj
 0001:00000d0e       ??0CPluginW1900@@QAE@XZ    10001d0e f   ConEmuPlugin1900.obj
 0001:00000e97       ??_ECPluginW1900@@UAEPAXI@Z 10001e97 f i ConEmuPlugin1900.obj
 0001:00000e97       ??_GCPluginW1900@@UAEPAXI@Z 10001e97 f i ConEmuPlugin1900.obj
 0001:00001214       ?CheckPanelExist@CPluginW1900@@UAE_NXZ 10002214 f   ConEmuPlugin1900.obj
 0001:00001237       ?Color2BgIndex@Far3Color@@SAXKHAAGPBK@Z 10002237 f i ConEmuPlugin1900.obj
 0001:00001309       ?Color2FgIndex@Far3Color@@SAXKAAGPBK@Z 10002309 f i ConEmuPlugin1900.obj
 0001:000013c1       ?ExecuteSynchroApi@CPluginW1900@@UAE_NXZ 100023c1 f   ConEmuPlugin1900.obj
 0001:000013e4       ?ExitFar@CPluginW1900@@UAEXXZ 100023e4 f   ConEmuPlugin1900.obj
 0001:0000144b       ?FarColor_3_2@@YAEABUFarColor@@_N@Z 1000244b f i ConEmuPlugin1900.obj
 0001:000014f6       ?GetActiveWindowType@CPluginW1900@@UAEHXZ 100024f6 f   ConEmuPlugin1900.obj
 0001:0000156f       ?GetEditorModifiedState@CPluginW1900@@UAEKXZ 1000256f f   ConEmuPlugin1900.obj
 0001:000015ab       ?GetFarRect@CPluginW1900@@UAE_NAAU_SMALL_RECT@@@Z 100025ab f   ConEmuPlugin1900.obj
 0001:00001638       ?GetMacroArea@CPluginW1900@@UAEHXZ 10002638 f   ConEmuPlugin1900.obj
 0001:0000164c       ?GetMsg@CPluginW1900@@UAEPB_WHPA_WI@Z 1000264c f   ConEmuPlugin1900.obj
 0001:00001692       ?GetPanelDir@CPluginW1900@@UAEPA_WKPA_WH@Z 10002692 f   ConEmuPlugin1900.obj
 0001:00001797       ?GetPanelInfo@CPluginW1900@@UAE_NKPAUCEPanelInfo@@@Z 10002797 f   ConEmuPlugin1900.obj
 0001:000019fe       ?GetPanelItemInfo@CPluginW1900@@UAE_NABUCEPanelInfo@@_NHAAU_WIN32_FIND_DATAW@@PAPA_W@Z 100029fe f   ConEmuPlugin1900.obj
 0001:00001b58       ?GetPluginInfoPtr@CPluginW1900@@UAEXPAX@Z 10002b58 f   ConEmuPlugin1900.obj
 0001:00001ba1       ?GetStdIndex@Far3Color@@SAHKPBK@Z 10002ba1 f i ConEmuPlugin1900.obj
 0001:00001bc6       ?GetWindowCount@CPluginW1900@@UAEHXZ 10002bc6 f   ConEmuPlugin1900.obj
 0001:00001be7       ?GetWindowTypeName@CPluginW995@@UAEPB_WH@Z 10002be7 f   ConEmuPlugin995.obj
 0001:00001be7       ?GetWindowTypeName@CPluginW2800@@UAEPB_WH@Z 10002be7 f   ConEmuPlugin2800.obj
 0001:00001be7       ?GetWindowTypeName@CPluginW1900@@UAEPB_WH@Z 10002be7 f   ConEmuPlugin1900.obj
 0001:00001be7       ?GetWindowTypeName@CPluginAnsi@@UAEPB_WH@Z 10002be7 f   ConEmuPluginA.obj
 0001:00001c3e       ?GuiMacroDlg@CPluginW1900@@UAEXXZ 10002c3e f   ConEmuPlugin1900.obj
 0001:00001c43       ?InputBox@CPluginW1900@@UAE_NPB_W000AAPA_W@Z 10002c43 f   ConEmuPlugin1900.obj
 0001:00001ccd       ?IsMacroActive@CPluginW1900@@UAE_NXZ 10002ccd f   ConEmuPlugin1900.obj
 0001:00001cf7       ?LoadFarColors@CPluginW1900@@UAEXAAY0BAA@E@Z 10002cf7 f   ConEmuPlugin1900.obj
 0001:00001e4e       ?LoadFarSettings@CPluginW1900@@UAEXPAUCEFarInterfaceSettings@@PAUCEFarPanelSettings@@@Z 10002e4e f   ConEmuPlugin1900.obj
 0001:00001f5c       ?Open@CPluginW1900@@UAEPAXPBX@Z 10002f5c f   ConEmuPlugin1900.obj
 0001:00002028       ?OpenEditor@CPluginW1900@@UAE_NPB_W_N11HH@Z 10003028 f   ConEmuPlugin1900.obj
 0001:000020c9       ?PanelControlApi@CPluginW1900@@UAEHPAXHH0@Z 100030c9 f   ConEmuPlugin1900.obj
 0001:000020e6       ?PostMacroApi@CPluginW1900@@UAEXPB_WPAU_INPUT_RECORD@@_N@Z 100030e6 f   ConEmuPlugin1900.obj
 0001:000025c9       ?ProcessEditorEventPtr@CPluginW2800@@UAEHPAX@Z 100035c9 f   ConEmuPlugin2800.obj
 0001:000025c9       ?ProcessEditorEventPtr@CPluginW1900@@UAEHPAX@Z 100035c9 f   ConEmuPlugin1900.obj
 0001:000025dd       ?ProcessEditorInputPtr@CPluginW1900@@UAEHPBX@Z 100035dd f   ConEmuPlugin1900.obj
 0001:000025fb       ?ProcessSynchroEventPtr@CPluginW2800@@UAEHPAX@Z 100035fb f   ConEmuPlugin2800.obj
 0001:000025fb       ?ProcessSynchroEventPtr@CPluginW1900@@UAEHPAX@Z 100035fb f   ConEmuPlugin1900.obj
 0001:00002617       ?ProcessViewerEventPtr@CPluginW1900@@UAEHPAX@Z 10003617 f   ConEmuPlugin1900.obj
 0001:00002617       ?ProcessViewerEventPtr@CPluginW2800@@UAEHPAX@Z 10003617 f   ConEmuPlugin2800.obj
 0001:0000262b       ?RedrawAll@CPluginW1900@@UAEXXZ 1000362b f   ConEmuPlugin1900.obj
 0001:0000264c       ?SetStartupInfoPtr@CPluginW1900@@UAEXPAX@Z 1000364c f   ConEmuPlugin1900.obj
 0001:0000274d       ?SetWindow@CPluginW1900@@UAEXH@Z 1000374d f   ConEmuPlugin1900.obj
 0001:00002788       ?ShowMessage@CPluginW1900@@UAEHPB_WH_N@Z 10003788 f   ConEmuPlugin1900.obj
 0001:000027ed       ?ShowPluginMenu@CPluginW1900@@UAEHPAUConEmuPluginMenuItem@@HH@Z 100037ed f   ConEmuPlugin1900.obj
 0001:0000292d       ?ShowUserScreen@CPluginW1900@@UAEX_N@Z 1000392d f   ConEmuPlugin1900.obj
 0001:00002952       ?WaitEndSynchro@CPluginW1900@@UAEXXZ 10003952 f   ConEmuPlugin1900.obj
 0001:00002952       @_guard_check_icall_nop@4  10003952 f   LIBCMT:guard_support.obj
 0001:00002952       ?PlugServerInit@@YAXXZ     10003952 f   PluginSrv.obj
 0001:00002952       ?WaitEndSynchro@CPluginAnsi@@UAEXXZ 10003952 f   ConEmuPluginA.obj
 0001:00002952       ?ShutdownPluginStep@CPluginBase@@SAXPB_WHHHH@Z 10003952 f   ConEmuPluginBase.obj
 0001:00002952       ?_Doraise@exception@stdext@@MBEXXZ 10003952 f   common-kernel32:MProcess.obj
 0001:00002952       ?StopWaitEndSynchro@CPluginW2800@@UAEXXZ 10003952 f   ConEmuPlugin2800.obj
 0001:00002952       ?StopWaitEndSynchro@CPluginAnsi@@UAEXXZ 10003952 f   ConEmuPluginA.obj
 0001:00002952       ?StopWaitEndSynchro@CPluginW1900@@UAEXXZ 10003952 f   ConEmuPlugin1900.obj
 0001:00002952       ?WaitEndSynchro@CPluginW2800@@UAEXXZ 10003952 f   ConEmuPlugin2800.obj
 0001:00002953       ?UpdateConEmuTabsApi@CPluginW1900@@UAE_NH@Z 10003953 f   ConEmuPlugin1900.obj
 0001:00002da8       ??$_Emplace_reallocate@ABUWindowInfo@@@?$vector@UWindowInfo@@V?$MArrayAllocator@UWindowInfo@@@@@std@@QAEPAUWindowInfo@@QAU2@ABU2@@Z 10003da8 f i ConEmuPlugin2800.obj
 0001:00002e65       ??$_Fill_unchecked1@PAUWindowInfo@@U1@@std@@YAXPAUWindowInfo@@0ABU1@U?$integral_constant@_N$0A@@0@@Z 10003e65 f i ConEmuPlugin2800.obj
 0001:00002e88       ??$_Uninit_alloc_fill_n1@PAUWindowInfo@@IV?$MArrayAllocator@UWindowInfo@@@@@std@@YAPAUWindowInfo@@QAU1@IABU1@AAV?$MArrayAllocator@UWindowInfo@@@@U?$integral_constant@_N$0A@@0@@Z 10003e88 f i ConEmuPlugin2800.obj
 0001:00002ead       ??$_Uninitialized_fill_n@PAUWindowInfo@@IV?$MArrayAllocator@UWindowInfo@@@@@std@@YAPAUWindowInfo@@QAU1@IABU1@AAV?$MArrayAllocator@UWindowInfo@@@@@Z 10003ead f i ConEmuPlugin2800.obj
 0001:00002ece       ??$emplace_back@ABUWindowInfo@@@?$vector@UWindowInfo@@V?$MArrayAllocator@UWindowInfo@@@@@std@@QAEXABUWindowInfo@@@Z 10003ece f i ConEmuPlugin2800.obj
 0001:00002efc       ??0CPluginW2800@@QAE@XZ    10003efc f   ConEmuPlugin2800.obj
 0001:00003085       ??0bad_alloc@std@@QAE@ABV01@@Z 10004085 f i ConEmuPlugin2800.obj
 0001:000030a0       ??0bad_alloc@std@@QAE@XZ   100040a0 f i ConEmuPlugin2800.obj
 0001:000030b8       ??0exception@std@@QAE@ABV01@@Z 100040b8 f i ConEmuPlugin2800.obj
 0001:000030e4       ??1?$MArray@UWindowInfo@@@@QAE@XZ 100040e4 f i ConEmuPlugin2800.obj
 0001:0000311c       ??1bad_alloc@std@@UAE@XZ   1000411c f i ConEmuPlugin2800.obj
 0001:0000311c       ??1length_error@std@@UAE@XZ 1000411c f i libcpmt:xthrow.obj
 0001:0000311c       ??1bad_exception@std@@UAE@XZ 1000411c f i libvcruntime:frame.obj
 0001:0000312d       ??_GCPluginW2800@@UAEPAXI@Z 1000412d f i ConEmuPlugin2800.obj
 0001:0000312d       ??_ECPluginW2800@@UAEPAXI@Z 1000412d f i ConEmuPlugin2800.obj
 0001:00003158       ??_Gbad_exception@std@@UAEPAXI@Z 10004158 f i libvcruntime:frame.obj
 0001:00003158       ??_Gbad_alloc@std@@UAEPAXI@Z 10004158 f i ConEmuPlugin2800.obj
 0001:00003158       ??_Eexception@std@@UAEPAXI@Z 10004158 f i ConEmuPlugin2800.obj
 0001:00003158       ??_Ebad_alloc@std@@UAEPAXI@Z 10004158 f i ConEmuPlugin2800.obj
 0001:00003158       ??_Glength_error@std@@UAEPAXI@Z 10004158 f i libcpmt:xthrow.obj
 0001:00003158       ??_Ebad_exception@std@@UAEPAXI@Z 10004158 f i libvcruntime:frame.obj
 0001:00003158       ??_Elogic_error@std@@UAEPAXI@Z 10004158 f i libcpmt:xthrow.obj
 0001:00003158       ??_Elength_error@std@@UAEPAXI@Z 10004158 f i libcpmt:xthrow.obj
 0001:00003158       ??_Glogic_error@std@@UAEPAXI@Z 10004158 f i libcpmt:xthrow.obj
 0001:00003158       ??_Gexception@std@@UAEPAXI@Z 10004158 f i ConEmuPlugin2800.obj
 0001:000034ee       ?CheckPanelExist@CPluginW2800@@UAE_NXZ 100044ee f   ConEmuPlugin2800.obj
 0001:00003511       ?ExecuteSynchroApi@CPluginW2800@@UAE_NXZ 10004511 f   ConEmuPlugin2800.obj
 0001:00003534       ?ExitFar@CPluginW2800@@UAEXXZ 10004534 f   ConEmuPlugin2800.obj
 0001:000035ae       ?GetActiveWindowType@CPluginW2800@@UAEHXZ 100045ae f   ConEmuPlugin2800.obj
 0001:0000362d       ?GetEditorModifiedState@CPluginW2800@@UAEKXZ 1000462d f   ConEmuPlugin2800.obj
 0001:00003669       ?GetFarRect@CPluginW2800@@UAE_NAAU_SMALL_RECT@@@Z 10004669 f   ConEmuPlugin2800.obj
 0001:000036f9       ?GetMacroArea@CPluginW2800@@UAEHXZ 100046f9 f   ConEmuPlugin2800.obj
 0001:0000370d       ?GetMsg@CPluginW2800@@UAEPB_WHPA_WI@Z 1000470d f   ConEmuPlugin2800.obj
 0001:00003753       ?GetPanelDir@CPluginW2800@@UAEPA_WKPA_WH@Z 10004753 f   ConEmuPlugin2800.obj
 0001:00003858       ?GetPanelInfo@CPluginW2800@@UAE_NKPAUCEPanelInfo@@@Z 10004858 f   ConEmuPlugin2800.obj
 0001:00003abf       ?GetPanelItemInfo@CPluginW2800@@UAE_NABUCEPanelInfo@@_NHAAU_WIN32_FIND_DATAW@@PAPA_W@Z 10004abf f   ConEmuPlugin2800.obj
 0001:00003c22       ?GetPluginInfoPtr@CPluginW2800@@UAEXPAX@Z 10004c22 f   ConEmuPlugin2800.obj
 0001:00003c6b       ?GetWindowCount@CPluginW2800@@UAEHXZ 10004c6b f   ConEmuPlugin2800.obj
 0001:00003c8c       ?GuiMacroDlg@CPluginW2800@@UAEXXZ 10004c8c f   ConEmuPlugin2800.obj
 0001:00003c91       ?InputBox@CPluginW2800@@UAE_NPB_W000AAPA_W@Z 10004c91 f   ConEmuPlugin2800.obj
 0001:00003d1b       ?IsMacroActive@CPluginW2800@@UAE_NXZ 10004d1b f   ConEmuPlugin2800.obj
 0001:00003d45       ?LoadFarColors@CPluginW2800@@UAEXAAY0BAA@E@Z 10004d45 f   ConEmuPlugin2800.obj
 0001:00003e9c       ?LoadFarSettings@CPluginW2800@@UAEXPAUCEFarInterfaceSettings@@PAUCEFarPanelSettings@@@Z 10004e9c f   ConEmuPlugin2800.obj
 0001:00003fa4       ?Open@CPluginW2800@@UAEPAXPBX@Z 10004fa4 f   ConEmuPlugin2800.obj
 0001:000040c4       ?OpenEditor@CPluginW2800@@UAE_NPB_W_N11HH@Z 100050c4 f   ConEmuPlugin2800.obj
 0001:00004165       ?PanelControlApi@CPluginW2800@@UAEHPAXHH0@Z 10005165 f   ConEmuPlugin2800.obj
 0001:00004182       ?PostMacroApi@CPluginW2800@@UAEXPB_WPAU_INPUT_RECORD@@_N@Z 10005182 f   ConEmuPlugin2800.obj
 0001:0000440f       ?ProcessEditorInputPtr@CPluginW2800@@UAEHPBX@Z 1000540f f   ConEmuPlugin2800.obj
 0001:0000442d       ?RedrawAll@CPluginW2800@@UAEXXZ 1000542d f   ConEmuPlugin2800.obj
 0001:0000444e       ?SetStartupInfoPtr@CPluginW2800@@UAEXPAX@Z 1000544e f   ConEmuPlugin2800.obj
 0001:0000454f       ?SetWindow@CPluginW2800@@UAEXH@Z 1000554f f   ConEmuPlugin2800.obj
 0001:00004631       ?ShowMessage@CPluginW2800@@UAEHPB_WH_N@Z 10005631 f   ConEmuPlugin2800.obj
 0001:00004696       ?ShowPluginMenu@CPluginW2800@@UAEHPAUConEmuPluginMenuItem@@HH@Z 10005696 f   ConEmuPlugin2800.obj
 0001:000047d6       ?ShowUserScreen@CPluginW2800@@UAEX_N@Z 100057d6 f   ConEmuPlugin2800.obj
 0001:000047fb       ?UpdateConEmuTabsApi@CPluginW2800@@UAE_NH@Z 100057fb f   ConEmuPlugin2800.obj
 0001:00004e49       ?_Calculate_growth@?$vector@UWindowInfo@@V?$MArrayAllocator@UWindowInfo@@@@@std@@ABEII@Z 10005e49 f i ConEmuPlugin2800.obj
 0001:00004e74       ?_Change_array@?$vector@UWindowInfo@@V?$MArrayAllocator@UWindowInfo@@@@@std@@AAEXQAUWindowInfo@@II@Z 10005e74 f i ConEmuPlugin2800.obj
 0001:00004ea3       ?_Tidy@?$vector@UWindowInfo@@V?$MArrayAllocator@UWindowInfo@@@@@std@@AAEXXZ 10005ea3 f i ConEmuPlugin2800.obj
 0001:00004ebf       ?_Xlength@?$vector@UtagPROCESSENTRY32W@@V?$MArrayAllocator@UtagPROCESSENTRY32W@@@@@std@@CAXXZ 10005ebf f i common-kernel32:MProcess.obj
 0001:00004ebf       ?_Xlength@?$vector@UWindowInfo@@V?$MArrayAllocator@UWindowInfo@@@@@std@@CAXXZ 10005ebf f i ConEmuPlugin2800.obj
 0001:00004eca       ?allocate@?$MArrayAllocator@UWindowInfo@@@@QAEPAUWindowInfo@@I@Z 10005eca f i ConEmuPlugin2800.obj
 0001:00004efa       ?erase@?$MArray@UWindowInfo@@@@QAEXHH@Z 10005efa f i ConEmuPlugin2800.obj
 0001:00004f45       ?erase@?$vector@UWindowInfo@@V?$MArrayAllocator@UWindowInfo@@@@@std@@QAE?AV?$_Vector_iterator@V?$_Vector_val@U?$_Simple_types@UWindowInfo@@@std@@@std@@@2@V?$_Vector_const_iterator@V?$_Vector_val@U?$_Simple_types@UWindowInfo@@@std@@@std@@@2@0@Z 10005f45 f i ConEmuPlugin2800.obj
 0001:00004f7d       ?insert@?$MArray@UWindowInfo@@@@QAEHHABUWindowInfo@@H@Z 10005f7d f i ConEmuPlugin2800.obj
 0001:00004fd5       ?insert@?$vector@UWindowInfo@@V?$MArrayAllocator@UWindowInfo@@@@@std@@QAE?AV?$_Vector_iterator@V?$_Vector_val@U?$_Simple_types@UWindowInfo@@@std@@@std@@@2@V?$_Vector_const_iterator@V?$_Vector_val@U?$_Simple_types@UWindowInfo@@@std@@@std@@@2@IABUWindowInfo@@@Z 10005fd5 f i ConEmuPlugin2800.obj
 0001:000051a0       ?what@exception@std@@UBEPBDXZ 100061a0 f i ConEmuPlugin2800.obj
 0001:000051ae       _GetGlobalInfoW@4          100061ae f   ConEmuPlugin2800.obj
 0001:0000523e       ??0CPluginW995@@QAE@XZ     1000623e f   ConEmuPlugin995.obj
 0001:000053c2       ??_GCPluginW995@@UAEPAXI@Z 100063c2 f i ConEmuPlugin995.obj
 0001:000053c2       ??_ECPluginW995@@UAEPAXI@Z 100063c2 f i ConEmuPlugin995.obj
 0001:00005717       ?CheckPanelExist@CPluginW995@@UAE_NXZ 10006717 f   ConEmuPlugin995.obj
 0001:0000573a       ?ExecuteSynchroApi@CPluginW995@@UAE_NXZ 1000673a f   ConEmuPlugin995.obj
 0001:00005759       ?ExitFar@CPluginW995@@UAEXXZ 10006759 f   ConEmuPlugin995.obj
 0001:000057c0       ?GetActiveWindowType@CPluginW995@@UAEHXZ 100067c0 f   ConEmuPlugin995.obj
 0001:00005860       ?GetEditorModifiedState@CPluginW995@@UAEKXZ 10006860 f   ConEmuPlugin995.obj
 0001:00005898       ?GetFarRect@CPluginW995@@UAE_NAAU_SMALL_RECT@@@Z 10006898 f   ConEmuPlugin995.obj
 0001:000058db       ?GetMacroArea@CPluginW995@@UAEHXZ 100068db f   ConEmuPlugin995.obj
 0001:00005913       ?GetMsg@CPluginW995@@UAEPB_WHPA_WI@Z 10006913 f   ConEmuPlugin995.obj
 0001:00005957       ?GetPanelDir@CPluginW995@@UAEPA_WKPA_WH@Z 10006957 f   ConEmuPlugin995.obj
 0001:00005a21       ?GetPanelInfo@CPluginW995@@UAE_NKPAUCEPanelInfo@@@Z 10006a21 f   ConEmuPlugin995.obj
 0001:00005c0b       ?GetPanelItemInfo@CPluginW995@@UAE_NABUCEPanelInfo@@_NHAAU_WIN32_FIND_DATAW@@PAPA_W@Z 10006c0b f   ConEmuPlugin995.obj
 0001:00005d56       ?GetPluginInfoPtr@CPluginW995@@UAEXPAX@Z 10006d56 f   ConEmuPlugin995.obj
 0001:00005daf       ?GetWindowCount@CPluginW995@@UAEHXZ 10006daf f   ConEmuPlugin995.obj
 0001:00005dcc       ?GuiMacroDlg@CPluginW995@@UAEXXZ 10006dcc f   ConEmuPlugin995.obj
 0001:00005dd1       ?InputBox@CPluginW995@@UAE_NPB_W000AAPA_W@Z 10006dd1 f   ConEmuPlugin995.obj
 0001:00005e4f       ?IsMacroActive@CPluginW995@@UAE_NXZ 10006e4f f   ConEmuPlugin995.obj
 0001:00005e9e       ?LoadFarColors@CPluginW995@@UAEXAAY0BAA@E@Z 10006e9e f   ConEmuPlugin995.obj
 0001:00005f55       ?LoadFarSettings@CPluginW995@@UAEXPAUCEFarInterfaceSettings@@PAUCEFarPanelSettings@@@Z 10006f55 f   ConEmuPlugin995.obj
 0001:00005f8c       ?Open@CPluginAnsi@@UAEPAXPBX@Z 10006f8c f i ConEmuPluginA.obj
 0001:00005f8c       ?Open@CPluginW995@@UAEPAXPBX@Z 10006f8c f i ConEmuPlugin995.obj
 0001:00005f95       ?OpenEditor@CPluginW995@@UAE_NPB_W_N11HH@Z 10006f95 f   ConEmuPlugin995.obj
 0001:0000602e       ?PanelControlApi@CPluginW995@@UAEHPAXHH0@Z 1000702e f   ConEmuPlugin995.obj
 0001:0000604b       ?PostMacroApi@CPluginW995@@UAEXPB_WPAU_INPUT_RECORD@@_N@Z 1000704b f   ConEmuPlugin995.obj
 0001:000060ed       ?ProcessEditorEventPtr@CPluginAnsi@@UAEHPAX@Z 100070ed f i ConEmuPluginA.obj
 0001:000060ed       ?ProcessSynchroEventPtr@CPluginW995@@UAEHPAX@Z 100070ed f i ConEmuPlugin995.obj
 0001:000060ed       ?ProcessViewerEventPtr@CPluginAnsi@@UAEHPAX@Z 100070ed f i ConEmuPluginA.obj
 0001:000060ed       ?ProcessEditorInputPtr@CPluginAnsi@@UAEHPBX@Z 100070ed f i ConEmuPluginA.obj
 0001:000060ed       ?ProcessSynchroEventPtr@CPluginAnsi@@UAEHPAX@Z 100070ed f i ConEmuPluginA.obj
 0001:000060ed       ?ProcessViewerEventPtr@CPluginW995@@UAEHPAX@Z 100070ed f i ConEmuPlugin995.obj
 0001:000060ed       ?ProcessEditorEventPtr@CPluginW995@@UAEHPAX@Z 100070ed f i ConEmuPlugin995.obj
 0001:000060f2       ?ProcessEditorInputPtr@CPluginW995@@UAEHPBX@Z 100070f2 f   ConEmuPlugin995.obj
 0001:0000610c       ?RedrawAll@CPluginW995@@UAEXXZ 1000710c f   ConEmuPlugin995.obj
 0001:00006129       ?SetStartupInfoPtr@CPluginW995@@UAEXPAX@Z 10007129 f   ConEmuPlugin995.obj
 0001:0000621b       ?SetWindow@CPluginW995@@UAEXH@Z 1000721b f   ConEmuPlugin995.obj
 0001:0000624f       ?ShowMessage@CPluginW995@@UAEHPB_WH_N@Z 1000724f f   ConEmuPlugin995.obj
 0001:00006298       ?ShowPluginMenu@CPluginW995@@UAEHPAUConEmuPluginMenuItem@@HH@Z 10007298 f   ConEmuPlugin995.obj
 0001:0000637d       ?ShowUserScreen@CPluginW995@@UAEX_N@Z 1000737d f   ConEmuPlugin995.obj
 0001:000063a2       ?StopWaitEndSynchro@CPluginW995@@UAEXXZ 100073a2 f   ConEmuPlugin995.obj
 0001:000063bb       ?UpdateConEmuTabsApi@CPluginW995@@UAE_NH@Z 100073bb f   ConEmuPlugin995.obj
 0001:00006602       ?WaitEndSynchro@CPluginW995@@UAEXXZ 10007602 f   ConEmuPlugin995.obj
 0001:00006714       ??0CPluginAnsi@@QAE@XZ     10007714 f   ConEmuPluginA.obj
 0001:00006868       ??_ECPluginAnsi@@UAEPAXI@Z 10007868 f i ConEmuPluginA.obj
 0001:00006868       ??_GCPluginAnsi@@UAEPAXI@Z 10007868 f i ConEmuPluginA.obj
 0001:00006cd3       ?CheckPanelExist@CPluginAnsi@@UAE_NXZ 10007cd3 f   ConEmuPluginA.obj
 0001:00006cf7       ?ExecuteSynchroApi@CPluginAnsi@@UAE_NXZ 10007cf7 f i ConEmuPluginA.obj
 0001:00006cfa       ?ExitFar@CPluginAnsi@@UAEXXZ 10007cfa f   ConEmuPluginA.obj
 0001:00006d2f       ?GetActiveWindowType@CPluginAnsi@@UAEHXZ 10007d2f f   ConEmuPluginA.obj
 0001:00006da0       ?GetEditorModifiedState@CPluginAnsi@@UAEKXZ 10007da0 f   ConEmuPluginA.obj
 0001:00006ddb       ?GetFarRect@CPluginAnsi@@UAE_NAAU_SMALL_RECT@@@Z 10007ddb f i ConEmuPluginA.obj
 0001:00006de0       ?GetMacroArea@CPluginAnsi@@UAEHXZ 10007de0 f   ConEmuPluginA.obj
 0001:00006de0       __get_startup_argv_mode    10007de0 f   LIBCMT:argv_mode.obj
 0001:00006de4       ?GetMsg@CPluginAnsi@@UAEPB_WHPA_WI@Z 10007de4 f   ConEmuPluginA.obj
 0001:00006e54       ?GetPanelDir@CPluginAnsi@@UAEPA_WKPA_WH@Z 10007e54 f   ConEmuPluginA.obj
 0001:00006f16       ?GetPanelInfo@CPluginAnsi@@UAE_NKPAUCEPanelInfo@@@Z 10007f16 f   ConEmuPluginA.obj
 0001:000070e6       ?GetPanelItemInfo@CPluginAnsi@@UAE_NABUCEPanelInfo@@_NHAAU_WIN32_FIND_DATAW@@PAPA_W@Z 100080e6 f   ConEmuPluginA.obj
 0001:000071e2       ?GetPluginInfoPtr@CPluginAnsi@@UAEXPAX@Z 100081e2 f   ConEmuPluginA.obj
 0001:0000724f       ?GetWindowCount@CPluginAnsi@@UAEHXZ 1000824f f   ConEmuPluginA.obj
 0001:00007272       ?GuiMacroDlg@CPluginAnsi@@UAEXXZ 10008272 f   ConEmuPluginA.obj
 0001:00007277       ?InputBox@CPluginAnsi@@UAE_NPB_W000AAPA_W@Z 10008277 f   ConEmuPluginA.obj
 0001:000073a2       ?IsMacroActive@CPluginAnsi@@UAE_NXZ 100083a2 f   ConEmuPluginA.obj
 0001:000073f7       ?LoadFarColors@CPluginAnsi@@UAEXAAY0BAA@E@Z 100083f7 f   ConEmuPluginA.obj
 0001:000074b4       ?LoadFarSettings@CPluginAnsi@@UAEXPAUCEFarInterfaceSettings@@PAUCEFarPanelSettings@@@Z 100084b4 f   ConEmuPluginA.obj
 0001:000074f7       ?OpenEditor@CPluginAnsi@@UAE_NPB_W_N11HH@Z 100084f7 f   ConEmuPluginA.obj
 0001:000075d5       ?PanelControlApi@CPluginAnsi@@UAEHPAXHH0@Z 100085d5 f   ConEmuPluginA.obj
 0001:000075ff       ?PostMacroApi@CPluginAnsi@@UAEXPB_WPAU_INPUT_RECORD@@_N@Z 100085ff f   ConEmuPluginA.obj
 0001:0000769f       ?RedrawAll@CPluginAnsi@@UAEXXZ 1000869f f   ConEmuPluginA.obj
 0001:000076c2       ?SetStartupInfoPtr@CPluginAnsi@@UAEXPAX@Z 100086c2 f   ConEmuPluginA.obj
 0001:000077c3       ?SetWindow@CPluginAnsi@@UAEXH@Z 100087c3 f   ConEmuPluginA.obj
 0001:00007803       ?ShowMessage@CPluginAnsi@@UAEHPB_WH_N@Z 10008803 f   ConEmuPluginA.obj
 0001:0000788d       ?ShowPluginMenu@CPluginAnsi@@UAEHPAUConEmuPluginMenuItem@@HH@Z 1000888d f   ConEmuPluginA.obj
 0001:000079b3       ?ShowUserScreen@CPluginAnsi@@UAEX_N@Z 100089b3 f   ConEmuPluginA.obj
 0001:000079d9       ?UpdateConEmuTabsApi@CPluginAnsi@@UAE_NH@Z 100089d9 f   ConEmuPluginA.obj
 0001:00007c44       ??$swprintf_c@$0BAE@@@YAHAAY0BAE@_WPB_WZZ 10008c44 f i ConEmuPluginBase.obj
 0001:00007c5d       ??$swprintf_c@$0DAM@@@YAHAAY0DAM@_WPB_WZZ 10008c5d f i ConEmuPluginBase.obj
 0001:00007c76       ??$swprintf_c@$0EAA@@@YAHAAY0EAA@_WPB_WZZ 10008c76 f i ConEmuPluginBase.obj
 0001:00007c8f       ??$swprintf_c@$0MI@@@YAHAAY0MI@_WPB_WZZ 10008c8f f i ConEmuPluginBase.obj
 0001:00007ca8       ??0?$MFileMapping@UConEmuGuiMapping@@@@QAE@XZ 10008ca8 f i common-kernel32:ConEmuCheck.obj
 0001:00007ca8       ??0?$MFileMapping@UCESERVER_CONSOLE_MAPPING_HDR@@@@QAE@XZ 10008ca8 f i ConEmuPluginBase.obj
 0001:00007ca8       ??0?$MFileMapping@UPanelViewSetMapping@@@@QAE@XZ 10008ca8 f i PluginBackground.obj
 0001:00007ccc       ??0CPluginBase@@QAE@XZ     10008ccc f   ConEmuPluginBase.obj
 0001:00007dea       ??0MWow64Disable@@QAE@XZ   10008dea f i ConEmuPluginBase.obj
 0001:00007e2f       ??1?$MFileMapping@UCESERVER_CONSOLE_MAPPING_HDR@@@@QAE@XZ 10008e2f f i ConEmuPluginBase.obj
 0001:00007e2f       ??1?$MFileMapping@UConEmuGuiMapping@@@@QAE@XZ 10008e2f f i common-user32:ConEmuCheckEx.obj
 0001:00007e2f       ??1?$MFileMapping@UPanelViewSetMapping@@@@QAE@XZ 10008e2f f i PluginBackground.obj
 0001:00007e39       ??1CPluginBase@@UAE@XZ     10008e39 f   ConEmuPluginBase.obj
 0001:00007e40       ??1MWow64Disable@@QAE@XZ   10008e40 f i ConEmuPluginBase.obj
 0001:00007e74       ??_G?$MFileMapping@UCESERVER_CONSOLE_MAPPING_HDR@@@@QAEPAXI@Z 10008e74 f i ConEmuPluginBase.obj
 0001:00007e9e       ??_GCPluginBase@@UAEPAXI@Z 10008e9e f i ConEmuPluginBase.obj
 0001:00007e9e       ??_ECPluginBase@@UAEPAXI@Z 10008e9e f i ConEmuPluginBase.obj
 0001:00007ec5       ?ActivatePlugin@CPluginBase@@QAE_NKPAXK@Z 10008ec5 f   ConEmuPluginBase.obj
 0001:0000805a       ?AddTab@CPluginBase@@QAE_NAAHH_N1HPB_W2HHHH@Z 1000905a f   ConEmuPluginBase.obj
 0001:0000833b       ?AddTabFinish@CPluginBase@@QAEXH@Z 1000933b f   ConEmuPluginBase.obj
 0001:0000834d       ?Attach2Gui@CPluginBase@@QAE_N_N@Z 1000934d f   ConEmuPluginBase.obj
 0001:000086dd       ?BackgroundMacroError@CPluginBase@@SGKPAX@Z 100096dd f   ConEmuPluginBase.obj
 0001:00008704       ?CheckBufferEnabled@CPluginBase@@QAE_NXZ 10009704 f   ConEmuPluginBase.obj
 0001:0000875d       ?CheckConEmuDetached@CPluginBase@@SAXXZ 1000975d f   ConEmuPluginBase.obj
 0001:000087f8       ?CheckResources@CPluginBase@@QAEX_N@Z 100097f8 f   ConEmuPluginBase.obj
 0001:00008998       ?CloseMap@?$MFileMapping@UCESERVER_CONSOLE_MAPPING_HDR@@@@QAEXXZ 10009998 f i ConEmuPluginBase.obj
 0001:00008998       ?CloseMap@?$MFileMapping@UConEmuGuiMapping@@@@QAEXXZ 10009998 f i common-kernel32:ConEmuCheck.obj
 0001:00008998       ?CloseMap@?$MFileMapping@UPanelViewSetMapping@@@@QAEXXZ 10009998 f i PluginBackground.obj
 0001:000089c9       ?CloseMapHeader@CPluginBase@@SAXXZ 100099c9 f   ConEmuPluginBase.obj
 0001:000089e0       ?ClosePtr@?$MFileMapping@UCESERVER_CONSOLE_MAPPING_HDR@@@@QAEXXZ 100099e0 f i ConEmuPluginBase.obj
 0001:000089e0       ?ClosePtr@?$MFileMapping@UPanelViewSetMapping@@@@QAEXXZ 100099e0 f i PluginBackground.obj
 0001:000089e0       ?ClosePtr@?$MFileMapping@UConEmuGuiMapping@@@@QAEXXZ 100099e0 f i common-kernel32:ConEmuCheck.obj
 0001:000089f8       ?CloseTabs@CPluginBase@@SAXXZ 100099f8 f   ConEmuPluginBase.obj
 0001:00008a80       ?CommonPluginStartup@CPluginBase@@QAEXXZ 10009a80 f   ConEmuPluginBase.obj
 0001:00008b6c       ?CreateTabs@CPluginBase@@SA_NH@Z 10009b6c f   ConEmuPluginBase.obj
 0001:00008c16       ?Disable@MWow64Disable@@QAEXXZ 10009c16 f i ConEmuPluginBase.obj
 0001:00008c30       ?DllCheckUnique@CPluginBase@@KA_N_N@Z 10009c30 f   ConEmuPluginBase.obj
 0001:00008df5       ?DllMain_ProcessAttach@CPluginBase@@KAXPAUHINSTANCE__@@@Z 10009df5 f   ConEmuPluginBase.obj
 0001:00008ee9       ?DllMain_ProcessDetach@CPluginBase@@KAXXZ 10009ee9 f   ConEmuPluginBase.obj
 0001:00008fba       ?EditViewConsoleOutput@CPluginBase@@QAEX_N@Z 10009fba f   ConEmuPluginBase.obj
 0001:0000904f       ?EmergencyShow@CPluginBase@@KAXXZ 1000a04f f   ConEmuPluginBase.obj
 0001:0000909a       ?ExecuteSynchro@CPluginBase@@QAEXXZ 1000a09a f   ConEmuPluginBase.obj
 0001:00009110       ?ExitFarCommon@CPluginBase@@QAEX_N@Z 1000a110 f   ConEmuPluginBase.obj
 0001:00009133       ?FarSetConsoleSize@CPluginBase@@SA_NFF@Z 1000a133 f   ConEmuPluginBase.obj
 0001:00009217       ?FillLoadedParm@CPluginBase@@SAXPAUConEmuLoadedArg@@PAUHINSTANCE__@@H@Z 1000a217 f   ConEmuPluginBase.obj
 0001:000092a5       ?FillUpdateBackground@CPluginBase@@QAEXPAUPaintBackgroundArg@@@Z 1000a2a5 f   ConEmuPluginBase.obj
 0001:000093e6       ?FindServerCmd@CPluginBase@@QAE_NKAAK_N@Z 1000a3e6 f   ConEmuPluginBase.obj
 0001:000094cc       ?GetMainThreadId@CPluginBase@@SAKXZ 1000a4cc f   ConEmuPluginBase.obj
 0001:00009557       ?GetPanelInfo@CPluginBase@@QAE_NKPAUBkPanelInfo@@@Z 1000a557 f   ConEmuPluginBase.obj
 0001:000095d7       ?InitHWND@CPluginBase@@SAXXZ 1000a5d7 f   ConEmuPluginBase.obj
 0001:000097f5       ?InitName@?$MFileMapping@UConEmuGuiMapping@@@@QAEPB_WPB_WKK@Z 1000a7f5 f i common-kernel32:ConEmuCheck.obj
 0001:000097f5       ?InitName@?$MFileMapping@UCESERVER_CONSOLE_MAPPING_HDR@@@@QAEPB_WPB_WKK@Z 1000a7f5 f i ConEmuPluginBase.obj
 0001:000097f5       ?InitName@?$MFileMapping@UPanelViewSetMapping@@@@QAEPB_WPB_WKK@Z 1000a7f5 f i PluginBackground.obj
 0001:00009826       ?InitResources@CPluginBase@@QAEXXZ 1000a826 f   ConEmuPluginBase.obj
 0001:000099e2       ?InitRootRegKey@CPluginBase@@IAEXXZ 1000a9e2 f   ConEmuPluginBase.obj
 0001:00009a9b       ?InternalOpenCreate@?$MFileMapping@UCESERVER_CONSOLE_MAPPING_HDR@@@@IAEPAUCESERVER_CONSOLE_MAPPING_HDR@@HHH@Z 1000aa9b f i ConEmuPluginBase.obj
 0001:00009bb5       ?IsCurrentTabModal@CPluginBase@@QAE_NXZ 1000abb5 f   ConEmuPluginBase.obj
 0001:00009c3e       ?IsFarLua@FarVersion@@QBE_NXZ 1000ac3e f i ConEmuPluginBase.obj
 0001:00009d6c       ?LoadFarVersion@CPluginBase@@SA_NXZ 1000ad6c f   ConEmuPluginBase.obj
 0001:00009fb3       ?LoadPanelTabsFromRegistry@CPluginBase@@IAEXXZ 1000afb3 f   ConEmuPluginBase.obj
 0001:0000a089       ?MonitorThreadProcW@CPluginBase@@SGKPAX@Z 1000b089 f   ConEmuPluginBase.obj
 0001:0000a457       ?NotifyConEmuUnloaded@CPluginBase@@SAXXZ 1000b457 f   ConEmuPluginBase.obj
 0001:0000a552       ?OnConsoleDetaching@CPluginBase@@SGHPAUHookCallbackArg@@@Z 1000b552 f   ConEmuPluginBase.obj
 0001:0000a654       ?OnConsolePeekInput@CPluginBase@@SGHPAUHookCallbackArg@@@Z 1000b654 f   ConEmuPluginBase.obj
 0001:0000a6b3       ?OnConsolePeekInputPost@CPluginBase@@SGHPAUHookCallbackArg@@@Z 1000b6b3 f   ConEmuPluginBase.obj
 0001:0000a6e3       ?OnConsolePeekReadInput@CPluginBase@@SAX_N@Z 1000b6e3 f   ConEmuPluginBase.obj
 0001:0000a89b       ?OnConsoleReadInput@CPluginBase@@SGHPAUHookCallbackArg@@@Z 1000b89b f   ConEmuPluginBase.obj
 0001:0000a8ab       ?OnConsoleReadInputPost@CPluginBase@@SGHPAUHookCallbackArg@@@Z 1000b8ab f   ConEmuPluginBase.obj
 0001:0000aa2d       ?OnConsoleReadInputWork@CPluginBase@@SAHPAUHookCallbackArg@@@Z 1000ba2d f   ConEmuPluginBase.obj
 0001:0000aa97       ?OnConsoleWasAttached@CPluginBase@@SGHPAUHookCallbackArg@@@Z 1000ba97 f   ConEmuPluginBase.obj
 0001:0000aaed       ?OnCurDirChanged@CPluginBase@@SGXXZ 1000baed f   ConEmuPluginBase.obj
 0001:0000ab44       ?OnGetNumberOfConsoleInputEventsPost@CPluginBase@@SGHPAUHookCallbackArg@@@Z 1000bb44 f   ConEmuPluginBase.obj
 0001:0000ab78       ?OnLibraryLoaded@CPluginBase@@SGXPAUHINSTANCE__@@@Z 1000bb78 f   ConEmuPluginBase.obj
 0001:0000abe6       ?OnMainThreadActivated@CPluginBase@@QAEXXZ 1000bbe6 f   ConEmuPluginBase.obj
 0001:0000ad50       ?OnPanelViewCallbacks@CPluginBase@@SA_NPAUHookCallbackArg@@P6GHPAXPAU_INPUT_RECORD@@KPAKPAH@Z5@Z 1000bd50 f   ConEmuPluginBase.obj
 0001:0000adf1       ?OnPostWriteConsoleOutput@CPluginBase@@SGHPAUHookCallbackArg@@@Z 1000bdf1 f   ConEmuPluginBase.obj
 0001:0000adfc       ?OnShellExecuteExW_Except@CPluginBase@@SGHPAUHookCallbackArg@@@Z 1000bdfc f   ConEmuPluginBase.obj
 0001:0000ae31       ?OnWriteConsoleOutput@CPluginBase@@SGHPAUHookCallbackArg@@@Z 1000be31 f   ConEmuPluginBase.obj
 0001:0000aebe       ?OpenMapHeader@CPluginBase@@SAHXZ 1000bebe f   ConEmuPluginBase.obj
 0001:0000af7a       ?OpenPluginCommon@CPluginBase@@QAEPAXHH_N@Z 1000bf7a f   ConEmuPluginBase.obj
 0001:0000b1de       ?OutDataAlloc@CPluginBase@@SA_NK@Z 1000c1de f   ConEmuPluginBase.obj
 0001:0000b22d       ?OutDataRealloc@CPluginBase@@SA_NK@Z 1000c22d f   ConEmuPluginBase.obj
 0001:0000b2c4       ?OutDataWrite@CPluginBase@@SA_NPAXK@Z 1000c2c4 f   ConEmuPluginBase.obj
 0001:0000b343       ?PanelControl@CPluginBase@@QAEHPAXHH0@Z 1000c343 f   ConEmuPluginBase.obj
 0001:0000b3aa       ?Plugin@@YAPAVCPluginBase@@XZ 1000c3aa f   ConEmuPluginBase.obj
 0001:0000b480       ?PostMacro@CPluginBase@@QAEXPB_WPAU_INPUT_RECORD@@_N@Z 1000c480 f   ConEmuPluginBase.obj
 0001:0000b4c1       ?PrintText@CPluginBase@@QAE_NPB_W@Z 1000c4c1 f   ConEmuPluginBase.obj
 0001:0000b5a5       ?ProcessCommand@CPluginBase@@QAE_NKHPAXPAPAUCESERVER_REQ@@_N@Z 1000c5a5 f   ConEmuPluginBase.obj
 0001:0000b9bd       ?ProcessCommandLine@CPluginBase@@QAE_NPA_W@Z 1000c9bd f   ConEmuPluginBase.obj
 0001:0000b9f6       ?ProcessDragFrom@CPluginBase@@QAEXXZ 1000c9f6 f   ConEmuPluginBase.obj
 0001:0000bf52       ?ProcessDragTo@CPluginBase@@QAEXXZ 1000cf52 f   ConEmuPluginBase.obj
 0001:0000c270       ?ProcessEditorInputInternal@CPluginBase@@QAEXABU_INPUT_RECORD@@@Z 1000d270 f   ConEmuPluginBase.obj
 0001:0000c2a2       ?ProcessEditorViewerEvent@CPluginBase@@QAEHHH@Z 1000d2a2 f   ConEmuPluginBase.obj
 0001:0000c33f       ?ProcessSetWindowCommand@CPluginBase@@QAEXXZ 1000d33f f   ConEmuPluginBase.obj
 0001:0000c406       ?ProcessSynchroEvent@CPluginBase@@QAEHHPAX@Z 1000d406 f   ConEmuPluginBase.obj
 0001:0000c478       ?ReloadFarInfo@CPluginBase@@QAE_N_N@Z 1000d478 f   ConEmuPluginBase.obj
 0001:0000c691       ?ReloadFarInfoApi@CPluginBase@@IAE_NXZ 1000d691 f   ConEmuPluginBase.obj
 0001:0000c81e       ?Restore@MWow64Disable@@QAEXXZ 1000d81e f i ConEmuPluginBase.obj
 0001:0000c835       ?RunExternalProgram@CPluginBase@@QAE_NPA_W@Z 1000d835 f   ConEmuPluginBase.obj
 0001:0000c94f       ?RunExternalProgramW@CPluginBase@@SA_NPA_W0_N@Z 1000d94f f   ConEmuPluginBase.obj
 0001:0000cb22       ?SendTabs@CPluginBase@@SAXH_N@Z 1000db22 f   ConEmuPluginBase.obj
 0001:0000ccad       ?SetRootRegKey@CPluginBase@@IAEXPA_W@Z 1000dcad f   ConEmuPluginBase.obj
 0001:0000cd30       ?ShowConsoleInfo@CPluginBase@@QAEXXZ 1000dd30 f   ConEmuPluginBase.obj
 0001:0000cea1       ?ShowMessage@CPluginBase@@QAEHHH@Z 1000dea1 f   ConEmuPluginBase.obj
 0001:0000cf05       ?ShowMessageBox@CPluginBase@@KAHPB_WI@Z 1000df05 f   ConEmuPluginBase.obj
 0001:0000cf99       ?ShowMessageGui@CPluginBase@@QAEHHH@Z 1000df99 f   ConEmuPluginBase.obj
 0001:0000d001       ?ShowPanelsList@CPluginBase@@QAEXXZ 1000e001 f   ConEmuPluginBase.obj
 0001:0000d101       ?ShowPluginMenu@CPluginBase@@QAEXW4PluginCallCommands@@@Z 1000e101 f   ConEmuPluginBase.obj
 0001:0000d2b6       ?ShowProtocolWarning@CPluginBase@@KAXXZ 1000e2b6 f   ConEmuPluginBase.obj
 0001:0000d3f6       ?ShowTabsList@CPluginBase@@QAEXXZ 1000e3f6 f   ConEmuPluginBase.obj
 0001:0000d618       ?StartDebugger@CPluginBase@@QAE_NXZ 1000e618 f   ConEmuPluginBase.obj
 0001:0000d886       ?StopThread@CPluginBase@@QAEX_N@Z 1000e886 f   ConEmuPluginBase.obj
 0001:0000da49       ?StorePanelDirs@CPluginBase@@QAE_NPB_W0@Z 1000ea49 f   ConEmuPluginBase.obj
 0001:0000db65       ?StringCchCatW@@YGJPA_WIPB_W@Z 1000eb65 f i ConEmuPluginBase.obj
 0001:0000dc85       ?SwitchTabCommand@CPluginBase@@QAEXW4PluginMenuCommands@@@Z 1000ec85 f   ConEmuPluginBase.obj
 0001:0000dcfd       ?ToOem@CPluginBase@@SAPADPB_W@Z 1000ecfd f   ConEmuPluginBase.obj
 0001:0000dd3b       ?ToOem@CPluginBase@@SAXPB_WPADH@Z 1000ed3b f   ConEmuPluginBase.obj
 0001:0000dd62       ?ToUnicode@CPluginBase@@SAPA_WPBD@Z 1000ed62 f   ConEmuPluginBase.obj
 0001:0000ddb9       ?TouchReadPeekConsoleInputs@CPluginBase@@SAXH@Z 1000edb9 f   ConEmuPluginBase.obj
 0001:0000ddf1       ?UngetDummyMouseEvent@CPluginBase@@SA_N_NPAUHookCallbackArg@@@Z 1000edf1 f   ConEmuPluginBase.obj
 0001:0000df6a       ?UpdateConEmuTabs@CPluginBase@@QAE_N_N@Z 1000ef6a f   ConEmuPluginBase.obj
 0001:0000e162       ?UpdatePanelDirs@CPluginBase@@QAEXXZ 1000f162 f   ConEmuPluginBase.obj
 0001:0000e2ca       ?WaitPluginActivation@CPluginBase@@SAKKPAPAXHK@Z 1000f2ca f   ConEmuPluginBase.obj
 0001:0000e3b1       ?cmd_CloseQSearch@CPluginBase@@QAEXXZ 1000f3b1 f   ConEmuPluginBase.obj
 0001:0000e3db       ?cmd_ConSetFont@CPluginBase@@QAEXPAX@Z 1000f3db f   ConEmuPluginBase.obj
 0001:0000e40d       ?cmd_EMenu@CPluginBase@@QAEXPAX@Z 1000f40d f   ConEmuPluginBase.obj
 0001:0000e4a8       ?cmd_ExternalCallback@CPluginBase@@QAE_NPAX@Z 1000f4a8 f   ConEmuPluginBase.obj
 0001:0000e4eb       ?cmd_GuiChanged@CPluginBase@@QAEXPAX@Z 1000f4eb f   ConEmuPluginBase.obj
 0001:0000e562       ?cmd_LeftClickSync@CPluginBase@@QAEXPAX@Z 1000f562 f   ConEmuPluginBase.obj
 0001:0000e62f       ?cmd_OpenEditorLine@CPluginBase@@QAE_NPAUCESERVER_REQ_FAREDITOR@@@Z 1000f62f f   ConEmuPluginBase.obj
 0001:0000e6c2       ?cmd_RedrawFarCall@CPluginBase@@QAE_NAAPAUCESERVER_REQ@@PAPAU2@@Z 1000f6c2 f   ConEmuPluginBase.obj
 0001:0000e756       ?cmd_SetWindow@CPluginBase@@QAE_NPAX_N@Z 1000f756 f   ConEmuPluginBase.obj
 0001:0000e7c6       ?isEditorViewer@CPluginBase@@QAE_NXZ 1000f7c6 f   ConEmuPluginBase.obj
 0001:0000e7e4       ?isMacroActive@CPluginBase@@QAE_NAAH@Z 1000f7e4 f   ConEmuPluginBase.obj
 0001:0000e81c       ?isModalEditorViewer@CPluginBase@@QAE_NXZ 1000f81c f   ConEmuPluginBase.obj
 0001:0000e843       ?pcc_Disabled@CPluginBase@@SA_NW4PluginMenuCommands@@@Z 1000f843 f   ConEmuPluginBase.obj
 0001:0000e8b0       ?pcc_Selected@CPluginBase@@SA_NW4PluginMenuCommands@@@Z 1000f8b0 f   ConEmuPluginBase.obj
 0001:0000e903       _wmemcmp                   1000f903 f i ConEmuPluginBase.obj
 0001:0000e939       ??0CPluginBackground@@QAE@XZ 1000f939 f   PluginBackground.obj
 0001:0000eaaa       ??1CPluginBackground@@QAE@XZ 1000faaa f   PluginBackground.obj
 0001:0000ec15       ?CheckPanelFolders@CPluginBackground@@IAEXH@Z 1000fc15 f   PluginBackground.obj
 0001:0000ecc2       ?InternalOpenCreate@?$MFileMapping@UPanelViewSetMapping@@@@IAEPAUPanelViewSetMapping@@HHH@Z 1000fcc2 f i PluginBackground.obj
 0001:0000eddc       ?IsParmChanged@CPluginBackground@@IAE_NPAUPaintBackgroundArg@@0@Z 1000fddc f   PluginBackground.obj
 0001:0000effd       ?LoadThSet@CPluginBackground@@IAEHH@Z 1000fffd f   PluginBackground.obj
 0001:0000f176       ?MonitorBackground@CPluginBackground@@QAEXXZ 10010176 f   PluginBackground.obj
 0001:0000f1ce       ?OnMainThreadActivated@CPluginBackground@@QAEXHH@Z 100101ce f   PluginBackground.obj
 0001:0000f288       ?ReallocItems@CPluginBackground@@IAEXH@Z 10010288 f   PluginBackground.obj
 0001:0000f2d2       ?RegisterSubplugin@CPluginBackground@@QAEHPAURegisterBackgroundArg@@@Z 100102d2 f   PluginBackground.obj
 0001:0000f4e0       ?SetDcPanelRect@CPluginBackground@@IAEXPAUtagRECT@@PAUBkPanelInfo@@PAUPaintBackgroundArg@@@Z 100104e0 f   PluginBackground.obj
 0001:0000f5bb       ?SetForceThLoad@CPluginBackground@@QAEXXZ 100105bb f   PluginBackground.obj
 0001:0000f5ce       ?SetForceUpdate@CPluginBackground@@QAEX_N@Z 100105ce f   PluginBackground.obj
 0001:0000f5f0       ?UpdateBackground@CPluginBackground@@IAEXXZ 100105f0 f   PluginBackground.obj
 0001:0000fd4b       ?UpdateBackground_Exec@CPluginBackground@@KAXPAURegisterBackgroundArg@@PAUPaintBackgroundArg@@@Z 10010d4b f   PluginBackground.obj
 0001:0000fd75       ??$swprintf_c@$09@@YAHAAY09_WPB_WZZ 10010d75 f i PluginSrv.obj
 0001:0000fd8b       ??$wcscpy_c@$0BAE@@@YAHAAY0BAE@_WPB_W@Z 10010d8b f i PluginSrv.obj
 0001:0000fda0       ?AllocRequestBuf@PipeInst@?$PipeServer@UCESERVER_REQ@@@@QAEPAUCESERVER_REQ@@K@Z 10010da0 f i PluginSrv.obj
 0001:0000fddc       ?DumpError@?$PipeServer@UCESERVER_REQ@@@@IAEXPAUPipeInst@1@PB_WH@Z 10010ddc f i PluginSrv.obj
 0001:0000feaf       ?PipeServerRead@?$PipeServer@UCESERVER_REQ@@@@IAEHPAUPipeInst@1@@Z 10010eaf f i PluginSrv.obj
 0001:00010112       ?PipeServerThread@?$PipeServer@UCESERVER_REQ@@@@IAEKPAUPipeInst@1@@Z 10011112 f i PluginSrv.obj
 0001:0001033f       ?PipeServerWrite@?$PipeServer@UCESERVER_REQ@@@@IAEHPAUPipeInst@1@PBXKPAKH@Z 1001133f f i PluginSrv.obj
 0001:0001041b       ?PlugServerCommand@@YGHPAXPAUCESERVER_REQ@@AAPAU1@AAK3J@Z 1001141b f   PluginSrv.obj
 0001:000108a6       ?PlugServerFree@@YGXPAUCESERVER_REQ@@J@Z 100118a6 f   PluginSrv.obj
 0001:000108b7       ?PlugServerStart@@YA_NXZ   100118b7 f   PluginSrv.obj
 0001:00010966       ?PlugServerStop@@YAX_N@Z   10011966 f   PluginSrv.obj
 0001:0001099f       ?SetMaxCount@?$PipeServer@UCESERVER_REQ@@@@QAEXH@Z 1001199f f i PluginSrv.obj
 0001:000109c6       ?StartPipeInstance@?$PipeServer@UCESERVER_REQ@@@@IAE_NPAUPipeInst@1@@Z 100119c6 f i PluginSrv.obj
 0001:00010af5       ?StartPipeServer@?$PipeServer@UCESERVER_REQ@@@@QAE_N_NPB_WJPAU_SECURITY_ATTRIBUTES@@P6GHPAXPAUCESERVER_REQ@@AAPAU3@AAK6J@ZP6GX4J@ZP6GH3J@Z99@Z 10011af5 f i PluginSrv.obj
 0001:00010c27       ?StopPipeServer@?$PipeServer@UCESERVER_REQ@@@@QAEX_NAA_N@Z 10011c27 f i PluginSrv.obj
 0001:00010f00       ?TerminatePipeThread@?$PipeServer@UCESERVER_REQ@@@@KAXAAPAXABUPipeInst@1@AA_N@Z 10011f00 f i PluginSrv.obj
 0001:00010f56       ?WaitForClient@?$PipeServer@UCESERVER_REQ@@@@IAE_NPAUPipeInst@1@AAH1@Z 10011f56 f i PluginSrv.obj
 0001:000111e8       ?WaitOverlapped@?$PipeServer@UCESERVER_REQ@@@@IAEHPAUPipeInst@1@PAK@Z 100121e8 f i PluginSrv.obj
 0001:00011337       ?WriteDummyAnswer@?$PipeServer@UCESERVER_REQ@@@@IAEHPAUPipeInst@1@@Z 10012337 f i PluginSrv.obj
 0001:0001138f       ?_Disconnect@?$PipeServer@UCESERVER_REQ@@@@IAEXPAUPipeInst@1@_N11@Z 1001238f f i PluginSrv.obj
 0001:000113e3       ?_PipeServerThread@?$PipeServer@UCESERVER_REQ@@@@KGKPAX@Z 100123e3 f i PluginSrv.obj
 0001:0001142a       ?cmd_FarSetChanged@@YAXPAUFAR_REQ_FARSETCHANGED@@@Z 1001242a f   PluginSrv.obj
 0001:00011478       _GetFileVersionInfoSizeW@8 10012478 f   version:VERSION.dll
 0001:0001147e       _GetFileVersionInfoW@16    1001247e f   version:VERSION.dll
 0001:00011484       _VerQueryValueW@16         10012484 f   version:VERSION.dll
 0001:0001148a       _CreateToolhelp32Snapshot@8 1001248a f   kernel32:KERNEL32.dll
 0001:00011490       _Thread32First@8           10012490 f   kernel32:KERNEL32.dll
 0001:00011496       _Thread32Next@8            10012496 f   kernel32:KERNEL32.dll
 0001:0001149c       _Module32FirstW@8          1001249c f   kernel32:KERNEL32.dll
 0001:000114a2       _Module32NextW@8           100124a2 f   kernel32:KERNEL32.dll
 0001:000114a8       ??2@YAPAXI@Z               100124a8 f   common-kernel32:Memory.obj
 0001:000114c9       ??3@YAXPAX@Z               100124c9 f   common-kernel32:Memory.obj
 0001:000114c9       ??_V@YAXPAX@Z              100124c9 f   common-kernel32:Memory.obj
 0001:000114ce       ??_U@YAPAXI@Z              100124ce f   common-kernel32:Memory.obj
 0001:000114d7       ?HeapDeinitialize@@YAXXZ   100124d7 f   common-kernel32:Memory.obj
 0001:0001152d       ?HeapInitialize@@YA_NXZ    1001252d f   common-kernel32:Memory.obj
 0001:0001155b       ?xf_calloc@@YAPAXII@Z      1001255b f   common-kernel32:Memory.obj
 0001:00011586       ?xf_free@@YAXPAX@Z         10012586 f   common-kernel32:Memory.obj
 0001:000115c6       ?xf_malloc@@YAPAXI@Z       100125c6 f   common-kernel32:Memory.obj
 0001:000115ec       ?xf_realloc@@YAPAXPAXI@Z   100125ec f   common-kernel32:Memory.obj
 0001:00011613       ?ExecuteCmd@@YAPAUCESERVER_REQ@@PB_WPAU1@KPAUHWND__@@HKH@Z 10012613 f   common-kernel32:ConEmuCheck.obj
 0001:000117e8       ?ExecuteFreeResult@@YAXAAPAUCESERVER_REQ@@@Z 100127e8 f   common-kernel32:ConEmuCheck.obj
 0001:00011800       ?ExecuteGuiCmd@@YAPAUCESERVER_REQ@@PAUHWND__@@PAU1@0H@Z 10012800 f   common-kernel32:ConEmuCheck.obj
 0001:00011881       ?ExecuteNewCmd@@YAPAUCESERVER_REQ@@KI@Z 10012881 f   common-kernel32:ConEmuCheck.obj
 0001:000118bf       ?ExecuteNewCmd@@YA_NAAPAUCESERVER_REQ@@AAKKI@Z 100128bf f   common-kernel32:ConEmuCheck.obj
 0001:0001191d       ?ExecuteOpenPipe@@YAPAXPB_WAAY0CAI@_W0KKHPAXH@Z 1001291d f   common-kernel32:ConEmuCheck.obj
 0001:00011a57       ?ExecutePrepareCmd@@YAXPAUCESERVER_REQ@@KI@Z 10012a57 f   common-kernel32:ConEmuCheck.obj
 0001:00011a8e       ?ExecutePrepareCmd@@YAXPAUCESERVER_REQ_HDR@@KI@Z 10012a8e f   common-kernel32:ConEmuCheck.obj
 0001:00011af6       ?ExecuteSrvCmd@@YAPAUCESERVER_REQ@@KPAU1@PAUHWND__@@HKH@Z 10012af6 f   common-kernel32:ConEmuCheck.obj
 0001:00011b8d       ?GetConEmuHWND@@YAPAUHWND__@@H@Z 10012b8d f   common-kernel32:ConEmuCheck.obj
 0001:00011c96       ?GuiMessageBox@@YAHPAUHWND__@@PB_W1H@Z 10012c96 f   common-kernel32:ConEmuCheck.obj
 0001:00011db3       ?InternalOpenCreate@?$MFileMapping@UConEmuGuiMapping@@@@IAEPAUConEmuGuiMapping@@HHH@Z 10012db3 f i common-kernel32:ConEmuCheck.obj
 0001:00011ecd       ?LoadSrvMapping@@YAHPAUHWND__@@AAUCESERVER_CONSOLE_MAPPING_HDR@@@Z 10012ecd f   common-kernel32:ConEmuCheck.obj
 0001:00011f81       ?ModuleName@@YAPB_WPB_W@Z  10012f81 f   common-kernel32:ConEmuCheck.obj
 0001:00012017       ?StringCchCopyNW@@YGJPA_WIPB_WI@Z 10013017 f i common-kernel32:ConEmuCheck.obj
 0001:00012063       ?isConsoleClass@@YA_NPB_W@Z 10013063 f   common-kernel32:ConEmuCheck.obj
 0001:0001209d       ?isConsoleWindow@@YA_NPAUHWND__@@@Z 1001309d f   common-kernel32:ConEmuCheck.obj
 0001:00012164       ?myGetConsoleWindow@@YAPAUHWND__@@XZ 10013164 f   common-kernel32:ConEmuCheck.obj
 0001:000121d6       ?StringCchVPrintfA@@YGJPADIPBD0@Z 100131d6 f i common-kernel32:MStrSafe.obj
 0001:0001222b       ?lstrcmpni@@YAHPB_W0H@Z    1001322b f   common-kernel32:MStrSafe.obj
 0001:00012323       ?msprintf@@YAPB_WPA_WIPB_WZZ 10013323 f   common-kernel32:MStrSafe.obj
 0001:0001273a       ?sprintf_c@@YAHPADHPBDZZ   1001373a f   common-kernel32:MStrSafe.obj
 0001:0001275d       ?swprintf_c@@YAHPA_WHPB_WZZ 1001375d f   common-kernel32:MStrSafe.obj
 0001:00012780       __vsnprintf_l              10013780 f i common-kernel32:MStrSafe.obj
 0001:000127b2       ?IsFilePath@@YA_NPB_W_N@Z  100137b2 f   common-kernel32:CmdLine.obj
 0001:000128de       ?PointToExt@@YAPB_WPB_W@Z  100138de f   common-kernel32:CmdLine.obj
 0001:000128fc       ?PointToName@@YAPB_WPB_W@Z 100138fc f   common-kernel32:CmdLine.obj
 0001:0001293e       ?Unquote@@YAPB_WPA_W_N@Z   1001393e f   common-kernel32:CmdLine.obj
 0001:00012989       ??$sprintf_c@$0CI@@@YAHAAY0CI@DPBDZZ 10013989 f i common-kernel32:WThreads.obj
 0001:0001299f       ?SetThreadName@@YAXKPAD@Z  1001399f f   common-kernel32:WThreads.obj
 0001:000129f8       ?apiCreateThread@@YAPAXP6GKPAX@Z0PAKPBDH@Z 100139f8 f   common-kernel32:WThreads.obj
 0001:00012af0       ?apiTerminateThreadEx@@YAHPAXKPBDH@Z 10013af0 f   common-kernel32:WThreads.obj
 0001:00012bc4       ?apiThreadHelper@@YGKPAX@Z 10013bc4 f   common-kernel32:WThreads.obj
 0001:00012d50       ?lstrdup@@YAPA_WPB_WI@Z    10013d50 f   common-kernel32:MStrDup.obj
 0001:00012d9c       ?lstrmerge@@YAPA_WPB_W00000000@Z 10013d9c f   common-kernel32:MStrDup.obj
 0001:00012e96       ?lstrmerge@@YA_NPAPA_WPB_W1111111@Z 10013e96 f   common-kernel32:MStrDup.obj
 0001:00012edf       ??0CEnvStrings@@QAE@PA_W@Z 10013edf f   common-kernel32:EnvVar.obj
 0001:00012f28       ??1CEnvStrings@@QAE@XZ     10013f28 f   common-kernel32:EnvVar.obj
 0001:00012f3d       ?Clear@CEnvRestorer@@QAEXXZ 10013f3d f   common-kernel32:EnvVar.obj
 0001:00012f54       ?ExpandEnvStr@@YAPA_WPB_W@Z 10013f54 f   common-kernel32:EnvVar.obj
 0001:00012fcc       ?GetEnvVar@@YAPA_WPB_W@Z   10013fcc f   common-kernel32:EnvVar.obj
 0001:0001303f       ?SavePathVar@CEnvRestorer@@QAEXPB_W@Z 1001403f f   common-kernel32:EnvVar.obj
 0001:0001306b       ?CommonShutdown@@YAXXZ     1001406b f   common-kernel32:Common.obj
 0001:0001307a       ?GetCommand@CESERVER_REQ_NEWCMD@@QAEPA_WXZ 1001407a f   common-kernel32:Common.obj
 0001:00013093       ?GetEnvStrings@CESERVER_REQ_NEWCMD@@QAEPA_WXZ 10014093 f   common-kernel32:Common.obj
 0001:000130b0       ?IsEnvBlockVariableValid@@YA_NPB_W@Z 100140b0 f   common-kernel32:Common.obj
 0001:000130dc       ?IsEnvBlockVariableValid@@YA_NPB_WAAPB_W@Z 100140dc f   common-kernel32:Common.obj
 0001:00013112       ?SetCommand@CESERVER_REQ_NEWCMD@@QAEXPB_W@Z 10014112 f   common-kernel32:Common.obj
 0001:0001315e       ?SetEnvStrings@CESERVER_REQ_NEWCMD@@QAEXPB_WK@Z 1001415e f   common-kernel32:Common.obj
 0001:0001322a       ??0MNullDesc@@QAE@XZ       1001422a f i common-kernel32:MSecurity.obj
 0001:0001324c       ??1MNullDesc@@QAE@XZ       1001424c f i common-kernel32:MSecurity.obj
 0001:00013284       ?LoadAdvApi@MNullDesc@@IAEHXZ 10014284 f i common-kernel32:MSecurity.obj
 0001:000133d1       ?LocalSecurity@@YAPAU_SECURITY_ATTRIBUTES@@XZ 100143d1 f   common-kernel32:MSecurity.obj
 0001:000133fd       ?LocalSecurity@MNullDesc@@QAEPAU_SECURITY_ATTRIBUTES@@XZ 100143fd f i common-kernel32:MSecurity.obj
 0001:0001351a       ?ShutdownSecurity@@YAXXZ   1001451a f   common-kernel32:MSecurity.obj
 0001:0001353f       ?UnloadAdvApi@MNullDesc@@IAEXXZ 1001453f f i common-kernel32:MSecurity.obj
 0001:00013557       ??0CEStr@@QAE@$$QAPA_W@Z   10014557 f   common-kernel32:CEStr.obj
 0001:00013573       ??0CEStr@@QAE@PB_W00000000@Z 10014573 f   common-kernel32:CEStr.obj
 0001:000135b8       ??0CEStr@@QAE@XZ           100145b8 f   common-kernel32:CEStr.obj
 0001:000135c2       ??1CEStr@@QAE@XZ           100145c2 f   common-kernel32:CEStr.obj
 0001:000135d7       ??4CEStr@@QAEAAU0@PB_W@Z   100145d7 f   common-kernel32:CEStr.obj
 0001:000135ee       ??BCEStr@@QBEPB_WXZ        100145ee f   common-kernel32:CEStr.obj
 0001:000135f1       ?AttachInt@CEStr@@AAEPB_WAAPA_W@Z 100145f1 f   common-kernel32:CEStr.obj
 0001:0001365a       ?Clear@CEStr@@QAEXXZ       1001465a f   common-kernel32:CEStr.obj
 0001:0001366b       ?Detach@CEStr@@QAEPA_WXZ   1001466b f   common-kernel32:CEStr.obj
 0001:00013680       ?GetBuffer@CEStr@@QAEPA_WH@Z 10014680 f   common-kernel32:CEStr.obj
 0001:000136f6       ?GetLen@CEStr@@QBEHXZ      100146f6 f   common-kernel32:CEStr.obj
 0001:00013720       ?GetMaxCount@CEStr@@QAEHXZ 10014720 f   common-kernel32:CEStr.obj
 0001:0001373c       ?Set@CEStr@@QAEPB_WPB_WH@Z 1001473c f   common-kernel32:CEStr.obj
 0001:000137fe       ??$GetProcAddress@$$A6GHPAU_OSVERSIONINFOEXW@@K_K@Z@MModule@@QBE_NPBDAAP6GHPAU_OSVERSIONINFOEXW@@K_K@Z@Z 100147fe f i common-kernel32:WObjects.obj
 0001:00013825       ?FileExists@@YA_NPB_WPAK@Z 10014825 f   common-kernel32:WObjects.obj
 0001:0001394d       ?IsWin6@@YA_NXZ            1001494d f   common-kernel32:WObjects.obj
 0001:0001397b       ?IsWinVerOrHigher@@YA_NG@Z 1001497b f   common-kernel32:WObjects.obj
 0001:00013a04       ?IsWindows64@@YA_NXZ       10014a04 f   common-kernel32:WObjects.obj
 0001:00013a74       ?_VerifyVersionInfo@@YA_NPAU_OSVERSIONINFOEXW@@K_K@Z 10014a74 f   common-kernel32:WObjects.obj
 0001:00013aed       ?Init@HkFunc@@QAE_NPB_WPAUHINSTANCE__@@@Z 10014aed f   common-kernel32:HkFunc.obj
 0001:00013b4b       ?isConEmuHk@HkFunc@@QAE_NXZ 10014b4b f   common-kernel32:HkFunc.obj
 0001:00013b52       ??$_Emplace_reallocate@ABUtagPROCESSENTRY32W@@@?$vector@UtagPROCESSENTRY32W@@V?$MArrayAllocator@UtagPROCESSENTRY32W@@@@@std@@QAEPAUtagPROCESSENTRY32W@@QAU2@ABU2@@Z 10014b52 f i common-kernel32:MProcess.obj
 0001:00013c15       ??$emplace_back@ABUtagPROCESSENTRY32W@@@?$vector@UtagPROCESSENTRY32W@@V?$MArrayAllocator@UtagPROCESSENTRY32W@@@@@std@@QAEXABUtagPROCESSENTRY32W@@@Z 10014c15 f i common-kernel32:MProcess.obj
 0001:00013c48       ??0?$MToolHelp@UtagPROCESSENTRY32W@@$1?Process32FirstW@@YGHPAXPAU1@@Z$1?Process32NextW@@YGH01@Z@@QAE@KK@Z 10014c48 f i common-kernel32:MProcess.obj
 0001:00013ca7       ??0bad_alloc@stdext@@QAE@ABV01@@Z 10014ca7 f i common-kernel32:MProcess.obj
 0001:00013cc5       ??0bad_alloc@stdext@@QAE@XZ 10014cc5 f i common-kernel32:MProcess.obj
 0001:00013cd5       ??0exception@stdext@@QAE@ABV01@@Z 10014cd5 f i common-kernel32:MProcess.obj
 0001:00013ced       ??1?$MToolHelp@UtagPROCESSENTRY32W@@$1?Process32FirstW@@YGHPAXPAU1@@Z$1?Process32NextW@@YGH01@Z@@UAE@XZ 10014ced f i common-kernel32:MProcess.obj
 0001:00013d09       ??1bad_alloc@stdext@@UAE@XZ 10014d09 f i common-kernel32:MProcess.obj
 0001:00013d10       ??_GMToolHelpProcess@@UAEPAXI@Z 10014d10 f i common-kernel32:MProcess.obj
 0001:00013d10       ??_G?$MToolHelp@UtagPROCESSENTRY32W@@$1?Process32FirstW@@YGHPAXPAU1@@Z$1?Process32NextW@@YGH01@Z@@UAEPAXI@Z 10014d10 f i common-kernel32:MProcess.obj
 0001:00013d10       ??_EMToolHelpProcess@@UAEPAXI@Z 10014d10 f i common-kernel32:MProcess.obj
 0001:00013d10       ??_E?$MToolHelp@UtagPROCESSENTRY32W@@$1?Process32FirstW@@YGHPAXPAU1@@Z$1?Process32NextW@@YGH01@Z@@UAEPAXI@Z 10014d10 f i common-kernel32:MProcess.obj
 0001:00013d35       ??_Eexception@stdext@@UAEPAXI@Z 10014d35 f i common-kernel32:MProcess.obj
 0001:00013d35       ??_Gexception@stdext@@UAEPAXI@Z 10014d35 f i common-kernel32:MProcess.obj
 0001:00013d35       ??_Gbad_alloc@stdext@@UAEPAXI@Z 10014d35 f i common-kernel32:MProcess.obj
 0001:00013d35       ??_Ebad_alloc@stdext@@UAEPAXI@Z 10014d35 f i common-kernel32:MProcess.obj
 0001:00013d58       ?Close@?$MToolHelp@UtagPROCESSENTRY32W@@$1?Process32FirstW@@YGHPAXPAU1@@Z$1?Process32NextW@@YGH01@Z@@QAEX_N@Z 10014d58 f i common-kernel32:MProcess.obj
 0001:00013dc7       ?Filter@?$MToolHelp@UtagPROCESSENTRY32W@@$1?Process32FirstW@@YGHPAXPAU1@@Z$1?Process32NextW@@YGH01@Z@@MAE_NPAUtagPROCESSENTRY32W@@@Z 10014dc7 f i common-kernel32:MProcess.obj
 0001:00013dcc       ?Find@?$MToolHelp@UtagPROCESSENTRY32W@@$1?Process32FirstW@@YGHPAXPAU1@@Z$1?Process32NextW@@YGH01@Z@@QAE_NP6A_NPAUtagPROCESSENTRY32W@@J@ZJ0@Z 10014dcc f i common-kernel32:MProcess.obj
 0001:00013e61       ?Next@?$MToolHelp@UtagPROCESSENTRY32W@@$1?Process32FirstW@@YGHPAXPAU1@@Z$1?Process32NextW@@YGH01@Z@@QAE_NPAUtagPROCESSENTRY32W@@@Z 10014e61 f i common-kernel32:MProcess.obj
 0001:00013eb8       ?Open@?$MToolHelp@UtagPROCESSENTRY32W@@$1?Process32FirstW@@YGHPAXPAU1@@Z$1?Process32NextW@@YGH01@Z@@QAE_NXZ 10014eb8 f i common-kernel32:MProcess.obj
 0001:00013ee9       ?_Calculate_growth@?$vector@UtagPROCESSENTRY32W@@V?$MArrayAllocator@UtagPROCESSENTRY32W@@@@@std@@ABEII@Z 10014ee9 f i common-kernel32:MProcess.obj
 0001:00013f16       ?_Change_array@?$vector@UtagPROCESSENTRY32W@@V?$MArrayAllocator@UtagPROCESSENTRY32W@@@@@std@@AAEXQAUtagPROCESSENTRY32W@@II@Z 10014f16 f i common-kernel32:MProcess.obj
 0001:00013f4b       ?_Doraise@bad_alloc@stdext@@MBEXXZ 10014f4b f i common-kernel32:MProcess.obj
 0001:00013f58       ?_Tidy@?$vector@UtagPROCESSENTRY32W@@V?$MArrayAllocator@UtagPROCESSENTRY32W@@@@@std@@AAEXXZ 10014f58 f i common-kernel32:MProcess.obj
 0001:00013f74       ?allocate@?$MArrayAllocator@UtagPROCESSENTRY32W@@@@QAEPAUtagPROCESSENTRY32W@@I@Z 10014f74 f i common-kernel32:MProcess.obj
 0001:00013fa6       ?compare@cmp@?1??Find@MToolHelpProcess@@QAE_NKPAUtagPROCESSENTRY32W@@@Z@SA_N0J@Z 10014fa6 f i common-kernel32:MProcess.obj
 0001:00013fb7       ?getNext@?$MToolHelp@UtagPROCESSENTRY32W@@$1?Process32FirstW@@YGHPAXPAU1@@Z$1?Process32NextW@@YGH01@Z@@IAE_NXZ 10014fb7 f i common-kernel32:MProcess.obj
 0001:00014038       ?isTerminalMode@@YA_NXZ    10015038 f   common-kernel32:MProcess.obj
 0001:0001413e       ?push_back@?$MArray@UtagPROCESSENTRY32W@@@@QAEHABUtagPROCESSENTRY32W@@@Z 1001513e f i common-kernel32:MProcess.obj
 0001:00014160       ?swap@?$vector@UtagPROCESSENTRY32W@@V?$MArrayAllocator@UtagPROCESSENTRY32W@@@@@std@@QAEXAAV12@@Z 10015160 f i common-kernel32:MProcess.obj
 0001:00014194       ?what@exception@stdext@@UBEPBDXZ 10015194 f i common-kernel32:MProcess.obj
 0001:000141a2       ??0MSection@@QAE@XZ        100151a2 f   common-kernel32:MSection.obj
 0001:00014201       ??0MSectionLock@@QAE@XZ    10015201 f   common-kernel32:MSection.obj
 0001:0001420e       ??0MSectionThread@@QAE@PAVMSection@@@Z 1001520e f   common-kernel32:MSection.obj
 0001:00014229       ??1MSection@@QAE@XZ        10015229 f   common-kernel32:MSection.obj
 0001:00014283       ??1MSectionLock@@QAE@XZ    10015283 f   common-kernel32:MSection.obj
 0001:0001429c       ??1MSectionThread@@QAE@XZ  1001529c f   common-kernel32:MSection.obj
 0001:000142b2       ?AddRef@MSection@@IAEXK@Z  100152b2 f   common-kernel32:MSection.obj
 0001:0001431b       ?Lock@MSection@@IAEHHK@Z   1001531b f   common-kernel32:MSection.obj
 0001:000143e1       ?Lock@MSectionLock@@QAEHPAVMSection@@HK@Z 100153e1 f   common-kernel32:MSection.obj
 0001:0001442c       ?MyEnterCriticalSection@MSection@@IAE_NK@Z 1001542c f   common-kernel32:MSection.obj
 0001:00014514       ?ReleaseRef@MSection@@IAEHK@Z 10015514 f   common-kernel32:MSection.obj
 0001:00014581       ?ThreadTerminated@MSection@@QAEXK@Z 10015581 f   common-kernel32:MSection.obj
 0001:000145a7       ?Unlock@MSection@@IAEXH@Z  100155a7 f   common-kernel32:MSection.obj
 0001:000145e5       ?Unlock@MSectionLock@@QAEXXZ 100155e5 f   common-kernel32:MSection.obj
 0001:00014602       ?WaitUnlocked@MSection@@IAEXKK@Z 10015602 f   common-kernel32:MSection.obj
 0001:0001465d       ?CheckCallbackPtr@@YA_NPAUHINSTANCE__@@IPAP6GHXZHHH@Z 1001565d f   common-kernel32:WModuleCheck.obj
 0001:0001472a       ?IsModuleValid@@YA_NPAUHINSTANCE__@@H@Z 1001572a f   common-kernel32:WModuleCheck.obj
 0001:00014802       ??0MModule@@QAE@PAUHINSTANCE__@@@Z 10015802 f   common-kernel32:MModule.obj
 0001:00014814       ??1MModule@@QAE@XZ         10015814 f   common-kernel32:MModule.obj
 0001:00014819       ?Free@MModule@@QAEXXZ      10015819 f   common-kernel32:MModule.obj
 0001:0001483b       ??0MSectionSimple@@QAE@_N@Z 1001583b f   common-kernel32:MSectionSimple.obj
 0001:00014868       ??1MSectionSimple@@QAE@XZ  10015868 f   common-kernel32:MSectionSimple.obj
 0001:0001486d       ?Close@MSectionSimple@@QAEXXZ 1001586d f   common-kernel32:MSectionSimple.obj
 0001:00014883       ?Enter@MSectionSimple@@QAEXXZ 10015883 f   common-kernel32:MSectionSimple.obj
 0001:0001488b       ?Init@MSectionSimple@@QAEXXZ 1001588b f   common-kernel32:MSectionSimple.obj
 0001:000148a1       ?Leave@MSectionSimple@@QAEXXZ 100158a1 f   common-kernel32:MSectionSimple.obj
 0001:000148a9       ?RecreateAndLock@MSectionSimple@@QAE_NXZ 100158a9 f   common-kernel32:MSectionSimple.obj
 0001:000148f0       ?TryEnter@MSectionSimple@@QAE_NXZ 100158f0 f   common-kernel32:MSectionSimple.obj
 0001:0001490f       ?SetConEmuEnvHWND@@YAXPB_WPAUHWND__@@@Z 1001590f f   common-user32:SetEnvVar.obj
 0001:0001495a       ?SetConEmuEnvVar@@YAXPAUHWND__@@@Z 1001595a f   common-user32:SetEnvVar.obj
 0001:000149c4       ?SetConEmuEnvVarChild@@YAXPAUHWND__@@0@Z 100159c4 f   common-user32:SetEnvVar.obj
 0001:000149e6       ??$wcscpy_add@$0BAF@@@YAHPA_WAAY0BAF@_WPB_W@Z 100159e6 f i common-user32:ConEmuCheckEx.obj
 0001:00014a13       ??$wcscpy_c@$0BAF@@@YAHAAY0BAF@_WPB_W@Z 10015a13 f i common-user32:ConEmuCheckEx.obj
 0001:00014a28       ?FindConEmuBaseDir@@YAHAAY0BAF@_W0PAUHINSTANCE__@@@Z 10015a28 f   common-user32:ConEmuCheckEx.obj
 0001:00014ece       ?IsConEmuExeExist@@YAHPB_WAAY0BAF@_W@Z 10015ece f   common-user32:ConEmuCheckEx.obj
 0001:00014f45       ??$swprintf_c@$0FA@@@YAHAAY0FA@_WPB_WZZ 10015f45 f i common-user32:EmergencyShow.obj
 0001:00014f5b       ?CorrectConsolePos@@YAXPAUHWND__@@@Z 10015f5b f   common-user32:EmergencyShow.obj
 0001:00015030       ?EmergencyShow@@YAXPAUHWND__@@HH@Z 10016030 f   common-user32:EmergencyShow.obj
 0001:00015121       ?EvaluateDefaultFontWidth@@YAHHPB_W@Z 10016121 f   common-user32:EmergencyShow.obj
 0001:00015211       ?SetUserFriendlyFont@@YAXPAUHWND__@@HH@Z 10016211 f   common-user32:EmergencyShow.obj
 0001:000155a4       ??0MSetter@@QAE@PAJ@Z      100165a4 f   common-user32:MSetter.obj
 0001:000155c8       ??1MSetter@@QAE@XZ         100165c8 f   common-user32:MSetter.obj
 0001:000155cd       ?Unlock@MSetter@@QAEXXZ    100165cd f   common-user32:MSetter.obj
 0001:00015628       ?IsDotsName@@YA_NPB_W@Z    10016628 f   common-user32:WFiles.obj
 0001:00015658       ?SearchAppPaths@@YA_NPB_WAAUCEStr@@_NPAVCEnvRestorer@@@Z 10016658 f   common-user32:WFiles.obj
 0001:000159b6       ??1ConsoleSectionHelper@@QAE@XZ 100169b6 f i common-user32:WConsoleEx.obj
 0001:000159de       ?CreateConsoleData@ConsoleSectionHelper@@QAEPAUCONSOLE_INFO@@XZ 100169de f i common-user32:WConsoleEx.obj
 0001:00015a03       ?CreateConsoleSection@ConsoleSectionHelper@@QAEPAXXZ 10016a03 f i common-user32:WConsoleEx.obj
 0001:00015a24       ?GetConsoleSizeInfo@@YAXPAUCONSOLE_INFO@@@Z 10016a24 f   common-user32:WConsoleEx.obj
 0001:00015a96       ?SetConsoleFontSizeTo@@YAXPAUHWND__@@HHPB_WGG@Z 10016a96 f   common-user32:WConsoleEx.obj
 0001:00015db3       ?SetConsoleInfo@@YAHPAUHWND__@@PAUCONSOLE_INFO@@@Z 10016db3 f   common-user32:WConsoleEx.obj
 0001:00015f77       ?SetEnvVarExpanded@@YAXPB_W0@Z 10016f77 f   common-user32:WUser.obj
 0001:00016023       ?UpdateComspec@@YAXPAUConEmuComspec@@_N@Z 10017023 f   common-user32:WUser.obj
 0001:00016236       ?apiShowWindow@@YA_NPAUHWND__@@H@Z 10017236 f   common-user32:WUser.obj
 0001:0001624c       ?apiShowWindowAsync@@YA_NPAUHWND__@@H@Z 1001724c f   common-user32:WUser.obj
 0001:00016262       ?FindMonitorsWorkspace@@YGHPAUHMONITOR__@@PAUHDC__@@PAUtagRECT@@J@Z 10017262 f   common-user32:Monitors.obj
 0001:0001629b       ?GetAllMonitorsWorkspace@@YA?AUtagRECT@@XZ 1001729b f   common-user32:Monitors.obj
 0001:000162eb       ??0exception@std@@QAE@QBD@Z 100172eb f i libcpmt:xthrow.obj
 0001:00016320       ??0length_error@std@@QAE@ABV01@@Z 10017320 f i libcpmt:xthrow.obj
 0001:0001633b       ??0length_error@std@@QAE@PBD@Z 1001733b f i libcpmt:xthrow.obj
 0001:0001635a       ??0logic_error@std@@QAE@ABV01@@Z 1001735a f i libcpmt:xthrow.obj
 0001:00016375       ?_Xlength_error@std@@YAXPBD@Z 10017375 f   libcpmt:xthrow.obj
 0001:00016395       @__security_check_cookie@4 10017395 f   LIBCMT:secchk.obj
 0001:000163a6       ??3@YAXPAXI@Z              100173a6 f   LIBCMT:delete_scalar_size.obj
 0001:000163b4       __EH_epilog3               100173b4 f   LIBCMT:ehprolg3.obj
 0001:000163c9       __EH_epilog3_GS            100173c9 f   LIBCMT:ehprolg3.obj
 0001:000163da       __EH_prolog3               100173da f   LIBCMT:ehprolg3.obj
 0001:0001640e       __EH_prolog3_GS            1001740e f   LIBCMT:ehprolg3.obj
 0001:00016445       __EH_prolog3_catch         10017445 f   LIBCMT:ehprolg3.obj
 0001:00016480       __alloca_probe             10017480 f   LIBCMT:chkstk.obj
 0001:00016480       __chkstk                   10017480 f   LIBCMT:chkstk.obj
 0001:000164b0       __aullshr                  100174b0 f   LIBCMT:ullshr.obj
 0001:000164cf       ??_Etype_info@@UAEPAXI@Z   100174cf f i LIBCMT:std_type_info_static.obj
 0001:000164cf       ??_Gtype_info@@UAEPAXI@Z   100174cf f i LIBCMT:std_type_info_static.obj
 0001:00016519       ??$__crt_fast_encode_pointer@PAX@@YAPAXQAX@Z 10017519 f i libvcruntime:winapi_downlevel.obj
 0001:00016519       ??$__crt_fast_encode_pointer@PAP6AXXZ@@YAPAP6AXXZQAP6AXXZ@Z 10017519 f i LIBCMT:utility.obj
 0001:00016519       ??$__crt_fast_encode_pointer@P6GXPAU_RTL_CONDITION_VARIABLE@@@Z@@YAP6GXPAU_RTL_CONDITION_VARIABLE@@@ZQ6GX0@Z@Z 10017519 f i LIBCMT:thread_safe_statics.obj
 0001:00016519       ??$__crt_fast_encode_pointer@P6GHPAU_RTL_CONDITION_VARIABLE@@PAU_RTL_CRITICAL_SECTION@@K@Z@@YAP6GHPAU_RTL_CONDITION_VARIABLE@@PAU_RTL_CRITICAL_SECTION@@K@ZQ6GH01K@Z@Z 10017519 f i LIBCMT:thread_safe_statics.obj
 0001:00016641       __Init_thread_footer       10017641 f   LIBCMT:thread_safe_statics.obj
 0001:0001668b       __Init_thread_header       1001768b f   LIBCMT:thread_safe_statics.obj
 0001:000166dd       __Init_thread_notify       100176dd f   LIBCMT:thread_safe_statics.obj
 0001:0001671f       __Init_thread_wait         1001771f f   LIBCMT:thread_safe_statics.obj
 0001:00016a9f       __DllMainCRTStartup@12     10017a9f f   LIBCMT:dll_dllmain.obj
 0001:00016ad0       __SEH_prolog4              10017ad0 f   LIBCMT:sehprolg4.obj
 0001:00016b16       __SEH_epilog4              10017b16 f   LIBCMT:sehprolg4.obj
 0001:00016b6f       ___scrt_acquire_startup_lock 10017b6f f   LIBCMT:utility.obj
 0001:00016ba1       ___scrt_dllmain_after_initialize_c 10017ba1 f   LIBCMT:utility.obj
 0001:00016bcc       ___scrt_dllmain_before_initialize_c 10017bcc f   LIBCMT:utility.obj
 0001:00016bda       ___scrt_dllmain_crt_thread_attach 10017bda f   LIBCMT:utility.obj
 0001:00016bf9       ___scrt_dllmain_crt_thread_detach 10017bf9 f   LIBCMT:utility.obj
 0001:00016c06       ___scrt_dllmain_exception_filter 10017c06 f   LIBCMT:utility.obj
 0001:00016c3a       ___scrt_dllmain_uninitialize_c 10017c3a f   LIBCMT:utility.obj
 0001:00016c5d       ___scrt_dllmain_uninitialize_critical 10017c5d f   LIBCMT:utility.obj
 0001:00016c6a       ___scrt_initialize_crt     10017c6a f   LIBCMT:utility.obj
 0001:00016ca3       ___scrt_initialize_onexit_tables 10017ca3 f   LIBCMT:utility.obj
 0001:00016d48       ___scrt_is_nonwritable_in_current_image 10017d48 f   LIBCMT:utility.obj
 0001:00016ddc       ___scrt_release_startup_lock 10017ddc f   LIBCMT:utility.obj
 0001:00016df9       ___scrt_uninitialize_crt   10017df9 f   LIBCMT:utility.obj
 0001:00016e21       __onexit                   10017e21 f   LIBCMT:utility.obj
 0001:00016e5c       _atexit                    10017e5c f   LIBCMT:utility.obj
 0001:00016e71       ___raise_securityfailure   10017e71 f   LIBCMT:gs_report.obj
 0001:00016e99       ___report_gsfailure        10017e99 f   LIBCMT:gs_report.obj
 0001:00016f92       ___scrt_fastfail           10017f92 f   LIBCMT:utility_desktop.obj
 0001:000170ac       __crt_debugger_hook        100180ac f   LIBCMT:utility_desktop.obj
 0001:00017101       ___security_init_cookie    10018101 f   LIBCMT:gs_support.obj
 0001:0001714c       ?__scrt_initialize_type_info@@YAXXZ 1001814c f   LIBCMT:tncleanup.obj
 0001:00017158       ?__scrt_uninitialize_type_info@@YAXXZ 10018158 f   LIBCMT:tncleanup.obj
 0001:00017164       ___local_stdio_scanf_options 10018164 f i LIBCMT:default_local_stdio_options.obj
 0001:0001716a       ___scrt_initialize_default_local_stdio_options 1001816a f   LIBCMT:default_local_stdio_options.obj
 0001:00017187       ___scrt_get_dyn_tls_init_callback 10018187 f   LIBCMT:dyn_tls_init.obj
 0001:0001718d       __RTC_Initialize           1001818d f   LIBCMT:initsect.obj
 0001:000171b9       __RTC_Terminate            100181b9 f   LIBCMT:initsect.obj
 0001:000171e5       ___isa_available_init      100181e5 f   LIBCMT:cpu_disp.obj
 0001:0001737c       ___scrt_is_ucrt_dll_in_use 1001837c f   LIBCMT:ucrt_detection.obj
 0001:00017388       ?GetRangeOfTrysToCheck@__FrameHandler3@@SA?AU?$pair@Viterator@TryBlockMap@__FrameHandler3@@V123@@std@@AAVTryBlockMap@1@HH@Z 10018388 f   libvcruntime:trnsctrl.obj
 0001:0001740a       ?_CallCatchBlock2@@YAPAXPAUEHRegistrationNode@@PBU_s_FuncInfo@@PAXHK@Z 1001840a f   libvcruntime:trnsctrl.obj
 0001:00017468       ?_CallSETranslator@@YAHPAUEHExceptionRecord@@PAUEHRegistrationNode@@PAX2PBU_s_FuncInfo@@H1@Z 10018468 f   libvcruntime:trnsctrl.obj
 0001:00017543       ?_JumpToContinuation@@YGXPAXPAUEHRegistrationNode@@@Z 10018543 f   libvcruntime:trnsctrl.obj
 0001:00017573       ?_UnwindNestedFrames@@YGXPAUEHRegistrationNode@@PAUEHExceptionRecord@@@Z 10018573 f   libvcruntime:trnsctrl.obj
 0001:000175c6       __CatchGuardHandler        100185c6 f   libvcruntime:trnsctrl.obj
 0001:000175f7       __CreateFrameInfo          100185f7 f   libvcruntime:trnsctrl.obj
 0001:0001761b       __FindAndUnlinkFrame       1001861b f   libvcruntime:trnsctrl.obj
 0001:00017660       __TranslatorGuardHandler   10018660 f   libvcruntime:trnsctrl.obj
 0001:000176fd       ___CxxFrameHandler3        100186fd f   libvcruntime:trnsctrl.obj
 0001:00017733       _wcschr                    10018733 f   libvcruntime:wcschr.obj
 0001:000177fa       _wcsstr                    100187fa f   libvcruntime:wcsstr.obj
 0001:00017a80       _memmove                   10018a80 f   libvcruntime:memmove.obj
 0001:00018000       _memset                    10019000 f   libvcruntime:memset.obj
 0001:0001815a       ___DestructExceptionObject 1001915a f   libvcruntime:ehhelpers.obj
 0001:000181fa       ?_CallMemberFunction0@@YGXQAX0@Z 100191fa f i libvcruntime:ehhelpers.obj
 0001:00018207       __IsExceptionObjectToBeDestroyed 10019207 f   libvcruntime:ehhelpers.obj
 0001:0001822d       ___AdjustPointer           1001922d f   libvcruntime:ehhelpers.obj
 0001:00018252       ___FrameUnwindFilter       10019252 f   libvcruntime:ehhelpers.obj
 0001:00018297       ___std_terminate           10019297 f   libvcruntime:ehhelpers.obj
 0001:0001829c       ___std_exception_copy      1001929c f   libvcruntime:std_exception.obj
 0001:000182ff       ___std_exception_destroy   100192ff f   libvcruntime:std_exception.obj
 0001:0001831e       __CxxThrowException@8      1001931e f   libvcruntime:throw.obj
 0001:0001838b       __get_purecall_handler     1001938b f   libvcruntime:purevirt.obj
 0001:000183a0       __purecall                 100193a0 f   libvcruntime:purevirt.obj
 0001:000183bc       _wcsrchr                   100193bc f   libvcruntime:wcsrchr.obj
 0001:00018460       _memcpy                    10019460 f   libvcruntime:memcpy.obj
 0001:000189e0       _strrchr                   100199e0 f   libvcruntime:strrchr.obj
 0001:00018b20       _strchr                    10019b20 f   libvcruntime:strchr.obj
 0001:00018b8e       ___from_strstr_to_strchr   10019b8e     libvcruntime:strchr.obj
 0001:00018c90       __except_handler4          10019c90 f   libvcruntime:chandler4.obj
 0001:00018de7       ___vcrt_initialize         10019de7 f   libvcruntime:initialization.obj
 0001:00018e10       ___vcrt_thread_attach      10019e10 f   libvcruntime:initialization.obj
 0001:00018e1b       ___vcrt_thread_detach      10019e1b f   libvcruntime:initialization.obj
 0001:00018e26       ___vcrt_uninitialize       10019e26 f   libvcruntime:initialization.obj
 0001:00018e45       ___vcrt_uninitialize_critical 10019e45 f   libvcruntime:initialization.obj
 0001:00018e4d       ___std_type_info_compare   10019e4d f   libvcruntime:std_type_info.obj
 0001:00018e89       ___std_type_info_destroy_list 10019e89 f   libvcruntime:std_type_info.obj
 0001:00018eac       ___vcrt_freefls@4          10019eac f   libvcruntime:per_thread_data.obj
 0001:00018ec8       ___vcrt_freeptd            10019ec8 f   libvcruntime:per_thread_data.obj
 0001:00018efe       ___vcrt_getptd             10019efe f   libvcruntime:per_thread_data.obj
 0001:00018f0c       ___vcrt_getptd_noexit      10019f0c f   libvcruntime:per_thread_data.obj
 0001:00018f9e       ___vcrt_initialize_ptd     10019f9e f   libvcruntime:per_thread_data.obj
 0001:00018fd1       ___vcrt_uninitialize_ptd   10019fd1 f   libvcruntime:per_thread_data.obj
 0001:000196e3       ??$TypeMatchHelper@V__FrameHandler3@@@@YAHPBU_s_HandlerType@@PBU_s_CatchableType@@PBU_s_ThrowInfo@@@Z 1001a6e3 f i libvcruntime:frame.obj
 0001:00019771       ??$__InternalCxxFrameHandler@V__FrameHandler3@@@@YA?AW4_EXCEPTION_DISPOSITION@@PAUEHExceptionRecord@@PAUEHRegistrationNode@@PAU_CONTEXT@@PAXPBU_s_FuncInfo@@H1E@Z 1001a771 f i libvcruntime:frame.obj
 0001:00019873       ??0bad_exception@std@@QAE@ABV01@@Z 1001a873 f i libvcruntime:frame.obj
 0001:0001988e       ??0bad_exception@std@@QAE@XZ 1001a88e f i libvcruntime:frame.obj
 0001:000198a6       ??8type_info@@QBE_NABV0@@Z 1001a8a6 f i libvcruntime:frame.obj
 0001:00019b0d       ?FrameUnwindToEmptyState@__FrameHandler3@@SAXPAUEHRegistrationNode@@PAXPBU_s_FuncInfo@@@Z 1001ab0d f   libvcruntime:frame.obj
 0001:00019b25       ?FrameUnwindToState@__FrameHandler3@@SAXPAUEHRegistrationNode@@PAXPBU_s_FuncInfo@@H@Z 1001ab25 f   libvcruntime:frame.obj
 0001:00019ca7       ?_CallMemberFunction1@@YGXQAX00@Z 1001aca7 f i libvcruntime:frame.obj
 0001:00019cb7       ?_CallMemberFunction2@@YGXQAX00H@Z 1001acb7 f i libvcruntime:frame.obj
 0001:00019cca       ?getESTypes@__FrameHandler3@@SAPBU_s_ESTypeList@@PBU_s_FuncInfo@@@Z 1001acca f i libvcruntime:frame.obj
 0001:00019ce0       __CallSettingFrame@12      1001ace0 f   libvcruntime:lowhelpr.obj
 0001:00019d07       __NLG_Return               1001ad07     libvcruntime:lowhelpr.obj
 0001:00019d2c       ___except_validate_context_record 1001ad2c f   libvcruntime:jbcxrval.obj
 0001:00019d5c       ___except_validate_jump_buffer 1001ad5c f   libvcruntime:jbcxrval.obj
 0001:00019d89       ___vcrt_initialize_pure_virtual_call_handler 1001ad89 f   libvcruntime:purevirt_data.obj
 0001:00019da0       __local_unwind4            1001ada0 f   libvcruntime:exsup4.obj
 0001:00019e78       __seh_longjmp_unwind4@4    1001ae78 f   libvcruntime:exsup4.obj
 0001:00019ea0       @_EH4_CallFilterFunc@8     1001aea0 f   libvcruntime:exsup4.obj
 0001:00019eb8       @_EH4_TransferToHandler@8  1001aeb8 f   libvcruntime:exsup4.obj
 0001:00019ed4       @_EH4_GlobalUnwind2@8      1001aed4 f   libvcruntime:exsup4.obj
 0001:00019ef0       @_EH4_LocalUnwind@16       1001aef0 f   libvcruntime:exsup4.obj
 0001:00019f07       ___vcrt_initialize_locks   1001af07 f   libvcruntime:locks.obj
 0001:00019f43       ___vcrt_uninitialize_locks 1001af43 f   libvcruntime:locks.obj
 0001:0001a0a5       ___vcrt_FlsAlloc           1001b0a5 f   libvcruntime:winapi_downlevel.obj
 0001:0001a0e0       ___vcrt_FlsFree            1001b0e0 f   libvcruntime:winapi_downlevel.obj
 0001:0001a11b       ___vcrt_FlsGetValue        1001b11b f   libvcruntime:winapi_downlevel.obj
 0001:0001a156       ___vcrt_FlsSetValue        1001b156 f   libvcruntime:winapi_downlevel.obj
 0001:0001a194       ___vcrt_InitializeCriticalSectionEx 1001b194 f   libvcruntime:winapi_downlevel.obj
 0001:0001a1db       ___vcrt_initialize_winapi_thunks 1001b1db f   libvcruntime:winapi_downlevel.obj
 0001:0001a204       ___vcrt_uninitialize_winapi_thunks 1001b204 f   libvcruntime:winapi_downlevel.obj
 0001:0001a236       _unexpected                1001b236 f   libvcruntime:unexpected.obj
 0001:0001a253       ?GetCurrentState@__FrameHandler3@@SAHPAUEHRegistrationNode@@PAXPBU_s_FuncInfo@@@Z 1001b253 f   libvcruntime:ehstate.obj
 0001:0001a270       ?SetState@__FrameHandler3@@SAXPAUEHRegistrationNode@@PBU_s_FuncInfo@@H@Z 1001b270 f   libvcruntime:ehstate.obj
 0001:0001a280       __global_unwind2           1001b280 f   libvcruntime:exsup.obj
 0001:0001a2e6       __local_unwind2            1001b2e6 f   libvcruntime:exsup.obj
 0001:0001a36a       __abnormal_termination     1001b36a f   libvcruntime:exsup.obj
 0001:0001a390       __NLG_Notify1              1001b390 f   libvcruntime:exsup.obj
 0001:0001a39c       __NLG_Notify               1001b39c f   libvcruntime:exsup.obj
 0001:0001a3b3       __NLG_Dispatch2            1001b3b3     libvcruntime:exsup.obj
 0001:0001a3b3       __NLG_Dispatch             1001b3b3     libvcruntime:exsup.obj
 0001:0001a3bb       __NLG_Call                 1001b3bb f   libvcruntime:exsup.obj
 0001:0001a3bd       __NLG_Return2              1001b3bd     libvcruntime:exsup.obj
 0001:0001a6bf       ??$count@D@formatting_buffer@__crt_stdio_output@@QBEIXZ 1001b6bf f i libucrt:output.obj
 0001:0001a6d7       ??$ensure_buffer_is_big_enough@D@formatting_buffer@__crt_stdio_output@@QAE_NI@Z 1001b6d7 f i libucrt:output.obj
 0001:0001a75d       ??$is_wide_character_specifier@D@__crt_stdio_output@@YA_N_KDW4length_modifier@0@@Z 1001b75d f i libucrt:output.obj
 0001:0001a79d       ??$is_wide_character_specifier@_W@__crt_stdio_output@@YA_N_K_WW4length_modifier@0@@Z 1001b79d f i libucrt:output.obj
 0001:0001a7ec       ??$scratch_data@D@formatting_buffer@__crt_stdio_output@@QAEPADXZ 1001b7ec f i libucrt:output.obj
 0001:0001a80a       ??$type_case_integer_parse_into_buffer@I@?$output_processor@_WV?$string_output_adapter@_W@__crt_stdio_output@@V?$standard_base@_WV?$string_output_adapter@_W@__crt_stdio_output@@@2@@__crt_stdio_output@@AAEXII_N@Z 1001b80a f i libucrt:output.obj
 0001:0001a80a       ??$type_case_integer_parse_into_buffer@I@?$output_processor@DV?$string_output_adapter@D@__crt_stdio_output@@V?$standard_base@DV?$string_output_adapter@D@__crt_stdio_output@@@2@@__crt_stdio_output@@AAEXII_N@Z 1001b80a f i libucrt:output.obj
[...]
 0002:0000a39c       __ehfuncinfo$?PlugServerCommand@@YGHPAXPAUCESERVER_REQ@@AAPAU1@AAK3J@Z 1003439c     PluginSrv.obj
 0002:0000a3c0       __sehtable$?SetThreadName@@YAXKPAD@Z 100343c0     common-kernel32:WThreads.obj
 0002:0000a430       __unwindtable$?FindConEmuBaseDir@@YAHAAY0BAF@_W0PAUHINSTANCE__@@@Z 10034430     common-user32:ConEmuCheckEx.obj
 0002:0000a440       __ehfuncinfo$?FindConEmuBaseDir@@YAHAAY0BAF@_W0PAUHINSTANCE__@@@Z 10034440     common-user32:ConEmuCheckEx.obj
 0002:0000a464       __unwindtable$?SearchAppPaths@@YA_NPB_WAAUCEStr@@_NPAVCEnvRestorer@@@Z 10034464     common-user32:WFiles.obj
 0002:0000a46c       __ehfuncinfo$?SearchAppPaths@@YA_NPB_WAAUCEStr@@_NPAVCEnvRestorer@@@Z 1003446c     common-user32:WFiles.obj
 0002:0000a4e8       __sehtable$?dllmain_crt_process_attach@@YAHQAUHINSTANCE__@@QAX@Z 100344e8     LIBCMT:dll_dllmain.obj
 0002:0000a508       __sehtable$?dllmain_crt_process_detach@@YAH_N@Z 10034508     LIBCMT:dll_dllmain.obj
 0002:0000a528       __sehtable$?dllmain_dispatch@@YAHQAUHINSTANCE__@@KQAX@Z 10034528     LIBCMT:dll_dllmain.obj
 0002:0000a548       __sehtable$___scrt_is_nonwritable_in_current_image 10034548     LIBCMT:utility.obj
 0002:0000a568       __sehtable$___DestructExceptionObject 10034568     libvcruntime:ehhelpers.obj
 0002:0000a588       __sehtable$?FrameUnwindToState@__FrameHandler3@@SAXPAUEHRegistrationNode@@PAXPBU_s_FuncInfo@@H@Z 10034588     libvcruntime:frame.obj
 0002:0000a5b0       __sehtable$?CallCatchBlock@@YAPAXPAUEHExceptionRecord@@PAUEHRegistrationNode@@PAU_CONTEXT@@PBU_s_FuncInfo@@PAXHK@Z 100345b0     libvcruntime:frame.obj
 0002:0000a5d8       __catchsym$?CallUnexpected@@YAXPBU_s_ESTypeList@@@Z$2 100345d8     libvcruntime:frame.obj
 0002:0000a5e8       __unwindtable$?CallUnexpected@@YAXPBU_s_ESTypeList@@@Z 100345e8     libvcruntime:frame.obj
 0002:0000a5f8       __tryblocktable$?CallUnexpected@@YAXPBU_s_ESTypeList@@@Z 100345f8     libvcruntime:frame.obj
 0002:0000a60c       __ehfuncinfo$?CallUnexpected@@YAXPBU_s_ESTypeList@@@Z 1003460c     libvcruntime:frame.obj
 0002:0000a630       __sehtable$??$BuildCatchObjectHelperInternal@V__FrameHandler3@@@@YAHPAUEHExceptionRecord@@PAXPBU_s_HandlerType@@PBU_s_CatchableType@@@Z 10034630     libvcruntime:frame.obj
 0002:0000a650       __sehtable$??$BuildCatchObjectInternal@V__FrameHandler3@@@@YAXPAUEHExceptionRecord@@PAXPBU_s_HandlerType@@PBU_s_CatchableType@@@Z 10034650     libvcruntime:frame.obj
 0002:0000a6a8       __sehtable$?common_exit@@YAXHW4_crt_exit_cleanup_mode@@W4_crt_exit_return_mode@@@Z 100346a8     libucrt:exit.obj
 0002:0000a6d0       __sehtable$??$?RV<lambda_800076c951b434888f4765a74a194fcc>@@AAV<lambda_4e60a939b0d047cfe11ddc22648dfba9>@@V<lambda_6dbb1268764f43b569ce7b67e331d33a>@@@?$__crt_seh_guarded_call@H@@QAEH$$QAV<lambda_800076c951b434888f4765a74a194fcc>@@AAV<lambda_4e60a939b0d047cfe11ddc22648dfba9>@@$$QAV<lambda_6dbb1268764f43b569ce7b67e331d33a>@@@Z 100346d0     libucrt:onexit.obj
 0002:0000a6f0       __sehtable$??$?RV<lambda_995298e7d72eb4c2aab26c0585b3abe5>@@AAV<lambda_275893d493268fdec8709772e3fcec0e>@@V<lambda_293819299cbf9a7022e18b56a874bb5c>@@@?$__crt_seh_guarded_call@H@@QAEH$$QAV<lambda_995298e7d72eb4c2aab26c0585b3abe5>@@AAV<lambda_275893d493268fdec8709772e3fcec0e>@@$$QAV<lambda_293819299cbf9a7022e18b56a874bb5c>@@@Z 100346f0     libucrt:onexit.obj
 0002:0000a710       __sehtable$_terminate      10034710     libucrt:terminate.obj
 0002:0000a730       __sehtable$??$?RV<lambda_9df27f884b057bc3edfc946cb5b7cf47>@@AAV<lambda_e69574bed617af4e071282c136b37893>@@V<lambda_cc0d902bcbbeb830f749456577db4721>@@@?$__crt_seh_guarded_call@X@@QAEX$$QAV<lambda_9df27f884b057bc3edfc946cb5b7cf47>@@AAV<lambda_e69574bed617af4e071282c136b37893>@@$$QAV<lambda_cc0d902bcbbeb830f749456577db4721>@@@Z 10034730     libucrt:per_thread_data.obj
 0002:0000a750       __sehtable$??$?RV<lambda_3518db117f0e7cdb002338c5d3c47b6c>@@AAV<lambda_b2ea41f6bbb362cd97d94c6828d90b61>@@V<lambda_abdedf541bb04549bc734292b4a045d4>@@@?$__crt_seh_guarded_call@X@@QAEX$$QAV<lambda_3518db117f0e7cdb002338c5d3c47b6c>@@AAV<lambda_b2ea41f6bbb362cd97d94c6828d90b61>@@$$QAV<lambda_abdedf541bb04549bc734292b4a045d4>@@@Z 10034750     libucrt:per_thread_data.obj
 0002:0000a770       __sehtable$??$?RV<lambda_51b6e8b1eb166f2a3faf91f424b38130>@@AAV<lambda_6250bd4b2a391816dd638c3bf72b0bcb>@@V<lambda_0b5a4a3e68152e1d9b943535f5f47bed>@@@?$__crt_seh_guarded_call@X@@QAEX$$QAV<lambda_51b6e8b1eb166f2a3faf91f424b38130>@@AAV<lambda_6250bd4b2a391816dd638c3bf72b0bcb>@@$$QAV<lambda_0b5a4a3e68152e1d9b943535f5f47bed>@@@Z 10034770     libucrt:per_thread_data.obj
 0002:0000a790       __sehtable$??$?RV<lambda_5b71d36f03204c0beab531769a5b5694>@@AAV<lambda_be2b3da3f62db62e9dad5dc70221a656>@@V<lambda_8f9ce462984622f9bf76b59e2aaaf805>@@@?$__crt_seh_guarded_call@X@@QAEX$$QAV<lambda_5b71d36f03204c0beab531769a5b5694>@@AAV<lambda_be2b3da3f62db62e9dad5dc70221a656>@@$$QAV<lambda_8f9ce462984622f9bf76b59e2aaaf805>@@@Z 10034790     libucrt:per_thread_data.obj
 0002:0000a7b0       __sehtable$___acrt_uninitialize_locale 100347b0     libucrt:wsetlocale.obj
 0002:0000a7d0       __sehtable$___acrt_initialize_lowio 100347d0     libucrt:ioinit.obj
 0002:0000a7f0       __sehtable$___acrt_update_thread_multibyte_data 100347f0     libucrt:mbctype.obj
 0002:0000a810       __sehtable$??$?RV<lambda_978dc153c237d78434369da87b74ff60>@@AAV<lambda_ad1ced32f4ac17aa236e5ef05d6b3b7c>@@V<lambda_4a8533e2866a575feecb8298ce776b0d>@@@?$__crt_seh_guarded_call@X@@QAEX$$QAV<lambda_978dc153c237d78434369da87b74ff60>@@AAV<lambda_ad1ced32f4ac17aa236e5ef05d6b3b7c>@@$$QAV<lambda_4a8533e2866a575feecb8298ce776b0d>@@@Z 10034810     libucrt:mbctype.obj
 0002:0000a830       __sehtable$__query_new_handler 10034830     libucrt:new_handler.obj
 0002:0000a850       __sehtable$_raise          10034850     libucrt:signal.obj
 0002:0000a870       __sehtable$??$?RV<lambda_a048d3beccc847880fc8490e18b82769>@@AAV<lambda_ec61778202f4f5fc7e7711acc23c3bca>@@V<lambda_f7496a158712204296dd6628a163878e>@@@?$__crt_seh_guarded_call@P6AXH@Z@@QAEP6AXH@Z$$QAV<lambda_a048d3beccc847880fc8490e18b82769>@@AAV<lambda_ec61778202f4f5fc7e7711acc23c3bca>@@$$QAV<lambda_f7496a158712204296dd6628a163878e>@@@Z 10034870     libucrt:signal.obj
 0002:0000a890       __sehtable$___acrt_update_thread_locale_data 10034890     libucrt:locale_refcounting.obj
 0002:0000a8b0       __sehtable$__fcloseall     100348b0     libucrt:closeall.obj
 0002:0000a8d0       __sehtable$_common_flush_all 100348d0     libucrt:fflush.obj
 0002:0000a8f8       __sehtable$___acrt_lowio_ensure_fh_exists 100348f8     libucrt:osfinfo.obj
 0002:0000a918       __sehtable$__write         10034918     libucrt:write.obj
 0002:0000a938       __sehtable$_fclose         10034938     libucrt:fclose.obj
 0002:0000a958       __sehtable$??$?RV<lambda_61cee617f5178ae960314fd4d05640a0>@@AAV<lambda_6978c1fb23f02e42e1d9e99668cc68aa>@@V<lambda_9cd88cf8ad10232537feb2133f08c833>@@@?$__crt_seh_guarded_call@H@@QAEH$$QAV<lambda_61cee617f5178ae960314fd4d05640a0>@@AAV<lambda_6978c1fb23f02e42e1d9e99668cc68aa>@@$$QAV<lambda_9cd88cf8ad10232537feb2133f08c833>@@@Z 10034958     libucrt:commit.obj
 0002:0000a978       __sehtable$??$?RV<lambda_123407a5e2ac06da108355a851863b7a>@@AAV<lambda_2fe9b910cf3cbf4a0ab98a02ba45b3ec>@@V<lambda_ae55bdf541ad94d75914d381c370e64d>@@@?$__crt_seh_guarded_call@H@@QAEH$$QAV<lambda_123407a5e2ac06da108355a851863b7a>@@AAV<lambda_2fe9b910cf3cbf4a0ab98a02ba45b3ec>@@$$QAV<lambda_ae55bdf541ad94d75914d381c370e64d>@@@Z 10034978     libucrt:close.obj
 0002:0000a998       __sehtable$__IsNonwritableInCurrentImage 10034998     LIBCMT:pesect.obj
 0002:0000a9c0       .edata                     100349c0     ConEmu.exp
 0002:0000a9e8       rgpv                       100349e8     ConEmu.exp
 0002:0000aa54       rgszName                   10034a54     ConEmu.exp
 0002:0000aac0       rgwOrd                     10034ac0     ConEmu.exp
 0002:0000aaf6       szName                     10034af6     ConEmu.exp
 0002:0000ab01       $N00001                    10034b01     ConEmu.exp
 0002:0000ab11       $N00002                    10034b11     ConEmu.exp
 0002:0000ab19       $N00003                    10034b19     ConEmu.exp
 0002:0000ab25       $N00004                    10034b25     ConEmu.exp
 0002:0000ab30       $N00005                    10034b30     ConEmu.exp
 0002:0000ab3e       $N00006                    10034b3e     ConEmu.exp
 0002:0000ab4f       $N00007                    10034b4f     ConEmu.exp
 0002:0000ab5d       $N00008                    10034b5d     ConEmu.exp
 0002:0000ab6c       $N00009                    10034b6c     ConEmu.exp
 0002:0000ab7c       $N00010                    10034b7c     ConEmu.exp
 0002:0000ab87       $N00011                    10034b87     ConEmu.exp
 0002:0000ab8d       $N00012                    10034b8d     ConEmu.exp
 0002:0000aba0       $N00013                    10034ba0     ConEmu.exp
 0002:0000abb3       $N00014                    10034bb3     ConEmu.exp
 0002:0000abc6       $N00015                    10034bc6     ConEmu.exp
 0002:0000abd9       $N00016                    10034bd9     ConEmu.exp
 0002:0000abeb       $N00017                    10034beb     ConEmu.exp
 0002:0000abfa       $N00018                    10034bfa     ConEmu.exp
 0002:0000ac06       $N00019                    10034c06     ConEmu.exp
 0002:0000ac0f       $N00020                    10034c0f     ConEmu.exp
 0002:0000ac1e       $N00021                    10034c1e     ConEmu.exp
 0002:0000ac30       $N00022                    10034c30     ConEmu.exp
 0002:0000ac3c       $N00023                    10034c3c     ConEmu.exp
 0002:0000ac50       $N00024                    10034c50     ConEmu.exp
 0002:0000ac64       $N00025                    10034c64     ConEmu.exp
 0002:0000ac79       $N00026                    10034c79     ConEmu.exp
 0002:0000ac8d       $N00027                    10034c8d     ConEmu.exp
 0002:0000b08e       .idata$6                   1003508e     version:VERSION.dll
 0002:0000b5e8       .idata$6                   100355e8     kernel32:KERNEL32.dll
 0002:0000b6f4       .idata$6                   100356f4     user32:USER32.dll
 0002:0000b794       .idata$6                   10035794     gdi32:GDI32.dll
 0002:0000b7d0       .idata$6                   100357d0     advapi32:ADVAPI32.dll
 0003:00000100       ?rc@?CE@??Open@CPluginW2800@@UAEPAXPBX@Z@4UFarMacroCall@@A 10036100     ConEmuPlugin2800.obj
 0003:00000118       ?val@?CE@??Open@CPluginW2800@@UAEPAXPBX@Z@4UFarMacroValue@@A 10036118     ConEmuPlugin2800.obj
 0003:00000250       ?__vcrt_flsindex@@3KA      10036250     libvcruntime:per_thread_data.obj
 0003:00000270       _errno_no_memory           10036270     libucrt:errno.obj
 0003:00000274       _doserrno_no_memory        10036274     libucrt:errno.obj
 0003:00000280       ___acrt_flsindex           10036280     libucrt:per_thread_data.obj
 0003:000003f8       ___rgctypeflag             100363f8     libucrt:mbctype.obj
 0003:00000400       ___rgcode_page_info        10036400     libucrt:mbctype.obj
 0003:00000be8       ?store@?M@??GetPanelInfo@CPluginW1900@@UAE_NKPAUCEPanelInfo@@@Z@4UPanelInfo@@A 10036be8     ConEmuPlugin1900.obj
 0003:00000c38       ?szMenu@?1??GetPluginInfoPtr@CPluginW1900@@UAEXPAX@Z@4PAPA_WA 10036c38     ConEmuPlugin1900.obj
 0003:00000c40       ?szMenu1@?1??GetPluginInfoPtr@CPluginW1900@@UAEXPAX@Z@4PA_WA 10036c40     ConEmuPlugin1900.obj
 0003:00000e40       ?WLastActive@?1??UpdateConEmuTabsApi@CPluginW1900@@UAE_NH@Z@4UWindowInfo@@A 10036e40     ConEmuPlugin1900.obj
 0003:00000e70       ?pwList@@3PAV?$MArray@UWindowInfo@@@@A 10036e70     ConEmuPlugin2800.obj
 0003:00000e78       ?store@?M@??GetPanelInfo@CPluginW2800@@UAE_NKPAUCEPanelInfo@@@Z@4UPanelInfo@@A 10036e78     ConEmuPlugin2800.obj
 0003:00000ec8       ?szMenu@?1??GetPluginInfoPtr@CPluginW2800@@UAEXPAX@Z@4PAPA_WA 10036ec8     ConEmuPlugin2800.obj
 0003:00000ed0       ?szMenu1@?1??GetPluginInfoPtr@CPluginW2800@@UAEXPAX@Z@4PA_WA 10036ed0     ConEmuPlugin2800.obj
 0003:000010d0       ?WLastActive@?1??UpdateConEmuTabsApi@CPluginW2800@@UAE_NH@Z@4UWindowInfo@@A 100370d0     ConEmuPlugin2800.obj
 0003:00001100       ?ghSyncDlg@@3PAXA          10037100     ConEmuPlugin995.obj
 0003:00001108       ?store@?M@??GetPanelInfo@CPluginW995@@UAE_NKPAUCEPanelInfo@@@Z@4UPanelInfo@@A 10037108     ConEmuPlugin995.obj
 0003:0000114c       ?szMenu@?1??GetPluginInfoPtr@CPluginW995@@UAEXPAX@Z@4PAPA_WA 1003714c     ConEmuPlugin995.obj
 0003:00001150       ?szMenu1@?1??GetPluginInfoPtr@CPluginW995@@UAEXPAX@Z@4PA_WA 10037150     ConEmuPlugin995.obj
 0003:00001358       ?store@?M@??GetPanelInfo@CPluginAnsi@@UAE_NKPAUCEPanelInfo@@@Z@4UPanelInfo@@A 10037358     ConEmuPluginA.obj
 0003:00001548       ?szMenu@?1??GetPluginInfoPtr@CPluginAnsi@@UAEXPAX@Z@4PAPADA 10037548     ConEmuPluginA.obj
 0003:00001550       ?szMenu1@?1??GetPluginInfoPtr@CPluginAnsi@@UAEXPAX@Z@4PADA 10037550     ConEmuPluginA.obj
 0003:00002830       ?gbTryOpenMapHeader@@3HA   10038830     ConEmuPluginBase.obj
 0003:00002834       ?gbStartupHooksAfterMap@@3HA 10038834     ConEmuPluginBase.obj
 0003:00002838       ?siEnabled@?1??CheckBufferEnabled@CPluginBase@@QAE_NXZ@4HA 10038838     ConEmuPluginBase.obj
 0003:0000283c       ?dwLastTickCount@?7??CheckResources@CPluginBase@@QAEX_N@Z@4KA 1003883c     ConEmuPluginBase.obj
 0003:00002840       ?$TSS0@?7??CheckResources@CPluginBase@@QAEX_N@Z@4HA 10038840     ConEmuPluginBase.obj
 0003:00002844       ?dwLastTickCount@?9??OnConsolePeekReadInput@CPluginBase@@SAX_N@Z@4KA 10038844     ConEmuPluginBase.obj
 0003:00002a8c       ?gHeapInit@@3U?$atomic@H@std@@A 10038a8c     common-kernel32:Memory.obj
 0003:00002a90       ?gHeapCounter@@3U?$atomic@H@std@@A 10038a90     common-kernel32:Memory.obj
 0003:00002aa8       ?szFile@?1??ModuleName@@YAPB_WPB_W@Z@4PA_WA 10038aa8     common-kernel32:ConEmuCheck.obj
 0003:00002aec       ?gh_UnknownTerminatedThread@@3PAXA 10038aec     common-kernel32:WThreads.obj
 0003:00002af0       ?g_Threads@@3PAUConEmuThreadInfo@@A 10038af0     common-kernel32:WThreads.obj
 0003:0000a2f4       ?szNil@?1??GetCommand@CESERVER_REQ_NEWCMD@@QAEPA_WXZ@4PA_WA 100402f4     common-kernel32:Common.obj
 0003:0000a300       ?rtlVerifyVersionInfo@?1??_VerifyVersionInfo@@YA_NPAU_OSVERSIONINFOEXW@@K_K@Z@4P6GH0K1@ZA 10040300     common-kernel32:WObjects.obj
 0003:0000a304       ?hasRtl@?1??_VerifyVersionInfo@@YA_NPAU_OSVERSIONINFOEXW@@K_K@Z@4HA 10040304     common-kernel32:WObjects.obj
 0003:0000a308       ?ibIsWin6@?1??IsWin6@@YA_NXZ@4HA 10040308     common-kernel32:WObjects.obj
 0003:0000a30c       ?is64bitOs@?1??IsWindows64@@YA_NXZ@4_NA 1004030c     common-kernel32:WObjects.obj
 0003:0000a30d       ?isOsChecked@?1??IsWindows64@@YA_NXZ@4_NA 1004030d     common-kernel32:WObjects.obj
 0003:0000a314       ?TerminalMode@?1??isTerminalMode@@YA_NXZ@4_NA 10040314     common-kernel32:MProcess.obj
 0003:0000a315       ?TerminalChecked@?1??isTerminalMode@@YA_NXZ@4_NA 10040315     common-kernel32:MProcess.obj
 0003:0000a316       ?bSysInfoRetrieved@?1??IsModuleValid@@YA_NPAUHINSTANCE__@@H@Z@4_NA 10040316     common-kernel32:WModuleCheck.obj
 0003:0000a318       ?si@?1??IsModuleValid@@YA_NPAUHINSTANCE__@@H@Z@4U_SYSTEM_INFO@@A 10040318     common-kernel32:WModuleCheck.obj
 0003:0000a348       ?_Tss_mutex@@3U_RTL_CRITICAL_SECTION@@A 10040348     LIBCMT:thread_safe_statics.obj
 0003:0000a360       ?_Tss_cv@@3U_RTL_CONDITION_VARIABLE@@A 10040360     LIBCMT:thread_safe_statics.obj
 0003:0000a364       ?_Tss_event@@3PAXA         10040364     LIBCMT:thread_safe_statics.obj
 0003:0000a368       ?encoded_sleep_condition_variable_cs@@3P6GHPAU_RTL_CONDITION_VARIABLE@@PAU_RTL_CRITICAL_SECTION@@K@ZA 10040368     LIBCMT:thread_safe_statics.obj
 0003:0000a36c       ?encoded_wake_all_condition_variable@@3P6GXPAU_RTL_CONDITION_VARIABLE@@@ZA 1004036c     LIBCMT:thread_safe_statics.obj
 0003:0000a370       ?__proc_attached@@3HA      10040370     LIBCMT:dll_dllmain.obj
 0003:0000a37c       ?is_initialized_as_dll@@3_NA 1004037c     LIBCMT:utility.obj
 0003:0000a37d       ?module_local_atexit_table_initialized@@3_NA 1004037d     LIBCMT:utility.obj
 0003:0000a380       ?module_local_atexit_table@@3U_onexit_table_t@@A 10040380     LIBCMT:utility.obj
 0003:0000a38c       ?module_local_at_quick_exit_table@@3U_onexit_table_t@@A 1004038c     LIBCMT:utility.obj
 0003:0000a398       _GS_ExceptionRecord        10040398     LIBCMT:gs_report.obj
 0003:0000a3e8       _GS_ContextRecord          100403e8     LIBCMT:gs_report.obj
 0003:0000a6d4       ?__vcrt_startup_thread_ptd@@3U__vcrt_ptd@@A 100406d4     libvcruntime:per_thread_data.obj
 0003:0000a700       ___vcrt_lock_table         10040700     libvcruntime:locks.obj
 0003:0000a718       ___vcrt_locks_initialized  10040718     libvcruntime:locks.obj
 0003:0000a71c       ?module_handles@@3PAPAUHINSTANCE__@@A 1004071c     libvcruntime:winapi_downlevel.obj
 0003:0000a728       ?encoded_function_pointers@@3PAPAXA 10040728     libvcruntime:winapi_downlevel.obj
 0003:0000a764       ?heap@@3V_HeapManager@@A   10040764     libvcruntime:undname.obj
 0003:0000a778       ___acrt_invalid_parameter_handler 10040778     libucrt:invalid_parameter.obj
 0003:0000a77c       _c_termination_complete    1004077c     libucrt:exit.obj
 0003:0000a780       _thread_local_exit_callback_func 10040780     libucrt:exit.obj
 0003:0000a784       ?c_exit_complete@?5??common_exit@@YAXHW4_crt_exit_cleanup_mode@@W4_crt_exit_return_mode@@@Z@4_NA 10040784     libucrt:exit.obj
 0003:0000a788       ?program_name@?5???$common_configure_argv@D@@YAHW4_crt_argv_mode@@@Z@4PADA 10040788     libucrt:argv_parsing.obj
 0003:0000a8c0       _enable_percent_n          100408c0     libucrt:printf_count_output.obj
 0003:0000aae0       ___acrt_lock_table         10040ae0     libucrt:locks.obj
 0003:0000ac18       ___acrt_locks_initialized  10040c18     libucrt:locks.obj
 0003:0000ac20       _module_handles            10040c20     libucrt:winapi_thunks.obj
 0003:0000ac70       _encoded_function_pointers 10040c70     libucrt:winapi_thunks.obj
 0003:0000acf0       ?state_cache@?1??__acrt_is_packaged_app@@9@4JA 10040cf0     libucrt:winapi_thunks.obj
 0003:0000ad0c       _fSystemSet                10040d0c     libucrt:mbctype.obj
 0003:0000ad10       ?initialized@?1??__acrt_initialize_multibyte@@9@4_NA 10040d10     libucrt:mbctype.obj
 0003:0000ad30       ___acrt_new_handler        10040d30     libucrt:new_handler.obj
 0003:0000ad34       _ctrlc_action              10040d34     libucrt:signal.obj
 0003:0000ad38       _ctrlbreak_action          10040d38     libucrt:signal.obj
 0003:0000ad3c       _abort_action              10040d3c     libucrt:signal.obj
 0003:0000ad40       _term_action               10040d40     libucrt:signal.obj
 0003:0000ad44       _user_matherr              10040d44     libucrt:matherr.obj
 0003:0000ad48       ___acrt_global_new_mode    10040d48     libucrt:new_mode.obj
 0003:0000ad54       ___acrt_app_type           10040d54     libucrt:report_runtime_error.obj
 0003:0000ad5c       __pmatherr_set             10040d5c     libucrt:libm_error.obj
 0003:0000adb4       ?gbPauseConsoleWasRequested@@3_NA 10040db4     common-kernel32:WConsole.obj
 0003:0000adb8       ?GetCurrentConsoleFontEx@?1??apiGetCurrentConsoleFontEx@@YAHPAXHPAUMY_CONSOLE_FONT_INFOEX@@@Z@4P6GH0H1@ZA 10040db8     common-kernel32:WConsole.obj
 0003:0000adbc       ?bFuncChecked@?1??apiGetCurrentConsoleFontEx@@YAHPAXHPAUMY_CONSOLE_FONT_INFOEX@@@Z@4_NA 10040dbc     common-kernel32:WConsole.obj
 0003:0000adc0       ?SetCurrentConsoleFontEx@?1??apiSetCurrentConsoleFontEx@@YAHPAXHPAUMY_CONSOLE_FONT_INFOEX@@@Z@4P6GH0H1@ZA 10040dc0     common-kernel32:WConsole.obj
 0003:0000adc4       ?bFuncChecked@?1??apiSetCurrentConsoleFontEx@@YAHPAXHPAUMY_CONSOLE_FONT_INFOEX@@@Z@4_NA 10040dc4     common-kernel32:WConsole.obj
 0004:000000a0       $R000000                   100410a0     ConEmu.res
 0004:000003a8       $R000308                   100413a8     ConEmu.res
